Archive member included because of file (symbol)

C:\Users\Kosala.Perera\AppData\Local\Temp\VMBuilds\LCD_JDI_LCD_LPM013M126C\adafruit_adafruit_metro_m0\Debug/core.a(cortex_handlers.c.o)
                              (Reset_Handler)
C:\Users\Kosala.Perera\AppData\Local\Temp\VMBuilds\LCD_JDI_LCD_LPM013M126C\adafruit_adafruit_metro_m0\Debug/core.a(delay.c.o)
                              C:\Users\Kosala.Perera\AppData\Local\Temp\VMBuilds\LCD_JDI_LCD_LPM013M126C\adafruit_adafruit_metro_m0\Debug\LCD_JDI_LCD_LPM013M126C.cpp.o (delay)
C:\Users\Kosala.Perera\AppData\Local\Temp\VMBuilds\LCD_JDI_LCD_LPM013M126C\adafruit_adafruit_metro_m0\Debug/core.a(hooks.c.o)
                              C:\Users\Kosala.Perera\AppData\Local\Temp\VMBuilds\LCD_JDI_LCD_LPM013M126C\adafruit_adafruit_metro_m0\Debug/core.a(delay.c.o) (yield)
C:\Users\Kosala.Perera\AppData\Local\Temp\VMBuilds\LCD_JDI_LCD_LPM013M126C\adafruit_adafruit_metro_m0\Debug/core.a(startup.c.o)
                              C:\Users\Kosala.Perera\AppData\Local\Temp\VMBuilds\LCD_JDI_LCD_LPM013M126C\adafruit_adafruit_metro_m0\Debug/core.a(cortex_handlers.c.o) (SystemInit)
C:\Users\Kosala.Perera\AppData\Local\Temp\VMBuilds\LCD_JDI_LCD_LPM013M126C\adafruit_adafruit_metro_m0\Debug/core.a(wiring.c.o)
                              C:\Users\Kosala.Perera\AppData\Local\Temp\VMBuilds\LCD_JDI_LCD_LPM013M126C\adafruit_adafruit_metro_m0\Debug/core.a(startup.c.o) (SystemCoreClock)
C:\Users\Kosala.Perera\AppData\Local\Temp\VMBuilds\LCD_JDI_LCD_LPM013M126C\adafruit_adafruit_metro_m0\Debug/core.a(wiring_analog.c.o)
                              C:\Users\Kosala.Perera\AppData\Local\Temp\VMBuilds\LCD_JDI_LCD_LPM013M126C\adafruit_adafruit_metro_m0\Debug/core.a(wiring.c.o) (analogReference)
C:\Users\Kosala.Perera\AppData\Local\Temp\VMBuilds\LCD_JDI_LCD_LPM013M126C\adafruit_adafruit_metro_m0\Debug/core.a(wiring_digital.c.o)
                              C:\Users\Kosala.Perera\AppData\Local\Temp\VMBuilds\LCD_JDI_LCD_LPM013M126C\adafruit_adafruit_metro_m0\Debug\LCD_JDI_176\LCD_JDI_176.cpp.o (pinMode)
C:\Users\Kosala.Perera\AppData\Local\Temp\VMBuilds\LCD_JDI_LCD_LPM013M126C\adafruit_adafruit_metro_m0\Debug/core.a(wiring_private.c.o)
                              C:\Users\Kosala.Perera\AppData\Local\Temp\VMBuilds\LCD_JDI_LCD_LPM013M126C\adafruit_adafruit_metro_m0\Debug\SPI\SPI.cpp.o (pinPeripheral)
C:\Users\Kosala.Perera\AppData\Local\Temp\VMBuilds\LCD_JDI_LCD_LPM013M126C\adafruit_adafruit_metro_m0\Debug/core.a(abi.cpp.o)
                              C:\Users\Kosala.Perera\AppData\Local\Temp\VMBuilds\LCD_JDI_LCD_LPM013M126C\adafruit_adafruit_metro_m0\Debug\Adafruit_GFX\Adafruit_GFX.cpp.o (__cxa_pure_virtual)
C:\Users\Kosala.Perera\AppData\Local\Temp\VMBuilds\LCD_JDI_LCD_LPM013M126C\adafruit_adafruit_metro_m0\Debug/core.a(main.cpp.o)
                              c:/users/kosala.perera/appdata/local/arduino15/packages/arduino/tools/arm-none-eabi-gcc/4.8.3-2014q1/bin/../lib/gcc/arm-none-eabi/4.8.3/../../../../arm-none-eabi/lib/armv6-m/crt0.o (main)
C:\Users\Kosala.Perera\AppData\Local\Temp\VMBuilds\LCD_JDI_LCD_LPM013M126C\adafruit_adafruit_metro_m0\Debug/core.a(Print.cpp.o)
                              C:\Users\Kosala.Perera\AppData\Local\Temp\VMBuilds\LCD_JDI_LCD_LPM013M126C\adafruit_adafruit_metro_m0\Debug\Adafruit_GFX\Adafruit_GFX.cpp.o (Print::write(unsigned char const*, unsigned int))
C:\Users\Kosala.Perera\AppData\Local\Temp\VMBuilds\LCD_JDI_LCD_LPM013M126C\adafruit_adafruit_metro_m0\Debug/core.a(Reset.cpp.o)
                              C:\Users\Kosala.Perera\AppData\Local\Temp\VMBuilds\LCD_JDI_LCD_LPM013M126C\adafruit_adafruit_metro_m0\Debug/core.a(delay.c.o) (tickReset)
C:\Users\Kosala.Perera\AppData\Local\Temp\VMBuilds\LCD_JDI_LCD_LPM013M126C\adafruit_adafruit_metro_m0\Debug/core.a(SERCOM.cpp.o)
                              C:\Users\Kosala.Perera\AppData\Local\Temp\VMBuilds\LCD_JDI_LCD_LPM013M126C\adafruit_adafruit_metro_m0\Debug\variant\variant.cpp.o (SERCOM::SERCOM(Sercom*))
C:\Users\Kosala.Perera\AppData\Local\Temp\VMBuilds\LCD_JDI_LCD_LPM013M126C\adafruit_adafruit_metro_m0\Debug/core.a(Uart.cpp.o)
                              C:\Users\Kosala.Perera\AppData\Local\Temp\VMBuilds\LCD_JDI_LCD_LPM013M126C\adafruit_adafruit_metro_m0\Debug\variant\variant.cpp.o (Uart::Uart(SERCOM*, unsigned char, unsigned char, SercomRXPad, SercomUartTXPad))
C:\Users\Kosala.Perera\AppData\Local\Temp\VMBuilds\LCD_JDI_LCD_LPM013M126C\adafruit_adafruit_metro_m0\Debug/core.a(USBCore.cpp.o)
                              C:\Users\Kosala.Perera\AppData\Local\Temp\VMBuilds\LCD_JDI_LCD_LPM013M126C\adafruit_adafruit_metro_m0\Debug/core.a(main.cpp.o) (USBDeviceClass::init())
C:\Users\Kosala.Perera\AppData\Local\Temp\VMBuilds\LCD_JDI_LCD_LPM013M126C\adafruit_adafruit_metro_m0\Debug/core.a(new.cpp.o)
[...]
Memory Configuration

Name             Origin             Length             Attributes
FLASH            0x00002000         0x0003e000         xr
RAM              0x20000000         0x00008000         xrw
*default*        0x00000000         0xffffffff

Linker script and memory map

LOAD c:/users/kosala.perera/appdata/local/arduino15/packages/arduino/tools/arm-none-eabi-gcc/4.8.3-2014q1/bin/../lib/gcc/arm-none-eabi/4.8.3/armv6-m/crti.o
LOAD c:/users/kosala.perera/appdata/local/arduino15/packages/arduino/tools/arm-none-eabi-gcc/4.8.3-2014q1/bin/../lib/gcc/arm-none-eabi/4.8.3/armv6-m/crtbegin.o
LOAD c:/users/kosala.perera/appdata/local/arduino15/packages/arduino/tools/arm-none-eabi-gcc/4.8.3-2014q1/bin/../lib/gcc/arm-none-eabi/4.8.3/../../../../arm-none-eabi/lib/armv6-m/crt0.o
LOAD C:\Users\Kosala.Perera\AppData\Local\Temp\VMBuilds\LCD_JDI_LCD_LPM013M126C\adafruit_adafruit_metro_m0\Debug\LCD_JDI_LCD_LPM013M126C.cpp.o
LOAD C:\Users\Kosala.Perera\AppData\Local\Temp\VMBuilds\LCD_JDI_LCD_LPM013M126C\adafruit_adafruit_metro_m0\Debug\Adafruit_GFX\glcdfont.c.o
LOAD C:\Users\Kosala.Perera\AppData\Local\Temp\VMBuilds\LCD_JDI_LCD_LPM013M126C\adafruit_adafruit_metro_m0\Debug\Adafruit_GFX\Adafruit_GFX.cpp.o
LOAD C:\Users\Kosala.Perera\AppData\Local\Temp\VMBuilds\LCD_JDI_LCD_LPM013M126C\adafruit_adafruit_metro_m0\Debug\LCD_JDI_176\LCD_JDI_176.cpp.o
LOAD C:\Users\Kosala.Perera\AppData\Local\Temp\VMBuilds\LCD_JDI_LCD_LPM013M126C\adafruit_adafruit_metro_m0\Debug\SPI\SPI.cpp.o
LOAD C:\Users\Kosala.Perera\AppData\Local\Temp\VMBuilds\LCD_JDI_LCD_LPM013M126C\adafruit_adafruit_metro_m0\Debug\variant\variant.cpp.o
START GROUP
LOAD C:\Users\Kosala.Perera\AppData\Local\arduino15\packages\arduino\tools\CMSIS\4.5.0/CMSIS/Lib/GCC/\libarm_cortexM0l_math.a
LOAD c:/users/kosala.perera/appdata/local/arduino15/packages/arduino/tools/arm-none-eabi-gcc/4.8.3-2014q1/bin/../lib/gcc/arm-none-eabi/4.8.3/../../../../arm-none-eabi/lib/armv6-m\libm.a
LOAD C:\Users\Kosala.Perera\AppData\Local\Temp\VMBuilds\LCD_JDI_LCD_LPM013M126C\adafruit_adafruit_metro_m0\Debug/core.a
END GROUP
START GROUP
LOAD c:/users/kosala.perera/appdata/local/arduino15/packages/arduino/tools/arm-none-eabi-gcc/4.8.3-2014q1/bin/../lib/gcc/arm-none-eabi/4.8.3/armv6-m\libgcc.a
LOAD c:/users/kosala.perera/appdata/local/arduino15/packages/arduino/tools/arm-none-eabi-gcc/4.8.3-2014q1/bin/../lib/gcc/arm-none-eabi/4.8.3/../../../../arm-none-eabi/lib/armv6-m\libc_s.a
END GROUP
START GROUP
LOAD c:/users/kosala.perera/appdata/local/arduino15/packages/arduino/tools/arm-none-eabi-gcc/4.8.3-2014q1/bin/../lib/gcc/arm-none-eabi/4.8.3/armv6-m\libgcc.a
LOAD c:/users/kosala.perera/appdata/local/arduino15/packages/arduino/tools/arm-none-eabi-gcc/4.8.3-2014q1/bin/../lib/gcc/arm-none-eabi/4.8.3/../../../../arm-none-eabi/lib/armv6-m\libc_s.a
LOAD c:/users/kosala.perera/appdata/local/arduino15/packages/arduino/tools/arm-none-eabi-gcc/4.8.3-2014q1/bin/../lib/gcc/arm-none-eabi/4.8.3/../../../../arm-none-eabi/lib/armv6-m\libnosys.a
END GROUP
START GROUP
LOAD c:/users/kosala.perera/appdata/local/arduino15/packages/arduino/tools/arm-none-eabi-gcc/4.8.3-2014q1/bin/../lib/gcc/arm-none-eabi/4.8.3/armv6-m\libgcc.a
LOAD c:/users/kosala.perera/appdata/local/arduino15/packages/arduino/tools/arm-none-eabi-gcc/4.8.3-2014q1/bin/../lib/gcc/arm-none-eabi/4.8.3/../../../../arm-none-eabi/lib/armv6-m\libc_s.a
LOAD c:/users/kosala.perera/appdata/local/arduino15/packages/arduino/tools/arm-none-eabi-gcc/4.8.3-2014q1/bin/../lib/gcc/arm-none-eabi/4.8.3/../../../../arm-none-eabi/lib/armv6-m\libnosys.a
END GROUP
LOAD c:/users/kosala.perera/appdata/local/arduino15/packages/arduino/tools/arm-none-eabi-gcc/4.8.3-2014q1/bin/../lib/gcc/arm-none-eabi/4.8.3/armv6-m/crtend.o
LOAD c:/users/kosala.perera/appdata/local/arduino15/packages/arduino/tools/arm-none-eabi-gcc/4.8.3-2014q1/bin/../lib/gcc/arm-none-eabi/4.8.3/armv6-m/crtn.o

.text           0x00002000     0x3b58
                0x00002000                __text_start__ = .
 *(.isr_vector)
 .isr_vector    0x00002000       0xb4 C:\Users\Kosala.Perera\AppData\Local\Temp\VMBuilds\LCD_JDI_LCD_LPM013M126C\adafruit_adafruit_metro_m0\Debug/core.a(cortex_handlers.c.o)
                0x00002000                exception_table
 *(.text*)
 .text          0x000020b4       0x60 c:/users/kosala.perera/appdata/local/arduino15/packages/arduino/tools/arm-none-eabi-gcc/4.8.3-2014q1/bin/../lib/gcc/arm-none-eabi/4.8.3/armv6-m/crtbegin.o
 .text.setup    0x00002114       0x10 C:\Users\Kosala.Perera\AppData\Local\Temp\VMBuilds\LCD_JDI_LCD_LPM013M126C\adafruit_adafruit_metro_m0\Debug\LCD_JDI_LCD_LPM013M126C.cpp.o
                0x00002114                setup
 .text._Z8drawTextPcS_h
                0x00002124       0x6c C:\Users\Kosala.Perera\AppData\Local\Temp\VMBuilds\LCD_JDI_LCD_LPM013M126C\adafruit_adafruit_metro_m0\Debug\LCD_JDI_LCD_LPM013M126C.cpp.o
                0x00002124                drawText(char*, char*, unsigned char)
 .text.startup._GLOBAL__sub_I_display
                0x00002190       0x2c C:\Users\Kosala.Perera\AppData\Local\Temp\VMBuilds\LCD_JDI_LCD_LPM013M126C\adafruit_adafruit_metro_m0\Debug\LCD_JDI_LCD_LPM013M126C.cpp.o
 .text._Z14drawEightColorv
                0x000021bc       0x78 C:\Users\Kosala.Perera\AppData\Local\Temp\VMBuilds\LCD_JDI_LCD_LPM013M126C\adafruit_adafruit_metro_m0\Debug\LCD_JDI_LCD_LPM013M126C.cpp.o
                0x000021bc                drawEightColor()
 .text._Z11drawRainManv
                0x00002234      0x17c C:\Users\Kosala.Perera\AppData\Local\Temp\VMBuilds\LCD_JDI_LCD_LPM013M126C\adafruit_adafruit_metro_m0\Debug\LCD_JDI_LCD_LPM013M126C.cpp.o
                0x00002234                drawRainMan()
 .text.loop     0x000023b0       0x74 C:\Users\Kosala.Perera\AppData\Local\Temp\VMBuilds\LCD_JDI_LCD_LPM013M126C\adafruit_adafruit_metro_m0\Debug\LCD_JDI_LCD_LPM013M126C.cpp.o
                0x000023b0                loop
 .text._ZN12Adafruit_GFX9writeLineEsssst
                0x00002424       0xd4 C:\Users\Kosala.Perera\AppData\Local\Temp\VMBuilds\LCD_JDI_LCD_LPM013M126C\adafruit_adafruit_metro_m0\Debug\Adafruit_GFX\Adafruit_GFX.cpp.o
                0x00002424                Adafruit_GFX::writeLine(short, short, short, short, unsigned short)
 .text._ZN12Adafruit_GFX10startWriteEv
                0x000024f8        0x2 C:\Users\Kosala.Perera\AppData\Local\Temp\VMBuilds\LCD_JDI_LCD_LPM013M126C\adafruit_adafruit_metro_m0\Debug\Adafruit_GFX\Adafruit_GFX.cpp.o
                0x000024f8                Adafruit_GFX::startWrite()
 .text._ZN12Adafruit_GFX10writePixelEsst
                0x000024fa        0xa C:\Users\Kosala.Perera\AppData\Local\Temp\VMBuilds\LCD_JDI_LCD_LPM013M126C\adafruit_adafruit_metro_m0\Debug\Adafruit_GFX\Adafruit_GFX.cpp.o
                0x000024fa                Adafruit_GFX::writePixel(short, short, unsigned short)
 .text._ZN12Adafruit_GFX14writeFastVLineEssst
                0x00002504       0x10 C:\Users\Kosala.Perera\AppData\Local\Temp\VMBuilds\LCD_JDI_LCD_LPM013M126C\adafruit_adafruit_metro_m0\Debug\Adafruit_GFX\Adafruit_GFX.cpp.o
                0x00002504                Adafruit_GFX::writeFastVLine(short, short, short, unsigned short)
 .text._ZN12Adafruit_GFX14writeFastHLineEssst
                0x00002514       0x10 C:\Users\Kosala.Perera\AppData\Local\Temp\VMBuilds\LCD_JDI_LCD_LPM013M126C\adafruit_adafruit_metro_m0\Debug\Adafruit_GFX\Adafruit_GFX.cpp.o
                0x00002514                Adafruit_GFX::writeFastHLine(short, short, short, unsigned short)
 .text._ZN12Adafruit_GFX13writeFillRectEsssst
                0x00002524       0x18 C:\Users\Kosala.Perera\AppData\Local\Temp\VMBuilds\LCD_JDI_LCD_LPM013M126C\adafruit_adafruit_metro_m0\Debug\Adafruit_GFX\Adafruit_GFX.cpp.o
                0x00002524                Adafruit_GFX::writeFillRect(short, short, short, short, unsigned short)
 .text._ZN12Adafruit_GFX8endWriteEv
                0x0000253c        0x2 C:\Users\Kosala.Perera\AppData\Local\Temp\VMBuilds\LCD_JDI_LCD_LPM013M126C\adafruit_adafruit_metro_m0\Debug\Adafruit_GFX\Adafruit_GFX.cpp.o
                0x0000253c                Adafruit_GFX::endWrite()
 .text._ZN12Adafruit_GFX13drawFastVLineEssst
                0x0000253e       0x3e C:\Users\Kosala.Perera\AppData\Local\Temp\VMBuilds\LCD_JDI_LCD_LPM013M126C\adafruit_adafruit_metro_m0\Debug\Adafruit_GFX\Adafruit_GFX.cpp.o
                0x0000253e                Adafruit_GFX::drawFastVLine(short, short, short, unsigned short)
 .text._ZN12Adafruit_GFX13drawFastHLineEssst
                0x0000257c       0x3c C:\Users\Kosala.Perera\AppData\Local\Temp\VMBuilds\LCD_JDI_LCD_LPM013M126C\adafruit_adafruit_metro_m0\Debug\Adafruit_GFX\Adafruit_GFX.cpp.o
                0x0000257c                Adafruit_GFX::drawFastHLine(short, short, short, unsigned short)
 .text._ZN12Adafruit_GFX8fillRectEsssst
                0x000025b8       0x4e C:\Users\Kosala.Perera\AppData\Local\Temp\VMBuilds\LCD_JDI_LCD_LPM013M126C\adafruit_adafruit_metro_m0\Debug\Adafruit_GFX\Adafruit_GFX.cpp.o
                0x000025b8                Adafruit_GFX::fillRect(short, short, short, short, unsigned short)
 .text._ZN12Adafruit_GFX10fillScreenEt
                0x00002606       0x1a C:\Users\Kosala.Perera\AppData\Local\Temp\VMBuilds\LCD_JDI_LCD_LPM013M126C\adafruit_adafruit_metro_m0\Debug\Adafruit_GFX\Adafruit_GFX.cpp.o
                0x00002606                Adafruit_GFX::fillScreen(unsigned short)
 .text._ZN12Adafruit_GFX8drawLineEsssst
                0x00002620       0x84 C:\Users\Kosala.Perera\AppData\Local\Temp\VMBuilds\LCD_JDI_LCD_LPM013M126C\adafruit_adafruit_metro_m0\Debug\Adafruit_GFX\Adafruit_GFX.cpp.o
                0x00002620                Adafruit_GFX::drawLine(short, short, short, short, unsigned short)
 .text._ZN12Adafruit_GFX8drawRectEsssst
                0x000026a4       0x84 C:\Users\Kosala.Perera\AppData\Local\Temp\VMBuilds\LCD_JDI_LCD_LPM013M126C\adafruit_adafruit_metro_m0\Debug\Adafruit_GFX\Adafruit_GFX.cpp.o
                0x000026a4                Adafruit_GFX::drawRect(short, short, short, short, unsigned short)
 .text._ZN12Adafruit_GFX13invertDisplayEb
                0x00002728        0x2 C:\Users\Kosala.Perera\AppData\Local\Temp\VMBuilds\LCD_JDI_LCD_LPM013M126C\adafruit_adafruit_metro_m0\Debug\Adafruit_GFX\Adafruit_GFX.cpp.o
                0x00002728                Adafruit_GFX::invertDisplay(bool)
 .text._ZN12Adafruit_GFX11setRotationEh
                0x0000272a       0x1e C:\Users\Kosala.Perera\AppData\Local\Temp\VMBuilds\LCD_JDI_LCD_LPM013M126C\adafruit_adafruit_metro_m0\Debug\Adafruit_GFX\Adafruit_GFX.cpp.o
                0x0000272a                Adafruit_GFX::setRotation(unsigned char)
 .text._ZN12Adafruit_GFXC2Ess
                0x00002748       0x30 C:\Users\Kosala.Perera\AppData\Local\Temp\VMBuilds\LCD_JDI_LCD_LPM013M126C\adafruit_adafruit_metro_m0\Debug\Adafruit_GFX\Adafruit_GFX.cpp.o
                0x00002748                Adafruit_GFX::Adafruit_GFX(short, short)
                0x00002748                Adafruit_GFX::Adafruit_GFX(short, short)
 .text._ZN12Adafruit_GFX16fillCircleHelperEssshst
                0x00002778      0x14c C:\Users\Kosala.Perera\AppData\Local\Temp\VMBuilds\LCD_JDI_LCD_LPM013M126C\adafruit_adafruit_metro_m0\Debug\Adafruit_GFX\Adafruit_GFX.cpp.o
                0x00002778                Adafruit_GFX::fillCircleHelper(short, short, short, unsigned char, short, unsigned short)
 .text._ZN12Adafruit_GFX10fillCircleEssst
                0x000028c4       0x58 C:\Users\Kosala.Perera\AppData\Local\Temp\VMBuilds\LCD_JDI_LCD_LPM013M126C\adafruit_adafruit_metro_m0\Debug\Adafruit_GFX\Adafruit_GFX.cpp.o
                0x000028c4                Adafruit_GFX::fillCircle(short, short, short, unsigned short)
 .text._ZN12Adafruit_GFX8drawCharEsshtth
                0x0000291c      0x2a4 C:\Users\Kosala.Perera\AppData\Local\Temp\VMBuilds\LCD_JDI_LCD_LPM013M126C\adafruit_adafruit_metro_m0\Debug\Adafruit_GFX\Adafruit_GFX.cpp.o
                0x0000291c                Adafruit_GFX::drawChar(short, short, unsigned char, unsigned short, unsigned short, unsigned char)
 .text._ZN12Adafruit_GFX5writeEh
                0x00002bc0       0xf6 C:\Users\Kosala.Perera\AppData\Local\Temp\VMBuilds\LCD_JDI_LCD_LPM013M126C\adafruit_adafruit_metro_m0\Debug\Adafruit_GFX\Adafruit_GFX.cpp.o
                0x00002bc0                Adafruit_GFX::write(unsigned char)
 .text._ZN12Adafruit_GFX9setCursorEss
                0x00002cb6        0x6 C:\Users\Kosala.Perera\AppData\Local\Temp\VMBuilds\LCD_JDI_LCD_LPM013M126C\adafruit_adafruit_metro_m0\Debug\Adafruit_GFX\Adafruit_GFX.cpp.o
                0x00002cb6                Adafruit_GFX::setCursor(short, short)
 .text._ZN12Adafruit_GFX11setTextSizeEh
                0x00002cbc        0xa C:\Users\Kosala.Perera\AppData\Local\Temp\VMBuilds\LCD_JDI_LCD_LPM013M126C\adafruit_adafruit_metro_m0\Debug\Adafruit_GFX\Adafruit_GFX.cpp.o
                0x00002cbc                Adafruit_GFX::setTextSize(unsigned char)
 .text._ZN12Adafruit_GFX12setTextColorEt
                0x00002cc6        0x6 C:\Users\Kosala.Perera\AppData\Local\Temp\VMBuilds\LCD_JDI_LCD_LPM013M126C\adafruit_adafruit_metro_m0\Debug\Adafruit_GFX\Adafruit_GFX.cpp.o
                0x00002cc6                Adafruit_GFX::setTextColor(unsigned short)
 .text._ZN7LCD_JDI9drawPixelEsst
                0x00002ccc       0x4c C:\Users\Kosala.Perera\AppData\Local\Temp\VMBuilds\LCD_JDI_LCD_LPM013M126C\adafruit_adafruit_metro_m0\Debug\LCD_JDI_176\LCD_JDI_176.cpp.o
                0x00002ccc                LCD_JDI::drawPixel(short, short, unsigned short)
 .text._ZN7LCD_JDI13invertDisplayEb
                0x00002d18       0x44 C:\Users\Kosala.Perera\AppData\Local\Temp\VMBuilds\LCD_JDI_LCD_LPM013M126C\adafruit_adafruit_metro_m0\Debug\LCD_JDI_176\LCD_JDI_176.cpp.o
                0x00002d18                LCD_JDI::invertDisplay(bool)
 .text._ZN7LCD_JDIC2Ehtt
                0x00002d5c       0x20 C:\Users\Kosala.Perera\AppData\Local\Temp\VMBuilds\LCD_JDI_LCD_LPM013M126C\adafruit_adafruit_metro_m0\Debug\LCD_JDI_176\LCD_JDI_176.cpp.o
                0x00002d5c                LCD_JDI::LCD_JDI(unsigned char, unsigned short, unsigned short)
                0x00002d5c                LCD_JDI::LCD_JDI(unsigned char, unsigned short, unsigned short)
 .text._ZN7LCD_JDI5beginEv
                0x00002d7c       0x5c C:\Users\Kosala.Perera\AppData\Local\Temp\VMBuilds\LCD_JDI_LCD_LPM013M126C\adafruit_adafruit_metro_m0\Debug\LCD_JDI_176\LCD_JDI_176.cpp.o
                0x00002d7c                LCD_JDI::begin()
 .text._ZN7LCD_JDI15sendLineCommandEPci
                0x00002dd8       0x94 C:\Users\Kosala.Perera\AppData\Local\Temp\VMBuilds\LCD_JDI_LCD_LPM013M126C\adafruit_adafruit_metro_m0\Debug\LCD_JDI_176\LCD_JDI_176.cpp.o
                0x00002dd8                LCD_JDI::sendLineCommand(char*, int)
 .text._ZN7LCD_JDI7refreshEv
                0x00002e6c       0x60 C:\Users\Kosala.Perera\AppData\Local\Temp\VMBuilds\LCD_JDI_LCD_LPM013M126C\adafruit_adafruit_metro_m0\Debug\LCD_JDI_176\LCD_JDI_176.cpp.o
                0x00002e6c                LCD_JDI::refresh()
 .text._ZN8SPIClass4initEv
                0x00002ecc       0x12 C:\Users\Kosala.Perera\AppData\Local\Temp\VMBuilds\LCD_JDI_LCD_LPM013M126C\adafruit_adafruit_metro_m0\Debug\SPI\SPI.cpp.o
                0x00002ecc                SPIClass::init()
 .text._ZN8SPIClass6configE11SPISettings
                0x00002ede       0x36 C:\Users\Kosala.Perera\AppData\Local\Temp\VMBuilds\LCD_JDI_LCD_LPM013M126C\adafruit_adafruit_metro_m0\Debug\SPI\SPI.cpp.o
                0x00002ede                SPIClass::config(SPISettings)
 .text._ZN8SPIClass5beginEv
                0x00002f14       0x50 C:\Users\Kosala.Perera\AppData\Local\Temp\VMBuilds\LCD_JDI_LCD_LPM013M126C\adafruit_adafruit_metro_m0\Debug\SPI\SPI.cpp.o
                0x00002f14                SPIClass::begin()
 .text._ZN8SPIClass8transferEh
                0x00002f64        0xa C:\Users\Kosala.Perera\AppData\Local\Temp\VMBuilds\LCD_JDI_LCD_LPM013M126C\adafruit_adafruit_metro_m0\Debug\SPI\SPI.cpp.o
                0x00002f64                SPIClass::transfer(unsigned char)
 *fill*         0x00002f6e        0x2 
 .text.startup._GLOBAL__sub_I__ZN8SPIClassC2EP6SERCOMhhh14SercomSpiTXPad11SercomRXPad
                0x00002f70       0x58 C:\Users\Kosala.Perera\AppData\Local\Temp\VMBuilds\LCD_JDI_LCD_LPM013M126C\adafruit_adafruit_metro_m0\Debug\SPI\SPI.cpp.o
 .text.SERCOM0_Handler
                0x00002fc8       0x10 C:\Users\Kosala.Perera\AppData\Local\Temp\VMBuilds\LCD_JDI_LCD_LPM013M126C\adafruit_adafruit_metro_m0\Debug\variant\variant.cpp.o
                0x00002fc8                SERCOM0_Handler
 .text.startup._GLOBAL__sub_I_g_APinDescription
                0x00002fd8       0x7c C:\Users\Kosala.Perera\AppData\Local\Temp\VMBuilds\LCD_JDI_LCD_LPM013M126C\adafruit_adafruit_metro_m0\Debug\variant\variant.cpp.o
 .text.Dummy_Handler
                0x00003054        0x2 C:\Users\Kosala.Perera\AppData\Local\Temp\VMBuilds\LCD_JDI_LCD_LPM013M126C\adafruit_adafruit_metro_m0\Debug/core.a(cortex_handlers.c.o)
                0x00003054                DMAC_Handler
                0x00003054                HardFault_Handler
                0x00003054                AC_Handler
                0x00003054                PendSV_Handler
                0x00003054                NMI_Handler
                0x00003054                TC7_Handler
                0x00003054                SERCOM1_Handler
                0x00003054                ADC_Handler
                0x00003054                TCC1_Handler
                0x00003054                SERCOM2_Handler
                0x00003054                TCC0_Handler
                0x00003054                RTC_Handler
                0x00003054                EIC_Handler
                0x00003054                TC6_Handler
                0x00003054                WDT_Handler
                0x00003054                TC4_Handler
                0x00003054                TC3_Handler
                0x00003054                Dummy_Handler
                0x00003054                PM_Handler
                0x00003054                SERCOM5_Handler
                0x00003054                SVC_Handler
                0x00003054                TCC2_Handler
                0x00003054                EVSYS_Handler
                0x00003054                SERCOM3_Handler
                0x00003054                SERCOM4_Handler
                0x00003054                I2S_Handler
                0x00003054                NVMCTRL_Handler
                0x00003054                DAC_Handler
                0x00003054                PTC_Handler
                0x00003054                SYSCTRL_Handler
 *fill*         0x00003056        0x2 
 .text.USB_Handler
                0x00003058       0x14 C:\Users\Kosala.Perera\AppData\Local\Temp\VMBuilds\LCD_JDI_LCD_LPM013M126C\adafruit_adafruit_metro_m0\Debug/core.a(cortex_handlers.c.o)
                0x00003058                USB_Handler
 .text.Reset_Handler
                0x0000306c       0x54 C:\Users\Kosala.Perera\AppData\Local\Temp\VMBuilds\LCD_JDI_LCD_LPM013M126C\adafruit_adafruit_metro_m0\Debug/core.a(cortex_handlers.c.o)
                0x0000306c                Reset_Handler
 .text.SysTick_Handler
                0x000030c0       0x10 C:\Users\Kosala.Perera\AppData\Local\Temp\VMBuilds\LCD_JDI_LCD_LPM013M126C\adafruit_adafruit_metro_m0\Debug/core.a(cortex_handlers.c.o)
                0x000030c0                SysTick_Handler
 .text.USB_SetHandler
                0x000030d0        0xc C:\Users\Kosala.Perera\AppData\Local\Temp\VMBuilds\LCD_JDI_LCD_LPM013M126C\adafruit_adafruit_metro_m0\Debug/core.a(cortex_handlers.c.o)
                0x000030d0                USB_SetHandler
 .text.delay    0x000030dc       0x20 C:\Users\Kosala.Perera\AppData\Local\Temp\VMBuilds\LCD_JDI_LCD_LPM013M126C\adafruit_adafruit_metro_m0\Debug/core.a(delay.c.o)
                0x000030dc                delay
 .text.SysTick_DefaultHandler
                0x000030fc       0x14 C:\Users\Kosala.Perera\AppData\Local\Temp\VMBuilds\LCD_JDI_LCD_LPM013M126C\adafruit_adafruit_metro_m0\Debug/core.a(delay.c.o)
                0x000030fc                SysTick_DefaultHandler
 .text.__empty  0x00003110        0x2 C:\Users\Kosala.Perera\AppData\Local\Temp\VMBuilds\LCD_JDI_LCD_LPM013M126C\adafruit_adafruit_metro_m0\Debug/core.a(hooks.c.o)
                0x00003110                yield
 .text.__false  0x00003112        0x4 C:\Users\Kosala.Perera\AppData\Local\Temp\VMBuilds\LCD_JDI_LCD_LPM013M126C\adafruit_adafruit_metro_m0\Debug/core.a(hooks.c.o)
                0x00003112                sysTickHook
 *fill*         0x00003116        0x2 
 .text.SystemInit
                0x00003118      0x168 C:\Users\Kosala.Perera\AppData\Local\Temp\VMBuilds\LCD_JDI_LCD_LPM013M126C\adafruit_adafruit_metro_m0\Debug/core.a(startup.c.o)
                0x00003118                SystemInit
 .text.init     0x00003280       0xf0 C:\Users\Kosala.Perera\AppData\Local\Temp\VMBuilds\LCD_JDI_LCD_LPM013M126C\adafruit_adafruit_metro_m0\Debug/core.a(wiring.c.o)
                0x00003280                init
 .text.analogReference
                0x00003370       0x5c C:\Users\Kosala.Perera\AppData\Local\Temp\VMBuilds\LCD_JDI_LCD_LPM013M126C\adafruit_adafruit_metro_m0\Debug/core.a(wiring_analog.c.o)
                0x00003370                analogReference
 .text.pinMode  0x000033cc       0xb4 C:\Users\Kosala.Perera\AppData\Local\Temp\VMBuilds\LCD_JDI_LCD_LPM013M126C\adafruit_adafruit_metro_m0\Debug/core.a(wiring_digital.c.o)
                0x000033cc                pinMode
 .text.digitalWrite
                0x00003480       0x60 C:\Users\Kosala.Perera\AppData\Local\Temp\VMBuilds\LCD_JDI_LCD_LPM013M126C\adafruit_adafruit_metro_m0\Debug/core.a(wiring_digital.c.o)
                0x00003480                digitalWrite
 .text.pinPeripheral
                0x000034e0       0xc4 C:\Users\Kosala.Perera\AppData\Local\Temp\VMBuilds\LCD_JDI_LCD_LPM013M126C\adafruit_adafruit_metro_m0\Debug/core.a(wiring_private.c.o)
                0x000034e0                pinPeripheral
 .text.__cxa_pure_virtual
                0x000035a4        0x2 C:\Users\Kosala.Perera\AppData\Local\Temp\VMBuilds\LCD_JDI_LCD_LPM013M126C\adafruit_adafruit_metro_m0\Debug/core.a(abi.cpp.o)
                0x000035a4                __cxa_pure_virtual
 .text._Z11initVariantv
                0x000035a6        0x2 C:\Users\Kosala.Perera\AppData\Local\Temp\VMBuilds\LCD_JDI_LCD_LPM013M126C\adafruit_adafruit_metro_m0\Debug/core.a(main.cpp.o)
                0x000035a6                initVariant()
 .text.startup.main
                0x000035a8       0x40 C:\Users\Kosala.Perera\AppData\Local\Temp\VMBuilds\LCD_JDI_LCD_LPM013M126C\adafruit_adafruit_metro_m0\Debug/core.a(main.cpp.o)
                0x000035a8                main
 .text._ZN5Print5writeEPKhj
                0x000035e8       0x28 C:\Users\Kosala.Perera\AppData\Local\Temp\VMBuilds\LCD_JDI_LCD_LPM013M126C\adafruit_adafruit_metro_m0\Debug/core.a(Print.cpp.o)
                0x000035e8                Print::write(unsigned char const*, unsigned int)
 .text._ZN5Print5writeEPKc
                0x00003610       0x1c C:\Users\Kosala.Perera\AppData\Local\Temp\VMBuilds\LCD_JDI_LCD_LPM013M126C\adafruit_adafruit_metro_m0\Debug/core.a(Print.cpp.o)
                0x00003610                Print::write(char const*)
 .text._ZN5Print5printEPKc
                0x0000362c        0x8 C:\Users\Kosala.Perera\AppData\Local\Temp\VMBuilds\LCD_JDI_LCD_LPM013M126C\adafruit_adafruit_metro_m0\Debug/core.a(Print.cpp.o)
                0x0000362c                Print::print(char const*)
 .text.initiateReset
                0x00003634        0xc C:\Users\Kosala.Perera\AppData\Local\Temp\VMBuilds\LCD_JDI_LCD_LPM013M126C\adafruit_adafruit_metro_m0\Debug/core.a(Reset.cpp.o)
                0x00003634                initiateReset
 .text.cancelReset
                0x00003640       0x10 C:\Users\Kosala.Perera\AppData\Local\Temp\VMBuilds\LCD_JDI_LCD_LPM013M126C\adafruit_adafruit_metro_m0\Debug/core.a(Reset.cpp.o)
                0x00003640                cancelReset
 .text.tickReset
                0x00003650       0x74 C:\Users\Kosala.Perera\AppData\Local\Temp\VMBuilds\LCD_JDI_LCD_LPM013M126C\adafruit_adafruit_metro_m0\Debug/core.a(Reset.cpp.o)
                0x00003650                tickReset
 .text._ZN6SERCOMC2EP6Sercom
                0x000036c4        0x4 C:\Users\Kosala.Perera\AppData\Local\Temp\VMBuilds\LCD_JDI_LCD_LPM013M126C\adafruit_adafruit_metro_m0\Debug/core.a(SERCOM.cpp.o)
                0x000036c4                SERCOM::SERCOM(Sercom*)
                0x000036c4                SERCOM::SERCOM(Sercom*)
 .text._ZN6SERCOM9initFrameE18SercomUartCharSize15SercomDataOrder16SercomParityMode19SercomNumberStopBit
                0x000036c8       0x38 C:\Users\Kosala.Perera\AppData\Local\Temp\VMBuilds\LCD_JDI_LCD_LPM013M126C\adafruit_adafruit_metro_m0\Debug/core.a(SERCOM.cpp.o)
                0x000036c8                SERCOM::initFrame(SercomUartCharSize, SercomDataOrder, SercomParityMode, SercomNumberStopBit)
 .text._ZN6SERCOM8initPadsE15SercomUartTXPad11SercomRXPad
                0x00003700       0x26 C:\Users\Kosala.Perera\AppData\Local\Temp\VMBuilds\LCD_JDI_LCD_LPM013M126C\adafruit_adafruit_metro_m0\Debug/core.a(SERCOM.cpp.o)
                0x00003700                SERCOM::initPads(SercomUartTXPad, SercomRXPad)
 .text._ZN6SERCOM9resetUARTEv
                0x00003726       0x1c C:\Users\Kosala.Perera\AppData\Local\Temp\VMBuilds\LCD_JDI_LCD_LPM013M126C\adafruit_adafruit_metro_m0\Debug/core.a(SERCOM.cpp.o)
                0x00003726                SERCOM::resetUART()
 .text._ZN6SERCOM10enableUARTEv
                0x00003742       0x14 C:\Users\Kosala.Perera\AppData\Local\Temp\VMBuilds\LCD_JDI_LCD_LPM013M126C\adafruit_adafruit_metro_m0\Debug/core.a(SERCOM.cpp.o)
                0x00003742                SERCOM::enableUART()
 .text._ZN6SERCOM9flushUARTEv
                0x00003756       0x10 C:\Users\Kosala.Perera\AppData\Local\Temp\VMBuilds\LCD_JDI_LCD_LPM013M126C\adafruit_adafruit_metro_m0\Debug/core.a(SERCOM.cpp.o)
                0x00003756                SERCOM::flushUART()
 .text._ZN6SERCOM15clearStatusUARTEv
                0x00003766        0x8 C:\Users\Kosala.Perera\AppData\Local\Temp\VMBuilds\LCD_JDI_LCD_LPM013M126C\adafruit_adafruit_metro_m0\Debug/core.a(SERCOM.cpp.o)
                0x00003766                SERCOM::clearStatusUART()
 .text._ZN6SERCOM17availableDataUARTEv
                0x0000376e        0xa C:\Users\Kosala.Perera\AppData\Local\Temp\VMBuilds\LCD_JDI_LCD_LPM013M126C\adafruit_adafruit_metro_m0\Debug/core.a(SERCOM.cpp.o)
                0x0000376e                SERCOM::availableDataUART()
 .text._ZN6SERCOM11isUARTErrorEv
                0x00003778        0x8 C:\Users\Kosala.Perera\AppData\Local\Temp\VMBuilds\LCD_JDI_LCD_LPM013M126C\adafruit_adafruit_metro_m0\Debug/core.a(SERCOM.cpp.o)
                0x00003778                SERCOM::isUARTError()
 .text._ZN6SERCOM20acknowledgeUARTErrorEv
                0x00003780        0xe C:\Users\Kosala.Perera\AppData\Local\Temp\VMBuilds\LCD_JDI_LCD_LPM013M126C\adafruit_adafruit_metro_m0\Debug/core.a(SERCOM.cpp.o)
                0x00003780                SERCOM::acknowledgeUARTError()
 .text._ZN6SERCOM12readDataUARTEv
                0x0000378e        0x8 C:\Users\Kosala.Perera\AppData\Local\Temp\VMBuilds\LCD_JDI_LCD_LPM013M126C\adafruit_adafruit_metro_m0\Debug/core.a(SERCOM.cpp.o)
                0x0000378e                SERCOM::readDataUART()
 .text._ZN6SERCOM13writeDataUARTEh
                0x00003796        0xe C:\Users\Kosala.Perera\AppData\Local\Temp\VMBuilds\LCD_JDI_LCD_LPM013M126C\adafruit_adafruit_metro_m0\Debug/core.a(SERCOM.cpp.o)
                0x00003796                SERCOM::writeDataUART(unsigned char)
 .text._ZN6SERCOM12initSPIClockE18SercomSpiClockModem
                0x000037a4       0x30 C:\Users\Kosala.Perera\AppData\Local\Temp\VMBuilds\LCD_JDI_LCD_LPM013M126C\adafruit_adafruit_metro_m0\Debug/core.a(SERCOM.cpp.o)
                0x000037a4                SERCOM::initSPIClock(SercomSpiClockMode, unsigned long)
 .text._ZN6SERCOM8resetSPIEv
                0x000037d4       0x1c C:\Users\Kosala.Perera\AppData\Local\Temp\VMBuilds\LCD_JDI_LCD_LPM013M126C\adafruit_adafruit_metro_m0\Debug/core.a(SERCOM.cpp.o)
                0x000037d4                SERCOM::resetSPI()
 .text._ZN6SERCOM9enableSPIEv
                0x000037f0       0x14 C:\Users\Kosala.Perera\AppData\Local\Temp\VMBuilds\LCD_JDI_LCD_LPM013M126C\adafruit_adafruit_metro_m0\Debug/core.a(SERCOM.cpp.o)
                0x000037f0                SERCOM::enableSPI()
 .text._ZN6SERCOM10disableSPIEv
                0x00003804       0x12 C:\Users\Kosala.Perera\AppData\Local\Temp\VMBuilds\LCD_JDI_LCD_LPM013M126C\adafruit_adafruit_metro_m0\Debug/core.a(SERCOM.cpp.o)
                0x00003804                SERCOM::disableSPI()
 .text._ZN6SERCOM15transferDataSPIEh
                0x00003816       0x1a C:\Users\Kosala.Perera\AppData\Local\Temp\VMBuilds\LCD_JDI_LCD_LPM013M126C\adafruit_adafruit_metro_m0\Debug/core.a(SERCOM.cpp.o)
                0x00003816                SERCOM::transferDataSPI(unsigned char)
 .text._ZN6SERCOM13initClockNVICEv
                0x00003830       0xb4 C:\Users\Kosala.Perera\AppData\Local\Temp\VMBuilds\LCD_JDI_LCD_LPM013M126C\adafruit_adafruit_metro_m0\Debug/core.a(SERCOM.cpp.o)
                0x00003830                SERCOM::initClockNVIC()
 .text._ZN6SERCOM8initUARTE14SercomUartMode20SercomUartSampleRatem
                0x000038e4       0x6c C:\Users\Kosala.Perera\AppData\Local\Temp\VMBuilds\LCD_JDI_LCD_LPM013M126C\adafruit_adafruit_metro_m0\Debug/core.a(SERCOM.cpp.o)
                0x000038e4                SERCOM::initUART(SercomUartMode, SercomUartSampleRate, unsigned long)
 .text._ZN6SERCOM7initSPIE14SercomSpiTXPad11SercomRXPad17SercomSpiCharSize15SercomDataOrder
                0x00003950       0x50 C:\Users\Kosala.Perera\AppData\Local\Temp\VMBuilds\LCD_JDI_LCD_LPM013M126C\adafruit_adafruit_metro_m0\Debug/core.a(SERCOM.cpp.o)
                0x00003950                SERCOM::initSPI(SercomSpiTXPad, SercomRXPad, SercomSpiCharSize, SercomDataOrder)
 .text._ZN4UartcvbEv
                0x000039a0        0x4 C:\Users\Kosala.Perera\AppData\Local\Temp\VMBuilds\LCD_JDI_LCD_LPM013M126C\adafruit_adafruit_metro_m0\Debug/core.a(Uart.cpp.o)
                0x000039a0                Uart::operator bool()
 .text._ZN4Uart5beginEm
                0x000039a4       0x10 C:\Users\Kosala.Perera\AppData\Local\Temp\VMBuilds\LCD_JDI_LCD_LPM013M126C\adafruit_adafruit_metro_m0\Debug/core.a(Uart.cpp.o)
                0x000039a4                Uart::begin(unsigned long)
 .text._ZN4Uart3endEv
                0x000039b4       0x14 C:\Users\Kosala.Perera\AppData\Local\Temp\VMBuilds\LCD_JDI_LCD_LPM013M126C\adafruit_adafruit_metro_m0\Debug/core.a(Uart.cpp.o)
                0x000039b4                Uart::end()
 .text._ZN4Uart5flushEv
                0x000039c8        0xa C:\Users\Kosala.Perera\AppData\Local\Temp\VMBuilds\LCD_JDI_LCD_LPM013M126C\adafruit_adafruit_metro_m0\Debug/core.a(Uart.cpp.o)
                0x000039c8                Uart::flush()
 .text._ZN4Uart9availableEv
                0x000039d2        0xa C:\Users\Kosala.Perera\AppData\Local\Temp\VMBuilds\LCD_JDI_LCD_LPM013M126C\adafruit_adafruit_metro_m0\Debug/core.a(Uart.cpp.o)
                0x000039d2                Uart::available()
 .text._ZN4Uart4peekEv
                0x000039dc        0xa C:\Users\Kosala.Perera\AppData\Local\Temp\VMBuilds\LCD_JDI_LCD_LPM013M126C\adafruit_adafruit_metro_m0\Debug/core.a(Uart.cpp.o)
                0x000039dc                Uart::peek()
 .text._ZN4Uart4readEv
                0x000039e6        0xa C:\Users\Kosala.Perera\AppData\Local\Temp\VMBuilds\LCD_JDI_LCD_LPM013M126C\adafruit_adafruit_metro_m0\Debug/core.a(Uart.cpp.o)
                0x000039e6                Uart::read()
 .text._ZN4Uart5writeEh
                0x000039f0        0xc C:\Users\Kosala.Perera\AppData\Local\Temp\VMBuilds\LCD_JDI_LCD_LPM013M126C\adafruit_adafruit_metro_m0\Debug/core.a(Uart.cpp.o)
                0x000039f0                Uart::write(unsigned char)
 .text._ZN4UartC2EP6SERCOMhh11SercomRXPad15SercomUartTXPad
                0x000039fc       0x48 C:\Users\Kosala.Perera\AppData\Local\Temp\VMBuilds\LCD_JDI_LCD_LPM013M126C\adafruit_adafruit_metro_m0\Debug/core.a(Uart.cpp.o)
                0x000039fc                Uart::Uart(SERCOM*, unsigned char, unsigned char, SercomRXPad, SercomUartTXPad)
                0x000039fc                Uart::Uart(SERCOM*, unsigned char, unsigned char, SercomRXPad, SercomUartTXPad)
 .text._ZN4Uart10IrqHandlerEv
                0x00003a44       0x36 C:\Users\Kosala.Perera\AppData\Local\Temp\VMBuilds\LCD_JDI_LCD_LPM013M126C\adafruit_adafruit_metro_m0\Debug/core.a(Uart.cpp.o)
                0x00003a44                Uart::IrqHandler()
 .text._ZN4Uart16extractNbStopBitEt
                0x00003a7a        0xe C:\Users\Kosala.Perera\AppData\Local\Temp\VMBuilds\LCD_JDI_LCD_LPM013M126C\adafruit_adafruit_metro_m0\Debug/core.a(Uart.cpp.o)
                0x00003a7a                Uart::extractNbStopBit(unsigned short)
 .text._ZN4Uart15extractCharSizeEt
                0x00003a88       0x2c C:\Users\Kosala.Perera\AppData\Local\Temp\VMBuilds\LCD_JDI_LCD_LPM013M126C\adafruit_adafruit_metro_m0\Debug/core.a(Uart.cpp.o)
                0x00003a88                Uart::extractCharSize(unsigned short)
 .text._ZN4Uart13extractParityEt
                0x00003ab4       0x18 C:\Users\Kosala.Perera\AppData\Local\Temp\VMBuilds\LCD_JDI_LCD_LPM013M126C\adafruit_adafruit_metro_m0\Debug/core.a(Uart.cpp.o)
                0x00003ab4                Uart::extractParity(unsigned short)
 .text._ZN4Uart5beginEmt
                0x00003acc       0x88 C:\Users\Kosala.Perera\AppData\Local\Temp\VMBuilds\LCD_JDI_LCD_LPM013M126C\adafruit_adafruit_metro_m0\Debug/core.a(Uart.cpp.o)
                0x00003acc                Uart::begin(unsigned long, unsigned short)
 .text._ZN26DoubleBufferedEPOutHandler4initEv
                0x00003b54        0x2 C:\Users\Kosala.Perera\AppData\Local\Temp\VMBuilds\LCD_JDI_LCD_LPM013M126C\adafruit_adafruit_metro_m0\Debug/core.a(USBCore.cpp.o)
                0x00003b54                DoubleBufferedEPOutHandler::init()
 *fill*         0x00003b56        0x2 
 .text._ZN14USBDeviceClass6initEPEmm.part.4
                0x00003b58       0xc8 C:\Users\Kosala.Perera\AppData\Local\Temp\VMBuilds\LCD_JDI_LCD_LPM013M126C\adafruit_adafruit_metro_m0\Debug/core.a(USBCore.cpp.o)
 .text._ZN7__GuardC2Ev
                0x00003c20        0xe C:\Users\Kosala.Perera\AppData\Local\Temp\VMBuilds\LCD_JDI_LCD_LPM013M126C\adafruit_adafruit_metro_m0\Debug/core.a(USBCore.cpp.o)
                0x00003c20                __Guard::__Guard()
                0x00003c20                __Guard::__Guard()
 .text._ZN7__GuardD2Ev
                0x00003c2e        0xe C:\Users\Kosala.Perera\AppData\Local\Temp\VMBuilds\LCD_JDI_LCD_LPM013M126C\adafruit_adafruit_metro_m0\Debug/core.a(USBCore.cpp.o)
                0x00003c2e                __Guard::~__Guard()
                0x00003c2e                __Guard::~__Guard()
 .text._ZNK26DoubleBufferedEPOutHandler9availableEv
                0x00003c3c       0x5e C:\Users\Kosala.Perera\AppData\Local\Temp\VMBuilds\LCD_JDI_LCD_LPM013M126C\adafruit_adafruit_metro_m0\Debug/core.a(USBCore.cpp.o)
                0x00003c3c                DoubleBufferedEPOutHandler::available() const
 *fill*         0x00003c9a        0x2 
 .text._ZN26DoubleBufferedEPOutHandler7releaseEv
                0x00003c9c       0x58 C:\Users\Kosala.Perera\AppData\Local\Temp\VMBuilds\LCD_JDI_LCD_LPM013M126C\adafruit_adafruit_metro_m0\Debug/core.a(USBCore.cpp.o)
                0x00003c9c                DoubleBufferedEPOutHandler::release()
 .text._ZN26DoubleBufferedEPOutHandler4recvEPvm
                0x00003cf4      0x11c C:\Users\Kosala.Perera\AppData\Local\Temp\VMBuilds\LCD_JDI_LCD_LPM013M126C\adafruit_adafruit_metro_m0\Debug/core.a(USBCore.cpp.o)
                0x00003cf4                DoubleBufferedEPOutHandler::recv(void*, unsigned long)
 .text._ZN26DoubleBufferedEPOutHandler14handleEndpointEv
                0x00003e10       0xc4 C:\Users\Kosala.Perera\AppData\Local\Temp\VMBuilds\LCD_JDI_LCD_LPM013M126C\adafruit_adafruit_metro_m0\Debug/core.a(USBCore.cpp.o)
                0x00003e10                DoubleBufferedEPOutHandler::handleEndpoint()
 .text._ZN14USBDeviceClass14SendInterfacesEPm
                0x00003ed4       0x2c C:\Users\Kosala.Perera\AppData\Local\Temp\VMBuilds\LCD_JDI_LCD_LPM013M126C\adafruit_adafruit_metro_m0\Debug/core.a(USBCore.cpp.o)
                0x00003ed4                USBDeviceClass::SendInterfaces(unsigned long*)
 .text._ZN14USBDeviceClass14handleEndpointEh
                0x00003f00       0x40 C:\Users\Kosala.Perera\AppData\Local\Temp\VMBuilds\LCD_JDI_LCD_LPM013M126C\adafruit_adafruit_metro_m0\Debug/core.a(USBCore.cpp.o)
                0x00003f00                USBDeviceClass::handleEndpoint(unsigned char)
 .text._ZN14USBDeviceClass4initEv
                0x00003f40       0xf0 C:\Users\Kosala.Perera\AppData\Local\Temp\VMBuilds\LCD_JDI_LCD_LPM013M126C\adafruit_adafruit_metro_m0\Debug/core.a(USBCore.cpp.o)
                0x00003f40                USBDeviceClass::init()
 .text._ZN14USBDeviceClass6attachEv
                0x00004030       0x34 C:\Users\Kosala.Perera\AppData\Local\Temp\VMBuilds\LCD_JDI_LCD_LPM013M126C\adafruit_adafruit_metro_m0\Debug/core.a(USBCore.cpp.o)
                0x00004030                USBDeviceClass::attach()
 .text._ZN14USBDeviceClass10setAddressEm
                0x00004064       0x48 C:\Users\Kosala.Perera\AppData\Local\Temp\VMBuilds\LCD_JDI_LCD_LPM013M126C\adafruit_adafruit_metro_m0\Debug/core.a(USBCore.cpp.o)
                0x00004064                USBDeviceClass::setAddress(unsigned long)
 .text._ZN14USBDeviceClass25handleClassInterfaceSetupER8USBSetup
                0x000040ac       0x40 C:\Users\Kosala.Perera\AppData\Local\Temp\VMBuilds\LCD_JDI_LCD_LPM013M126C\adafruit_adafruit_metro_m0\Debug/core.a(USBCore.cpp.o)
                0x000040ac                USBDeviceClass::handleClassInterfaceSetup(USBSetup&)
 .text._ZN14USBDeviceClass6initEPEmm
                0x000040ec      0x100 C:\Users\Kosala.Perera\AppData\Local\Temp\VMBuilds\LCD_JDI_LCD_LPM013M126C\adafruit_adafruit_metro_m0\Debug/core.a(USBCore.cpp.o)
                0x000040ec                USBDeviceClass::initEP(unsigned long, unsigned long)
 .text._ZN14USBDeviceClass13initEndpointsEv
                0x000041ec       0x24 C:\Users\Kosala.Perera\AppData\Local\Temp\VMBuilds\LCD_JDI_LCD_LPM013M126C\adafruit_adafruit_metro_m0\Debug/core.a(USBCore.cpp.o)
                0x000041ec                USBDeviceClass::initEndpoints()
 .text._ZN14USBDeviceClass9availableEm
                0x00004210       0x2c C:\Users\Kosala.Perera\AppData\Local\Temp\VMBuilds\LCD_JDI_LCD_LPM013M126C\adafruit_adafruit_metro_m0\Debug/core.a(USBCore.cpp.o)
                0x00004210                USBDeviceClass::available(unsigned long)
 .text._ZN14USBDeviceClass5flushEm
                0x0000423c       0x2c C:\Users\Kosala.Perera\AppData\Local\Temp\VMBuilds\LCD_JDI_LCD_LPM013M126C\adafruit_adafruit_metro_m0\Debug/core.a(USBCore.cpp.o)
                0x0000423c                USBDeviceClass::flush(unsigned long)
 .text._ZN14USBDeviceClass14armRecvCtrlOUTEm
                0x00004268       0x60 C:\Users\Kosala.Perera\AppData\Local\Temp\VMBuilds\LCD_JDI_LCD_LPM013M126C\adafruit_adafruit_metro_m0\Debug/core.a(USBCore.cpp.o)
                0x00004268                USBDeviceClass::armRecvCtrlOUT(unsigned long)
 .text._ZN14USBDeviceClass11recvControlEPvm
                0x000042c8       0x3c C:\Users\Kosala.Perera\AppData\Local\Temp\VMBuilds\LCD_JDI_LCD_LPM013M126C\adafruit_adafruit_metro_m0\Debug/core.a(USBCore.cpp.o)
                0x000042c8                USBDeviceClass::recvControl(void*, unsigned long)
 .text._ZN14USBDeviceClass7armRecvEm
                0x00004304       0x3c C:\Users\Kosala.Perera\AppData\Local\Temp\VMBuilds\LCD_JDI_LCD_LPM013M126C\adafruit_adafruit_metro_m0\Debug/core.a(USBCore.cpp.o)
                0x00004304                USBDeviceClass::armRecv(unsigned long)
 .text._ZN14USBDeviceClass4recvEmPvm
                0x00004340       0xd8 C:\Users\Kosala.Perera\AppData\Local\Temp\VMBuilds\LCD_JDI_LCD_LPM013M126C\adafruit_adafruit_metro_m0\Debug/core.a(USBCore.cpp.o)
                0x00004340                USBDeviceClass::recv(unsigned long, void*, unsigned long)
 .text._ZN14USBDeviceClass4recvEm
                0x00004418       0x1c C:\Users\Kosala.Perera\AppData\Local\Temp\VMBuilds\LCD_JDI_LCD_LPM013M126C\adafruit_adafruit_metro_m0\Debug/core.a(USBCore.cpp.o)
                0x00004418                USBDeviceClass::recv(unsigned long)
 .text._ZN14USBDeviceClass4sendEmPKvm
                0x00004434      0x124 C:\Users\Kosala.Perera\AppData\Local\Temp\VMBuilds\LCD_JDI_LCD_LPM013M126C\adafruit_adafruit_metro_m0\Debug/core.a(USBCore.cpp.o)
                0x00004434                USBDeviceClass::send(unsigned long, void const*, unsigned long)
 .text._ZN14USBDeviceClass7armSendEmPKvm
                0x00004558       0x48 C:\Users\Kosala.Perera\AppData\Local\Temp\VMBuilds\LCD_JDI_LCD_LPM013M126C\adafruit_adafruit_metro_m0\Debug/core.a(USBCore.cpp.o)
                0x00004558                USBDeviceClass::armSend(unsigned long, void const*, unsigned long)
 .text._ZN14USBDeviceClass11sendControlEPKvm
                0x000045a0       0x58 C:\Users\Kosala.Perera\AppData\Local\Temp\VMBuilds\LCD_JDI_LCD_LPM013M126C\adafruit_adafruit_metro_m0\Debug/core.a(USBCore.cpp.o)
                0x000045a0                USBDeviceClass::sendControl(void const*, unsigned long)
 .text._ZN14USBDeviceClass20sendStringDescriptorEPKhh
                0x000045f8       0x68 C:\Users\Kosala.Perera\AppData\Local\Temp\VMBuilds\LCD_JDI_LCD_LPM013M126C\adafruit_adafruit_metro_m0\Debug/core.a(USBCore.cpp.o)
                0x000045f8                USBDeviceClass::sendStringDescriptor(unsigned char const*, unsigned char)
 .text._ZN14USBDeviceClass12packMessagesEb.part.6
                0x00004660       0x20 C:\Users\Kosala.Perera\AppData\Local\Temp\VMBuilds\LCD_JDI_LCD_LPM013M126C\adafruit_adafruit_metro_m0\Debug/core.a(USBCore.cpp.o)
 .text._ZN14USBDeviceClass17sendConfigurationEm
                0x00004680       0x90 C:\Users\Kosala.Perera\AppData\Local\Temp\VMBuilds\LCD_JDI_LCD_LPM013M126C\adafruit_adafruit_metro_m0\Debug/core.a(USBCore.cpp.o)
                0x00004680                USBDeviceClass::sendConfiguration(unsigned long)
 .text._ZN14USBDeviceClass14sendDescriptorER8USBSetup
                0x00004710       0xb4 C:\Users\Kosala.Perera\AppData\Local\Temp\VMBuilds\LCD_JDI_LCD_LPM013M126C\adafruit_adafruit_metro_m0\Debug/core.a(USBCore.cpp.o)
                0x00004710                USBDeviceClass::sendDescriptor(USBSetup&)
 .text._ZN14USBDeviceClass19handleStandardSetupER8USBSetup
                0x000047c4      0x118 C:\Users\Kosala.Perera\AppData\Local\Temp\VMBuilds\LCD_JDI_LCD_LPM013M126C\adafruit_adafruit_metro_m0\Debug/core.a(USBCore.cpp.o)
                0x000047c4                USBDeviceClass::handleStandardSetup(USBSetup&)
 .text._ZN14USBDeviceClass10ISRHandlerEv
                0x000048dc      0x150 C:\Users\Kosala.Perera\AppData\Local\Temp\VMBuilds\LCD_JDI_LCD_LPM013M126C\adafruit_adafruit_metro_m0\Debug/core.a(USBCore.cpp.o)
                0x000048dc                USBDeviceClass::ISRHandler()
 .text.UDD_Handler
                0x00004a2c       0x10 C:\Users\Kosala.Perera\AppData\Local\Temp\VMBuilds\LCD_JDI_LCD_LPM013M126C\adafruit_adafruit_metro_m0\Debug/core.a(USBCore.cpp.o)
                0x00004a2c                UDD_Handler
 .text.startup._GLOBAL__sub_I_usbd
                0x00004a3c       0x10 C:\Users\Kosala.Perera\AppData\Local\Temp\VMBuilds\LCD_JDI_LCD_LPM013M126C\adafruit_adafruit_metro_m0\Debug/core.a(USBCore.cpp.o)
 .text._Znwj    0x00004a4c        0x8 C:\Users\Kosala.Perera\AppData\Local\Temp\VMBuilds\LCD_JDI_LCD_LPM013M126C\adafruit_adafruit_metro_m0\Debug/core.a(new.cpp.o)
                0x00004a4c                operator new(unsigned int)
 .text._ZN10RingBufferC2Ev
                0x00004a54       0x1a C:\Users\Kosala.Perera\AppData\Local\Temp\VMBuilds\LCD_JDI_LCD_LPM013M126C\adafruit_adafruit_metro_m0\Debug/core.a(RingBuffer.cpp.o)
                0x00004a54                RingBuffer::RingBuffer()
                0x00004a54                RingBuffer::RingBuffer()
 .text._ZN10RingBuffer10store_charEh
                0x00004a6e       0x24 C:\Users\Kosala.Perera\AppData\Local\Temp\VMBuilds\LCD_JDI_LCD_LPM013M126C\adafruit_adafruit_metro_m0\Debug/core.a(RingBuffer.cpp.o)
                0x00004a6e                RingBuffer::store_char(unsigned char)
 .text._ZN10RingBuffer5clearEv
                0x00004a92        0xe C:\Users\Kosala.Perera\AppData\Local\Temp\VMBuilds\LCD_JDI_LCD_LPM013M126C\adafruit_adafruit_metro_m0\Debug/core.a(RingBuffer.cpp.o)
                0x00004a92                RingBuffer::clear()
 .text._ZN10RingBuffer9read_charEv
                0x00004aa0       0x28 C:\Users\Kosala.Perera\AppData\Local\Temp\VMBuilds\LCD_JDI_LCD_LPM013M126C\adafruit_adafruit_metro_m0\Debug/core.a(RingBuffer.cpp.o)
                0x00004aa0                RingBuffer::read_char()
 .text._ZN10RingBuffer9availableEv
                0x00004ac8       0x12 C:\Users\Kosala.Perera\AppData\Local\Temp\VMBuilds\LCD_JDI_LCD_LPM013M126C\adafruit_adafruit_metro_m0\Debug/core.a(RingBuffer.cpp.o)
                0x00004ac8                RingBuffer::available()
 .text._ZN10RingBuffer4peekEv
                0x00004ada       0x1a C:\Users\Kosala.Perera\AppData\Local\Temp\VMBuilds\LCD_JDI_LCD_LPM013M126C\adafruit_adafruit_metro_m0\Debug/core.a(RingBuffer.cpp.o)
                0x00004ada                RingBuffer::peek()
 .text._ZN7Serial_17availableForWriteEv
                0x00004af4        0x4 C:\Users\Kosala.Perera\AppData\Local\Temp\VMBuilds\LCD_JDI_LCD_LPM013M126C\adafruit_adafruit_metro_m0\Debug/core.a(CDC.cpp.o)
                0x00004af4                Serial_::availableForWrite()
 .text._ZN7Serial_5writeEh
                0x00004af8       0x14 C:\Users\Kosala.Perera\AppData\Local\Temp\VMBuilds\LCD_JDI_LCD_LPM013M126C\adafruit_adafruit_metro_m0\Debug/core.a(CDC.cpp.o)
                0x00004af8                Serial_::write(unsigned char)
 .text._ZN7Serial_9availableEv
                0x00004b0c        0xc C:\Users\Kosala.Perera\AppData\Local\Temp\VMBuilds\LCD_JDI_LCD_LPM013M126C\adafruit_adafruit_metro_m0\Debug/core.a(CDC.cpp.o)
                0x00004b0c                Serial_::available()
 .text._ZN7Serial_5flushEv
                0x00004b18        0xc C:\Users\Kosala.Perera\AppData\Local\Temp\VMBuilds\LCD_JDI_LCD_LPM013M126C\adafruit_adafruit_metro_m0\Debug/core.a(CDC.cpp.o)
                0x00004b18                Serial_::flush()
 .text._ZN7Serial_5writeEPKhj
                0x00004b24       0x1c C:\Users\Kosala.Perera\AppData\Local\Temp\VMBuilds\LCD_JDI_LCD_LPM013M126C\adafruit_adafruit_metro_m0\Debug/core.a(CDC.cpp.o)
                0x00004b24                Serial_::write(unsigned char const*, unsigned int)
 .text._ZN7Serial_4peekEv
                0x00004b40       0x1c C:\Users\Kosala.Perera\AppData\Local\Temp\VMBuilds\LCD_JDI_LCD_LPM013M126C\adafruit_adafruit_metro_m0\Debug/core.a(CDC.cpp.o)
                0x00004b40                Serial_::peek()
 .text._ZN7Serial_4readEv
                0x00004b5c       0x24 C:\Users\Kosala.Perera\AppData\Local\Temp\VMBuilds\LCD_JDI_LCD_LPM013M126C\adafruit_adafruit_metro_m0\Debug/core.a(CDC.cpp.o)
                0x00004b5c                Serial_::read()
 .text._Z16CDC_GetInterfacePh
                0x00004b80       0x1c C:\Users\Kosala.Perera\AppData\Local\Temp\VMBuilds\LCD_JDI_LCD_LPM013M126C\adafruit_adafruit_metro_m0\Debug/core.a(CDC.cpp.o)
                0x00004b80                CDC_GetInterface(unsigned char*)
 .text._Z9CDC_SetupR8USBSetup
                0x00004b9c       0x80 C:\Users\Kosala.Perera\AppData\Local\Temp\VMBuilds\LCD_JDI_LCD_LPM013M126C\adafruit_adafruit_metro_m0\Debug/core.a(CDC.cpp.o)
                0x00004b9c                CDC_Setup(USBSetup&)
 .text.startup._GLOBAL__sub_I__Z17_CDC_GetInterfacev
                0x00004c1c       0x28 C:\Users\Kosala.Perera\AppData\Local\Temp\VMBuilds\LCD_JDI_LCD_LPM013M126C\adafruit_adafruit_metro_m0\Debug/core.a(CDC.cpp.o)
 .text._ZN13PluggableUSB_12getInterfaceEPh
                0x00004c44       0x2a C:\Users\Kosala.Perera\AppData\Local\Temp\VMBuilds\LCD_JDI_LCD_LPM013M126C\adafruit_adafruit_metro_m0\Debug/core.a(PluggableUSB.cpp.o)
                0x00004c44                PluggableUSB_::getInterface(unsigned char*)
 .text._ZN13PluggableUSB_13getDescriptorER8USBSetup
                0x00004c6e       0x20 C:\Users\Kosala.Perera\AppData\Local\Temp\VMBuilds\LCD_JDI_LCD_LPM013M126C\adafruit_adafruit_metro_m0\Debug/core.a(PluggableUSB.cpp.o)
                0x00004c6e                PluggableUSB_::getDescriptor(USBSetup&)
 .text._ZN13PluggableUSB_12getShortNameEPc
                0x00004c8e       0x1e C:\Users\Kosala.Perera\AppData\Local\Temp\VMBuilds\LCD_JDI_LCD_LPM013M126C\adafruit_adafruit_metro_m0\Debug/core.a(PluggableUSB.cpp.o)
                0x00004c8e                PluggableUSB_::getShortName(char*)
 .text._ZN13PluggableUSB_5setupER8USBSetup
                0x00004cac       0x24 C:\Users\Kosala.Perera\AppData\Local\Temp\VMBuilds\LCD_JDI_LCD_LPM013M126C\adafruit_adafruit_metro_m0\Debug/core.a(PluggableUSB.cpp.o)
                0x00004cac                PluggableUSB_::setup(USBSetup&)
 .text._Z12PluggableUSBv
                0x00004cd0       0x24 C:\Users\Kosala.Perera\AppData\Local\Temp\VMBuilds\LCD_JDI_LCD_LPM013M126C\adafruit_adafruit_metro_m0\Debug/core.a(PluggableUSB.cpp.o)
                0x00004cd0                PluggableUSB()
 .text._ZN20USBDevice_SAMD21G18x5resetEv
                0x00004cf4       0x32 C:\Users\Kosala.Perera\AppData\Local\Temp\VMBuilds\LCD_JDI_LCD_LPM013M126C\adafruit_adafruit_metro_m0\Debug/core.a(SAMD21_USBDevice.cpp.o)
                0x00004cf4                USBDevice_SAMD21G18x::reset()
 *fill*         0x00004d26        0x2 
 .text._ZN20USBDevice_SAMD21G18x9calibrateEv
                0x00004d28       0x5c C:\Users\Kosala.Perera\AppData\Local\Temp\VMBuilds\LCD_JDI_LCD_LPM013M126C\adafruit_adafruit_metro_m0\Debug/core.a(SAMD21_USBDevice.cpp.o)
                0x00004d28                USBDevice_SAMD21G18x::calibrate()
 .text          0x00004d84       0x14 c:/users/kosala.perera/appdata/local/arduino15/packages/arduino/tools/arm-none-eabi-gcc/4.8.3-2014q1/bin/../lib/gcc/arm-none-eabi/4.8.3/armv6-m\libgcc.a(_thumb1_case_uqi.o)
                0x00004d84                __gnu_thumb1_case_uqi
 .text          0x00004d98       0x9c c:/users/kosala.perera/appdata/local/arduino15/packages/arduino/tools/arm-none-eabi-gcc/4.8.3-2014q1/bin/../lib/gcc/arm-none-eabi/4.8.3/armv6-m\libgcc.a(_udivsi3.o)
                0x00004d98                __aeabi_uidiv
                0x00004d98                __udivsi3
                0x00004e20                __aeabi_uidivmod
 .text          0x00004e34       0xc0 c:/users/kosala.perera/appdata/local/arduino15/packages/arduino/tools/arm-none-eabi-gcc/4.8.3-2014q1/bin/../lib/gcc/arm-none-eabi/4.8.3/armv6-m\libgcc.a(_divsi3.o)
                0x00004e34                __divsi3
                0x00004e34                __aeabi_idiv
                0x00004ee0                __aeabi_idivmod
 .text          0x00004ef4        0x4 c:/users/kosala.perera/appdata/local/arduino15/packages/arduino/tools/arm-none-eabi-gcc/4.8.3-2014q1/bin/../lib/gcc/arm-none-eabi/4.8.3/armv6-m\libgcc.a(_dvmd_tls.o)
                0x00004ef4                __aeabi_idiv0
                0x00004ef4                __aeabi_ldiv0
 .text.__libc_init_array
                0x00004ef8       0x4c c:/users/kosala.perera/appdata/local/arduino15/packages/arduino/tools/arm-none-eabi-gcc/4.8.3-2014q1/bin/../lib/gcc/arm-none-eabi/4.8.3/../../../../arm-none-eabi/lib/armv6-m\libc_s.a(lib_a-init.o)
                0x00004ef8                __libc_init_array
 .text.malloc   0x00004f44       0x14 c:/users/kosala.perera/appdata/local/arduino15/packages/arduino/tools/arm-none-eabi-gcc/4.8.3-2014q1/bin/../lib/gcc/arm-none-eabi/4.8.3/../../../../arm-none-eabi/lib/armv6-m\libc_s.a(lib_a-malloc.o)
                0x00004f44                malloc
 .text.memcpy   0x00004f58       0x12 c:/users/kosala.perera/appdata/local/arduino15/packages/arduino/tools/arm-none-eabi-gcc/4.8.3-2014q1/bin/../lib/gcc/arm-none-eabi/4.8.3/../../../../arm-none-eabi/lib/armv6-m\libc_s.a(lib_a-memcpy-stub.o)
                0x00004f58                memcpy
 .text.memset   0x00004f6a       0x10 c:/users/kosala.perera/appdata/local/arduino15/packages/arduino/tools/arm-none-eabi-gcc/4.8.3-2014q1/bin/../lib/gcc/arm-none-eabi/4.8.3/../../../../arm-none-eabi/lib/armv6-m\libc_s.a(lib_a-memset.o)
                0x00004f6a                memset
 *fill*         0x00004f7a        0x2 
 .text._malloc_r
                0x00004f7c       0xa8 c:/users/kosala.perera/appdata/local/arduino15/packages/arduino/tools/arm-none-eabi-gcc/4.8.3-2014q1/bin/../lib/gcc/arm-none-eabi/4.8.3/../../../../arm-none-eabi/lib/armv6-m\libc_s.a(lib_a-nano-mallocr.o)
                0x00004f7c                _malloc_r
 .text._sbrk_r  0x00005024       0x24 c:/users/kosala.perera/appdata/local/arduino15/packages/arduino/tools/arm-none-eabi-gcc/4.8.3-2014q1/bin/../lib/gcc/arm-none-eabi/4.8.3/../../../../arm-none-eabi/lib/armv6-m\libc_s.a(lib_a-sbrkr.o)
                0x00005024                _sbrk_r
 .text.strlen   0x00005048        0xe c:/users/kosala.perera/appdata/local/arduino15/packages/arduino/tools/arm-none-eabi-gcc/4.8.3-2014q1/bin/../lib/gcc/arm-none-eabi/4.8.3/../../../../arm-none-eabi/lib/armv6-m\libc_s.a(lib_a-strlen.o)
                0x00005048                strlen
 *fill*         0x00005056        0x2 
 .text._sbrk    0x00005058       0x34 c:/users/kosala.perera/appdata/local/arduino15/packages/arduino/tools/arm-none-eabi-gcc/4.8.3-2014q1/bin/../lib/gcc/arm-none-eabi/4.8.3/../../../../arm-none-eabi/lib/armv6-m\libnosys.a(sbrk.o)
                0x00005058                _sbrk
 *(.init)
 .init          0x0000508c        0x4 c:/users/kosala.perera/appdata/local/arduino15/packages/arduino/tools/arm-none-eabi-gcc/4.8.3-2014q1/bin/../lib/gcc/arm-none-eabi/4.8.3/armv6-m/crti.o
                0x0000508c                _init
 .init          0x00005090        0x8 c:/users/kosala.perera/appdata/local/arduino15/packages/arduino/tools/arm-none-eabi-gcc/4.8.3-2014q1/bin/../lib/gcc/arm-none-eabi/4.8.3/armv6-m/crtn.o
 *(.fini)
 .fini          0x00005098        0x4 c:/users/kosala.perera/appdata/local/arduino15/packages/arduino/tools/arm-none-eabi-gcc/4.8.3-2014q1/bin/../lib/gcc/arm-none-eabi/4.8.3/armv6-m/crti.o
                0x00005098                _fini
 .fini          0x0000509c        0x8 c:/users/kosala.perera/appdata/local/arduino15/packages/arduino/tools/arm-none-eabi-gcc/4.8.3-2014q1/bin/../lib/gcc/arm-none-eabi/4.8.3/armv6-m/crtn.o
 *crtbegin.o(.ctors)
 *crtbegin?.o(.ctors)
 *(EXCLUDE_FILE(*crtend.o *crtend?.o) .ctors)
 *(SORT(.ctors.*))
 *(.ctors)
 *crtbegin.o(.dtors)
 *crtbegin?.o(.dtors)
 *(EXCLUDE_FILE(*crtend.o *crtend?.o) .dtors)
 *(SORT(.dtors.*))
 *(.dtors)
 *(.rodata*)
 .rodata.str1.1
                0x000050a4       0x14 C:\Users\Kosala.Perera\AppData\Local\Temp\VMBuilds\LCD_JDI_LCD_LPM013M126C\adafruit_adafruit_metro_m0\Debug\LCD_JDI_LCD_LPM013M126C.cpp.o
 .rodata._ZL5color
                0x000050b8        0x8 C:\Users\Kosala.Perera\AppData\Local\Temp\VMBuilds\LCD_JDI_LCD_LPM013M126C\adafruit_adafruit_metro_m0\Debug\LCD_JDI_LCD_LPM013M126C.cpp.o
 .rodata._ZTV12Adafruit_GFX
                0x000050c0       0x50 C:\Users\Kosala.Perera\AppData\Local\Temp\VMBuilds\LCD_JDI_LCD_LPM013M126C\adafruit_adafruit_metro_m0\Debug\Adafruit_GFX\Adafruit_GFX.cpp.o
                0x000050c0                vtable for Adafruit_GFX
 .rodata._ZL4font
                0x00005110      0x500 C:\Users\Kosala.Perera\AppData\Local\Temp\VMBuilds\LCD_JDI_LCD_LPM013M126C\adafruit_adafruit_metro_m0\Debug\Adafruit_GFX\Adafruit_GFX.cpp.o
 .rodata._ZTV7LCD_JDI
                0x00005610       0x30 C:\Users\Kosala.Perera\AppData\Local\Temp\VMBuilds\LCD_JDI_LCD_LPM013M126C\adafruit_adafruit_metro_m0\Debug\LCD_JDI_176\LCD_JDI_176.cpp.o
                0x00005610                vtable for LCD_JDI
 .rodata.g_APinDescription
                0x00005640      0x408 C:\Users\Kosala.Perera\AppData\Local\Temp\VMBuilds\LCD_JDI_LCD_LPM013M126C\adafruit_adafruit_metro_m0\Debug\variant\variant.cpp.o
                0x00005640                g_APinDescription
 .rodata._ZTV4Uart
                0x00005a48       0x30 C:\Users\Kosala.Perera\AppData\Local\Temp\VMBuilds\LCD_JDI_LCD_LPM013M126C\adafruit_adafruit_metro_m0\Debug/core.a(Uart.cpp.o)
                0x00005a48                vtable for Uart
 .rodata._ZTV26DoubleBufferedEPOutHandler
                0x00005a78       0x18 C:\Users\Kosala.Perera\AppData\Local\Temp\VMBuilds\LCD_JDI_LCD_LPM013M126C\adafruit_adafruit_metro_m0\Debug/core.a(USBCore.cpp.o)
                0x00005a78                vtable for DoubleBufferedEPOutHandler
 .rodata._ZL19STRING_MANUFACTURER
                0x00005a90        0x9 C:\Users\Kosala.Perera\AppData\Local\Temp\VMBuilds\LCD_JDI_LCD_LPM013M126C\adafruit_adafruit_metro_m0\Debug/core.a(USBCore.cpp.o)
 *fill*         0x00005a99        0x1 
 .rodata._ZL15STRING_LANGUAGE
                0x00005a9a        0x4 C:\Users\Kosala.Perera\AppData\Local\Temp\VMBuilds\LCD_JDI_LCD_LPM013M126C\adafruit_adafruit_metro_m0\Debug/core.a(USBCore.cpp.o)
 .rodata._ZL21USB_DeviceDescriptorB
                0x00005a9e       0x12 C:\Users\Kosala.Perera\AppData\Local\Temp\VMBuilds\LCD_JDI_LCD_LPM013M126C\adafruit_adafruit_metro_m0\Debug/core.a(USBCore.cpp.o)
 .rodata._ZL14STRING_PRODUCT
                0x00005ab0       0x11 C:\Users\Kosala.Perera\AppData\Local\Temp\VMBuilds\LCD_JDI_LCD_LPM013M126C\adafruit_adafruit_metro_m0\Debug/core.a(USBCore.cpp.o)
 *fill*         0x00005ac1        0x7 
 .rodata._ZTV7Serial_
                0x00005ac8       0x28 C:\Users\Kosala.Perera\AppData\Local\Temp\VMBuilds\LCD_JDI_LCD_LPM013M126C\adafruit_adafruit_metro_m0\Debug/core.a(CDC.cpp.o)
                0x00005ac8                vtable for Serial_
 .rodata.str1.1
                0x00005af0        0x2 c:/users/kosala.perera/appdata/local/arduino15/packages/arduino/tools/arm-none-eabi-gcc/4.8.3-2014q1/bin/../lib/gcc/arm-none-eabi/4.8.3/../../../../arm-none-eabi/lib/armv6-m\libc_s.a(lib_a-impure.o)
 *fill*         0x00005af2        0x2 
 .rodata.__sf_fake_stdin
                0x00005af4       0x20 c:/users/kosala.perera/appdata/local/arduino15/packages/arduino/tools/arm-none-eabi-gcc/4.8.3-2014q1/bin/../lib/gcc/arm-none-eabi/4.8.3/../../../../arm-none-eabi/lib/armv6-m\libc_s.a(lib_a-findfp.o)
                0x00005af4                __sf_fake_stdin
 .rodata.__sf_fake_stdout
                0x00005b14       0x20 c:/users/kosala.perera/appdata/local/arduino15/packages/arduino/tools/arm-none-eabi-gcc/4.8.3-2014q1/bin/../lib/gcc/arm-none-eabi/4.8.3/../../../../arm-none-eabi/lib/armv6-m\libc_s.a(lib_a-findfp.o)
                0x00005b14                __sf_fake_stdout
 .rodata.__sf_fake_stderr
                0x00005b34       0x20 c:/users/kosala.perera/appdata/local/arduino15/packages/arduino/tools/arm-none-eabi-gcc/4.8.3-2014q1/bin/../lib/gcc/arm-none-eabi/4.8.3/../../../../arm-none-eabi/lib/armv6-m\libc_s.a(lib_a-findfp.o)
                0x00005b34                __sf_fake_stderr
 *(.eh_frame*)
 .eh_frame      0x00005b54        0x0 c:/users/kosala.perera/appdata/local/arduino15/packages/arduino/tools/arm-none-eabi-gcc/4.8.3-2014q1/bin/../lib/gcc/arm-none-eabi/4.8.3/armv6-m/crtbegin.o
 .eh_frame      0x00005b54        0x4 c:/users/kosala.perera/appdata/local/arduino15/packages/arduino/tools/arm-none-eabi-gcc/4.8.3-2014q1/bin/../lib/gcc/arm-none-eabi/4.8.3/armv6-m/crtend.o

.glue_7         0x00005b58        0x0
 .glue_7        0x00000000        0x0 linker stubs

.glue_7t        0x00005b58        0x0
 .glue_7t       0x00000000        0x0 linker stubs

.vfp11_veneer   0x00005b58        0x0
 .vfp11_veneer  0x00000000        0x0 linker stubs

.v4_bx          0x00005b58        0x0
 .v4_bx         0x00000000        0x0 linker stubs

.iplt           0x00005b58        0x0
 .iplt          0x00000000        0x0 c:/users/kosala.perera/appdata/local/arduino15/packages/arduino/tools/arm-none-eabi-gcc/4.8.3-2014q1/bin/../lib/gcc/arm-none-eabi/4.8.3/armv6-m/crtbegin.o

.rel.dyn        0x00005b58        0x0
 .rel.iplt      0x00000000        0x0 c:/users/kosala.perera/appdata/local/arduino15/packages/arduino/tools/arm-none-eabi-gcc/4.8.3-2014q1/bin/../lib/gcc/arm-none-eabi/4.8.3/armv6-m/crtbegin.o

.ARM.extab
 *(.ARM.extab* .gnu.linkonce.armextab.*)
                0x00005b58                __exidx_start = .

.ARM.exidx
 *(.ARM.exidx* .gnu.linkonce.armexidx.*)
                0x00005b58                __exidx_end = .
                0x00005b58                __etext = .

.data           0x20000000      0x110 load address 0x00005b58
                0x20000000                __data_start__ = .
 *(vtable)
 *(.data*)
 .data.offset   0x20000000        0x1 C:\Users\Kosala.Perera\AppData\Local\Temp\VMBuilds\LCD_JDI_LCD_LPM013M126C\adafruit_adafruit_metro_m0\Debug\LCD_JDI_LCD_LPM013M126C.cpp.o
                0x20000000                offset
 .data.divide   0x20000001        0x1 C:\Users\Kosala.Perera\AppData\Local\Temp\VMBuilds\LCD_JDI_LCD_LPM013M126C\adafruit_adafruit_metro_m0\Debug\LCD_JDI_LCD_LPM013M126C.cpp.o
                0x20000001                divide
 *fill*         0x20000002        0x2 
 .data.SystemCoreClock
                0x20000004        0x4 C:\Users\Kosala.Perera\AppData\Local\Temp\VMBuilds\LCD_JDI_LCD_LPM013M126C\adafruit_adafruit_metro_m0\Debug/core.a(wiring.c.o)
                0x20000004                SystemCoreClock
 .data._ZL5ticks
                0x20000008        0x4 C:\Users\Kosala.Perera\AppData\Local\Temp\VMBuilds\LCD_JDI_LCD_LPM013M126C\adafruit_adafruit_metro_m0\Debug/core.a(Reset.cpp.o)
 .data.EndPoints
                0x2000000c       0x28 C:\Users\Kosala.Perera\AppData\Local\Temp\VMBuilds\LCD_JDI_LCD_LPM013M126C\adafruit_adafruit_metro_m0\Debug/core.a(USBCore.cpp.o)
                0x2000000c                EndPoints
 .data._ZL12_usbLineInfo
                0x20000034        0x8 C:\Users\Kosala.Perera\AppData\Local\Temp\VMBuilds\LCD_JDI_LCD_LPM013M126C\adafruit_adafruit_metro_m0\Debug/core.a(CDC.cpp.o)
 .data._ZL10breakValue
                0x2000003c        0x4 C:\Users\Kosala.Perera\AppData\Local\Temp\VMBuilds\LCD_JDI_LCD_LPM013M126C\adafruit_adafruit_metro_m0\Debug/core.a(CDC.cpp.o)
 .data._ZL13_cdcInterface
                0x20000040       0x42 C:\Users\Kosala.Perera\AppData\Local\Temp\VMBuilds\LCD_JDI_LCD_LPM013M126C\adafruit_adafruit_metro_m0\Debug/core.a(CDC.cpp.o)
 *fill*         0x20000082        0x2 
 .data._serialPeek
                0x20000084        0x4 C:\Users\Kosala.Perera\AppData\Local\Temp\VMBuilds\LCD_JDI_LCD_LPM013M126C\adafruit_adafruit_metro_m0\Debug/core.a(CDC.cpp.o)
                0x20000084                _serialPeek
 .data.impure_data
                0x20000088       0x60 c:/users/kosala.perera/appdata/local/arduino15/packages/arduino/tools/arm-none-eabi-gcc/4.8.3-2014q1/bin/../lib/gcc/arm-none-eabi/4.8.3/../../../../arm-none-eabi/lib/armv6-m\libc_s.a(lib_a-impure.o)
 .data._impure_ptr
                0x200000e8        0x4 c:/users/kosala.perera/appdata/local/arduino15/packages/arduino/tools/arm-none-eabi-gcc/4.8.3-2014q1/bin/../lib/gcc/arm-none-eabi/4.8.3/../../../../arm-none-eabi/lib/armv6-m\libc_s.a(lib_a-impure.o)
                0x200000e8                _impure_ptr
                0x200000ec                . = ALIGN (0x4)
                0x200000ec                PROVIDE (__preinit_array_start, .)
 *(.preinit_array)
                0x200000ec                PROVIDE (__preinit_array_end, .)
                0x200000ec                . = ALIGN (0x4)
                0x200000ec                PROVIDE (__init_array_start, .)
 *(SORT(.init_array.*))
 *(.init_array)
 .init_array    0x200000ec        0x4 c:/users/kosala.perera/appdata/local/arduino15/packages/arduino/tools/arm-none-eabi-gcc/4.8.3-2014q1/bin/../lib/gcc/arm-none-eabi/4.8.3/armv6-m/crtbegin.o
 .init_array    0x200000f0        0x4 C:\Users\Kosala.Perera\AppData\Local\Temp\VMBuilds\LCD_JDI_LCD_LPM013M126C\adafruit_adafruit_metro_m0\Debug\LCD_JDI_LCD_LPM013M126C.cpp.o
 .init_array    0x200000f4        0x4 C:\Users\Kosala.Perera\AppData\Local\Temp\VMBuilds\LCD_JDI_LCD_LPM013M126C\adafruit_adafruit_metro_m0\Debug\SPI\SPI.cpp.o
 .init_array    0x200000f8        0x4 C:\Users\Kosala.Perera\AppData\Local\Temp\VMBuilds\LCD_JDI_LCD_LPM013M126C\adafruit_adafruit_metro_m0\Debug\variant\variant.cpp.o
 .init_array    0x200000fc        0x4 C:\Users\Kosala.Perera\AppData\Local\Temp\VMBuilds\LCD_JDI_LCD_LPM013M126C\adafruit_adafruit_metro_m0\Debug/core.a(USBCore.cpp.o)
 .init_array    0x20000100        0x4 C:\Users\Kosala.Perera\AppData\Local\Temp\VMBuilds\LCD_JDI_LCD_LPM013M126C\adafruit_adafruit_metro_m0\Debug/core.a(CDC.cpp.o)
                0x20000104                PROVIDE (__init_array_end, .)
                0x20000104                . = ALIGN (0x4)
                0x20000104                PROVIDE (__fini_array_start, .)
 *(SORT(.fini_array.*))
 *(.fini_array)
 .fini_array    0x20000104        0x4 c:/users/kosala.perera/appdata/local/arduino15/packages/arduino/tools/arm-none-eabi-gcc/4.8.3-2014q1/bin/../lib/gcc/arm-none-eabi/4.8.3/armv6-m/crtbegin.o
                0x20000108                PROVIDE (__fini_array_end, .)
 *(.jcr*)
 .jcr           0x20000108        0x0 c:/users/kosala.perera/appdata/local/arduino15/packages/arduino/tools/arm-none-eabi-gcc/4.8.3-2014q1/bin/../lib/gcc/arm-none-eabi/4.8.3/armv6-m/crtbegin.o
 .jcr           0x20000108        0x4 c:/users/kosala.perera/appdata/local/arduino15/packages/arduino/tools/arm-none-eabi-gcc/4.8.3-2014q1/bin/../lib/gcc/arm-none-eabi/4.8.3/armv6-m/crtend.o
                0x20000110                . = ALIGN (0x10)
 *fill*         0x2000010c        0x4 
                0x20000110                __data_end__ = .

.igot.plt       0x20000110        0x0 load address 0x00005c68
 .igot.plt      0x00000000        0x0 c:/users/kosala.perera/appdata/local/arduino15/packages/arduino/tools/arm-none-eabi-gcc/4.8.3-2014q1/bin/../lib/gcc/arm-none-eabi/4.8.3/armv6-m/crtbegin.o

.bss            0x20000110     0x4430 load address 0x00005c68
                0x20000110                . = ALIGN (0x4)
                0x20000110                __bss_start__ = .
 *(.bss*)
 .bss           0x20000110       0x1c c:/users/kosala.perera/appdata/local/arduino15/packages/arduino/tools/arm-none-eabi-gcc/4.8.3-2014q1/bin/../lib/gcc/arm-none-eabi/4.8.3/armv6-m/crtbegin.o
 .bss.block     0x2000012c        0x1 C:\Users\Kosala.Perera\AppData\Local\Temp\VMBuilds\LCD_JDI_LCD_LPM013M126C\adafruit_adafruit_metro_m0\Debug\LCD_JDI_LCD_LPM013M126C.cpp.o
                0x2000012c                block
 *fill*         0x2000012d        0x3 
 .bss.display   0x20000130     0x3d08 C:\Users\Kosala.Perera\AppData\Local\Temp\VMBuilds\LCD_JDI_LCD_LPM013M126C\adafruit_adafruit_metro_m0\Debug\LCD_JDI_LCD_LPM013M126C.cpp.o
                0x20000130                display
 .bss.move      0x20003e38        0x1 C:\Users\Kosala.Perera\AppData\Local\Temp\VMBuilds\LCD_JDI_LCD_LPM013M126C\adafruit_adafruit_metro_m0\Debug\LCD_JDI_LCD_LPM013M126C.cpp.o
                0x20003e38                move
 .bss.counter   0x20003e39        0x1 C:\Users\Kosala.Perera\AppData\Local\Temp\VMBuilds\LCD_JDI_LCD_LPM013M126C\adafruit_adafruit_metro_m0\Debug\LCD_JDI_LCD_LPM013M126C.cpp.o
                0x20003e39                counter
 *fill*         0x20003e3a        0x2 
 .bss._ZL20DEFAULT_SPI_SETTINGS
                0x20003e3c        0x8 C:\Users\Kosala.Perera\AppData\Local\Temp\VMBuilds\LCD_JDI_LCD_LPM013M126C\adafruit_adafruit_metro_m0\Debug\SPI\SPI.cpp.o
 .bss.SPI       0x20003e44       0x10 C:\Users\Kosala.Perera\AppData\Local\Temp\VMBuilds\LCD_JDI_LCD_LPM013M126C\adafruit_adafruit_metro_m0\Debug\SPI\SPI.cpp.o
                0x20003e44                SPI
 .bss.SPI1      0x20003e54       0x10 C:\Users\Kosala.Perera\AppData\Local\Temp\VMBuilds\LCD_JDI_LCD_LPM013M126C\adafruit_adafruit_metro_m0\Debug\SPI\SPI.cpp.o
                0x20003e54                SPI1
 .bss.Serial1   0x20003e64       0xc4 C:\Users\Kosala.Perera\AppData\Local\Temp\VMBuilds\LCD_JDI_LCD_LPM013M126C\adafruit_adafruit_metro_m0\Debug\variant\variant.cpp.o
                0x20003e64                Serial1
 .bss.sercom3   0x20003f28        0x4 C:\Users\Kosala.Perera\AppData\Local\Temp\VMBuilds\LCD_JDI_LCD_LPM013M126C\adafruit_adafruit_metro_m0\Debug\variant\variant.cpp.o
                0x20003f28                sercom3
 .bss.sercom0   0x20003f2c        0x4 C:\Users\Kosala.Perera\AppData\Local\Temp\VMBuilds\LCD_JDI_LCD_LPM013M126C\adafruit_adafruit_metro_m0\Debug\variant\variant.cpp.o
                0x20003f2c                sercom0
 .bss.sercom1   0x20003f30        0x4 C:\Users\Kosala.Perera\AppData\Local\Temp\VMBuilds\LCD_JDI_LCD_LPM013M126C\adafruit_adafruit_metro_m0\Debug\variant\variant.cpp.o
                0x20003f30                sercom1
 .bss.sercom2   0x20003f34        0x4 C:\Users\Kosala.Perera\AppData\Local\Temp\VMBuilds\LCD_JDI_LCD_LPM013M126C\adafruit_adafruit_metro_m0\Debug\variant\variant.cpp.o
                0x20003f34                sercom2
 .bss.sercom4   0x20003f38        0x4 C:\Users\Kosala.Perera\AppData\Local\Temp\VMBuilds\LCD_JDI_LCD_LPM013M126C\adafruit_adafruit_metro_m0\Debug\variant\variant.cpp.o
                0x20003f38                sercom4
 .bss.sercom5   0x20003f3c        0x4 C:\Users\Kosala.Perera\AppData\Local\Temp\VMBuilds\LCD_JDI_LCD_LPM013M126C\adafruit_adafruit_metro_m0\Debug\variant\variant.cpp.o
                0x20003f3c                sercom5
 .bss.usb_isr   0x20003f40        0x4 C:\Users\Kosala.Perera\AppData\Local\Temp\VMBuilds\LCD_JDI_LCD_LPM013M126C\adafruit_adafruit_metro_m0\Debug/core.a(cortex_handlers.c.o)
 .bss._ulTickCount
                0x20003f44        0x4 C:\Users\Kosala.Perera\AppData\Local\Temp\VMBuilds\LCD_JDI_LCD_LPM013M126C\adafruit_adafruit_metro_m0\Debug/core.a(delay.c.o)
 .bss._ZL14isEndpointHalt
                0x20003f48        0x1 C:\Users\Kosala.Perera\AppData\Local\Temp\VMBuilds\LCD_JDI_LCD_LPM013M126C\adafruit_adafruit_metro_m0\Debug/core.a(USBCore.cpp.o)
 .bss._pack_buffer
                0x20003f49      0x100 C:\Users\Kosala.Perera\AppData\Local\Temp\VMBuilds\LCD_JDI_LCD_LPM013M126C\adafruit_adafruit_metro_m0\Debug/core.a(USBCore.cpp.o)
                0x20003f49                _pack_buffer
 *fill*         0x20004049        0x1 
 .bss._pack_size
                0x2000404a        0x2 C:\Users\Kosala.Perera\AppData\Local\Temp\VMBuilds\LCD_JDI_LCD_LPM013M126C\adafruit_adafruit_metro_m0\Debug/core.a(USBCore.cpp.o)
                0x2000404a                _pack_size
 .bss._ZL20LastTransmitTimedOut
                0x2000404c        0x7 C:\Users\Kosala.Perera\AppData\Local\Temp\VMBuilds\LCD_JDI_LCD_LPM013M126C\adafruit_adafruit_metro_m0\Debug/core.a(USBCore.cpp.o)
 *fill*         0x20004053        0x1 
 .bss._ZL22udd_ep_in_cache_buffer
                0x20004054      0x1c0 C:\Users\Kosala.Perera\AppData\Local\Temp\VMBuilds\LCD_JDI_LCD_LPM013M126C\adafruit_adafruit_metro_m0\Debug/core.a(USBCore.cpp.o)
 .bss._ZL10txLEDPulse
                0x20004214        0x1 C:\Users\Kosala.Perera\AppData\Local\Temp\VMBuilds\LCD_JDI_LCD_LPM013M126C\adafruit_adafruit_metro_m0\Debug/core.a(USBCore.cpp.o)
 *fill*         0x20004215        0x3 
 .bss._ZL23udd_ep_out_cache_buffer
                0x20004218      0x1c0 C:\Users\Kosala.Perera\AppData\Local\Temp\VMBuilds\LCD_JDI_LCD_LPM013M126C\adafruit_adafruit_metro_m0\Debug/core.a(USBCore.cpp.o)
 .bss._ZL10epHandlers
                0x200043d8       0x1c C:\Users\Kosala.Perera\AppData\Local\Temp\VMBuilds\LCD_JDI_LCD_LPM013M126C\adafruit_adafruit_metro_m0\Debug/core.a(USBCore.cpp.o)
 .bss._pack_message
                0x200043f4        0x1 C:\Users\Kosala.Perera\AppData\Local\Temp\VMBuilds\LCD_JDI_LCD_LPM013M126C\adafruit_adafruit_metro_m0\Debug/core.a(USBCore.cpp.o)
                0x200043f4                _pack_message
 .bss._ZL21isRemoteWakeUpEnabled
                0x200043f5        0x1 C:\Users\Kosala.Perera\AppData\Local\Temp\VMBuilds\LCD_JDI_LCD_LPM013M126C\adafruit_adafruit_metro_m0\Debug/core.a(USBCore.cpp.o)
 .bss._dry_run  0x200043f6        0x1 C:\Users\Kosala.Perera\AppData\Local\Temp\VMBuilds\LCD_JDI_LCD_LPM013M126C\adafruit_adafruit_metro_m0\Debug/core.a(USBCore.cpp.o)
                0x200043f6                _dry_run
 .bss.USBDevice
                0x200043f7        0x1 C:\Users\Kosala.Perera\AppData\Local\Temp\VMBuilds\LCD_JDI_LCD_LPM013M126C\adafruit_adafruit_metro_m0\Debug/core.a(USBCore.cpp.o)
                0x200043f7                USBDevice
 .bss._usbSetInterface
                0x200043f8        0x4 C:\Users\Kosala.Perera\AppData\Local\Temp\VMBuilds\LCD_JDI_LCD_LPM013M126C\adafruit_adafruit_metro_m0\Debug/core.a(USBCore.cpp.o)
                0x200043f8                _usbSetInterface
 .bss._ZL10rxLEDPulse
                0x200043fc        0x1 C:\Users\Kosala.Perera\AppData\Local\Temp\VMBuilds\LCD_JDI_LCD_LPM013M126C\adafruit_adafruit_metro_m0\Debug/core.a(USBCore.cpp.o)
 *fill*         0x200043fd        0x3 
 .bss.usbd      0x20004400      0x104 C:\Users\Kosala.Perera\AppData\Local\Temp\VMBuilds\LCD_JDI_LCD_LPM013M126C\adafruit_adafruit_metro_m0\Debug/core.a(USBCore.cpp.o)
                0x20004400                usbd
 .bss._usbConfiguration
                0x20004504        0x4 C:\Users\Kosala.Perera\AppData\Local\Temp\VMBuilds\LCD_JDI_LCD_LPM013M126C\adafruit_adafruit_metro_m0\Debug/core.a(USBCore.cpp.o)
                0x20004504                _usbConfiguration
 .bss.Serial    0x20004508       0x1c C:\Users\Kosala.Perera\AppData\Local\Temp\VMBuilds\LCD_JDI_LCD_LPM013M126C\adafruit_adafruit_metro_m0\Debug/core.a(CDC.cpp.o)
                0x20004508                Serial
 .bss._ZZ12PluggableUSBvE3obj
                0x20004524        0x8 C:\Users\Kosala.Perera\AppData\Local\Temp\VMBuilds\LCD_JDI_LCD_LPM013M126C\adafruit_adafruit_metro_m0\Debug/core.a(PluggableUSB.cpp.o)
 .bss._ZGVZ12PluggableUSBvE3obj
                0x2000452c        0x4 C:\Users\Kosala.Perera\AppData\Local\Temp\VMBuilds\LCD_JDI_LCD_LPM013M126C\adafruit_adafruit_metro_m0\Debug/core.a(PluggableUSB.cpp.o)
 .bss.__malloc_sbrk_start
                0x20004530        0x4 c:/users/kosala.perera/appdata/local/arduino15/packages/arduino/tools/arm-none-eabi-gcc/4.8.3-2014q1/bin/../lib/gcc/arm-none-eabi/4.8.3/../../../../arm-none-eabi/lib/armv6-m\libc_s.a(lib_a-nano-mallocr.o)
                0x20004530                __malloc_sbrk_start
 .bss.__malloc_free_list
                0x20004534        0x4 c:/users/kosala.perera/appdata/local/arduino15/packages/arduino/tools/arm-none-eabi-gcc/4.8.3-2014q1/bin/../lib/gcc/arm-none-eabi/4.8.3/../../../../arm-none-eabi/lib/armv6-m\libc_s.a(lib_a-nano-mallocr.o)
                0x20004534                __malloc_free_list
 .bss.heap_end.4243
                0x20004538        0x4 c:/users/kosala.perera/appdata/local/arduino15/packages/arduino/tools/arm-none-eabi-gcc/4.8.3-2014q1/bin/../lib/gcc/arm-none-eabi/4.8.3/../../../../arm-none-eabi/lib/armv6-m\libnosys.a(sbrk.o)
 *(COMMON)
 COMMON         0x2000453c        0x4 c:/users/kosala.perera/appdata/local/arduino15/packages/arduino/tools/arm-none-eabi-gcc/4.8.3-2014q1/bin/../lib/gcc/arm-none-eabi/4.8.3/../../../../arm-none-eabi/lib/armv6-m\libc_s.a(lib_a-reent.o)
                0x2000453c                errno
                0x20004540                . = ALIGN (0x4)
                0x20004540                __bss_end__ = .

.heap           0x20004540        0x0
                0x20004540                __end__ = .
                0x20004540                PROVIDE (end, .)
 *(.heap*)
                0x20004540                __HeapLimit = .

.stack_dummy    0x20004540        0x0
 *(.stack*)
                0x20008000                __StackTop = (ORIGIN (RAM) + 0x8000)
                0x20008000                __StackLimit = (__StackTop - SIZEOF (.stack_dummy))
                0x20008000                PROVIDE (__stack, __StackTop)
                0x20007fff                __ram_end__ = ((ORIGIN (RAM) + 0x8000) - 0x1)
                0x00000001                ASSERT ((__StackLimit >= __HeapLimit), region RAM overflowed with stack)
OUTPUT(C:\Users\Kosala.Perera\AppData\Local\Temp\VMBuilds\LCD_JDI_LCD_LPM013M126C\adafruit_adafruit_metro_m0\Debug/LCD_JDI_LCD_LPM013M126C.ino.elf elf32-littlearm)

.ARM.attributes
                0x00000000       0x28
 .ARM.attributes
                0x00000000       0x1e c:/users/kosala.perera/appdata/local/arduino15/packages/arduino/tools/arm-none-eabi-gcc/4.8.3-2014q1/bin/../lib/gcc/arm-none-eabi/4.8.3/armv6-m/crti.o
 .ARM.attributes
                0x0000001e       0x2c c:/users/kosala.perera/appdata/local/arduino15/packages/arduino/tools/arm-none-eabi-gcc/4.8.3-2014q1/bin/../lib/gcc/arm-none-eabi/4.8.3/armv6-m/crtbegin.o
 .ARM.attributes
                0x0000004a       0x32 C:\Users\Kosala.Perera\AppData\Local\Temp\VMBuilds\LCD_JDI_LCD_LPM013M126C\adafruit_adafruit_metro_m0\Debug\LCD_JDI_LCD_LPM013M126C.cpp.o
 .ARM.attributes
                0x0000007c       0x32 C:\Users\Kosala.Perera\AppData\Local\Temp\VMBuilds\LCD_JDI_LCD_LPM013M126C\adafruit_adafruit_metro_m0\Debug\Adafruit_GFX\Adafruit_GFX.cpp.o
 .ARM.attributes
                0x000000ae       0x32 C:\Users\Kosala.Perera\AppData\Local\Temp\VMBuilds\LCD_JDI_LCD_LPM013M126C\adafruit_adafruit_metro_m0\Debug\LCD_JDI_176\LCD_JDI_176.cpp.o
 .ARM.attributes
                0x000000e0       0x32 C:\Users\Kosala.Perera\AppData\Local\Temp\VMBuilds\LCD_JDI_LCD_LPM013M126C\adafruit_adafruit_metro_m0\Debug\SPI\SPI.cpp.o
 .ARM.attributes
                0x00000112       0x32 C:\Users\Kosala.Perera\AppData\Local\Temp\VMBuilds\LCD_JDI_LCD_LPM013M126C\adafruit_adafruit_metro_m0\Debug\variant\variant.cpp.o
 .ARM.attributes
                0x00000144       0x32 C:\Users\Kosala.Perera\AppData\Local\Temp\VMBuilds\LCD_JDI_LCD_LPM013M126C\adafruit_adafruit_metro_m0\Debug/core.a(cortex_handlers.c.o)
 .ARM.attributes
                0x00000176       0x32 C:\Users\Kosala.Perera\AppData\Local\Temp\VMBuilds\LCD_JDI_LCD_LPM013M126C\adafruit_adafruit_metro_m0\Debug/core.a(delay.c.o)
 .ARM.attributes
                0x000001a8       0x32 C:\Users\Kosala.Perera\AppData\Local\Temp\VMBuilds\LCD_JDI_LCD_LPM013M126C\adafruit_adafruit_metro_m0\Debug/core.a(hooks.c.o)
 .ARM.attributes
                0x000001da       0x32 C:\Users\Kosala.Perera\AppData\Local\Temp\VMBuilds\LCD_JDI_LCD_LPM013M126C\adafruit_adafruit_metro_m0\Debug/core.a(startup.c.o)
 .ARM.attributes
                0x0000020c       0x32 C:\Users\Kosala.Perera\AppData\Local\Temp\VMBuilds\LCD_JDI_LCD_LPM013M126C\adafruit_adafruit_metro_m0\Debug/core.a(wiring.c.o)
 .ARM.attributes
                0x0000023e       0x32 C:\Users\Kosala.Perera\AppData\Local\Temp\VMBuilds\LCD_JDI_LCD_LPM013M126C\adafruit_adafruit_metro_m0\Debug/core.a(wiring_analog.c.o)
 .ARM.attributes
                0x00000270       0x32 C:\Users\Kosala.Perera\AppData\Local\Temp\VMBuilds\LCD_JDI_LCD_LPM013M126C\adafruit_adafruit_metro_m0\Debug/core.a(wiring_digital.c.o)
 .ARM.attributes
                0x000002a2       0x32 C:\Users\Kosala.Perera\AppData\Local\Temp\VMBuilds\LCD_JDI_LCD_LPM013M126C\adafruit_adafruit_metro_m0\Debug/core.a(wiring_private.c.o)
 .ARM.attributes
                0x000002d4       0x32 C:\Users\Kosala.Perera\AppData\Local\Temp\VMBuilds\LCD_JDI_LCD_LPM013M126C\adafruit_adafruit_metro_m0\Debug/core.a(abi.cpp.o)
 .ARM.attributes
                0x00000306       0x32 C:\Users\Kosala.Perera\AppData\Local\Temp\VMBuilds\LCD_JDI_LCD_LPM013M126C\adafruit_adafruit_metro_m0\Debug/core.a(main.cpp.o)
 .ARM.attributes
                0x00000338       0x32 C:\Users\Kosala.Perera\AppData\Local\Temp\VMBuilds\LCD_JDI_LCD_LPM013M126C\adafruit_adafruit_metro_m0\Debug/core.a(Print.cpp.o)
 .ARM.attributes
                0x0000036a       0x32 C:\Users\Kosala.Perera\AppData\Local\Temp\VMBuilds\LCD_JDI_LCD_LPM013M126C\adafruit_adafruit_metro_m0\Debug/core.a(Reset.cpp.o)
 .ARM.attributes
                0x0000039c       0x32 C:\Users\Kosala.Perera\AppData\Local\Temp\VMBuilds\LCD_JDI_LCD_LPM013M126C\adafruit_adafruit_metro_m0\Debug/core.a(SERCOM.cpp.o)
 .ARM.attributes
                0x000003ce       0x32 C:\Users\Kosala.Perera\AppData\Local\Temp\VMBuilds\LCD_JDI_LCD_LPM013M126C\adafruit_adafruit_metro_m0\Debug/core.a(Uart.cpp.o)
 .ARM.attributes
                0x00000400       0x32 C:\Users\Kosala.Perera\AppData\Local\Temp\VMBuilds\LCD_JDI_LCD_LPM013M126C\adafruit_adafruit_metro_m0\Debug/core.a(USBCore.cpp.o)
 .ARM.attributes
                0x00000432       0x32 C:\Users\Kosala.Perera\AppData\Local\Temp\VMBuilds\LCD_JDI_LCD_LPM013M126C\adafruit_adafruit_metro_m0\Debug/core.a(new.cpp.o)
 .ARM.attributes
                0x00000464       0x32 C:\Users\Kosala.Perera\AppData\Local\Temp\VMBuilds\LCD_JDI_LCD_LPM013M126C\adafruit_adafruit_metro_m0\Debug/core.a(RingBuffer.cpp.o)
 .ARM.attributes
                0x00000496       0x32 C:\Users\Kosala.Perera\AppData\Local\Temp\VMBuilds\LCD_JDI_LCD_LPM013M126C\adafruit_adafruit_metro_m0\Debug/core.a(CDC.cpp.o)
 .ARM.attributes
                0x000004c8       0x32 C:\Users\Kosala.Perera\AppData\Local\Temp\VMBuilds\LCD_JDI_LCD_LPM013M126C\adafruit_adafruit_metro_m0\Debug/core.a(PluggableUSB.cpp.o)
 .ARM.attributes
                0x000004fa       0x32 C:\Users\Kosala.Perera\AppData\Local\Temp\VMBuilds\LCD_JDI_LCD_LPM013M126C\adafruit_adafruit_metro_m0\Debug/core.a(SAMD21_USBDevice.cpp.o)
 .ARM.attributes
                0x0000052c       0x1e c:/users/kosala.perera/appdata/local/arduino15/packages/arduino/tools/arm-none-eabi-gcc/4.8.3-2014q1/bin/../lib/gcc/arm-none-eabi/4.8.3/armv6-m\libgcc.a(_thumb1_case_uqi.o)
 .ARM.attributes
                0x0000054a       0x1e c:/users/kosala.perera/appdata/local/arduino15/packages/arduino/tools/arm-none-eabi-gcc/4.8.3-2014q1/bin/../lib/gcc/arm-none-eabi/4.8.3/armv6-m\libgcc.a(_udivsi3.o)
 .ARM.attributes
                0x00000568       0x1e c:/users/kosala.perera/appdata/local/arduino15/packages/arduino/tools/arm-none-eabi-gcc/4.8.3-2014q1/bin/../lib/gcc/arm-none-eabi/4.8.3/armv6-m\libgcc.a(_divsi3.o)
 .ARM.attributes
                0x00000586       0x1e c:/users/kosala.perera/appdata/local/arduino15/packages/arduino/tools/arm-none-eabi-gcc/4.8.3-2014q1/bin/../lib/gcc/arm-none-eabi/4.8.3/armv6-m\libgcc.a(_dvmd_tls.o)
 .ARM.attributes
                0x000005a4       0x2c c:/users/kosala.perera/appdata/local/arduino15/packages/arduino/tools/arm-none-eabi-gcc/4.8.3-2014q1/bin/../lib/gcc/arm-none-eabi/4.8.3/../../../../arm-none-eabi/lib/armv6-m\libc_s.a(lib_a-impure.o)
 .ARM.attributes
                0x000005d0       0x2c c:/users/kosala.perera/appdata/local/arduino15/packages/arduino/tools/arm-none-eabi-gcc/4.8.3-2014q1/bin/../lib/gcc/arm-none-eabi/4.8.3/../../../../arm-none-eabi/lib/armv6-m\libc_s.a(lib_a-init.o)
 .ARM.attributes
                0x000005fc       0x2c c:/users/kosala.perera/appdata/local/arduino15/packages/arduino/tools/arm-none-eabi-gcc/4.8.3-2014q1/bin/../lib/gcc/arm-none-eabi/4.8.3/../../../../arm-none-eabi/lib/armv6-m\libc_s.a(lib_a-malloc.o)
 .ARM.attributes
                0x00000628       0x2c c:/users/kosala.perera/appdata/local/arduino15/packages/arduino/tools/arm-none-eabi-gcc/4.8.3-2014q1/bin/../lib/gcc/arm-none-eabi/4.8.3/../../../../arm-none-eabi/lib/armv6-m\libc_s.a(lib_a-memcpy-stub.o)
 .ARM.attributes
                0x00000654       0x2c c:/users/kosala.perera/appdata/local/arduino15/packages/arduino/tools/arm-none-eabi-gcc/4.8.3-2014q1/bin/../lib/gcc/arm-none-eabi/4.8.3/../../../../arm-none-eabi/lib/armv6-m\libc_s.a(lib_a-memset.o)
 .ARM.attributes
                0x00000680       0x2c c:/users/kosala.perera/appdata/local/arduino15/packages/arduino/tools/arm-none-eabi-gcc/4.8.3-2014q1/bin/../lib/gcc/arm-none-eabi/4.8.3/../../../../arm-none-eabi/lib/armv6-m\libc_s.a(lib_a-nano-mallocr.o)
 .ARM.attributes
                0x000006ac       0x2c c:/users/kosala.perera/appdata/local/arduino15/packages/arduino/tools/arm-none-eabi-gcc/4.8.3-2014q1/bin/../lib/gcc/arm-none-eabi/4.8.3/../../../../arm-none-eabi/lib/armv6-m\libc_s.a(lib_a-sbrkr.o)
 .ARM.attributes
                0x000006d8       0x2c c:/users/kosala.perera/appdata/local/arduino15/packages/arduino/tools/arm-none-eabi-gcc/4.8.3-2014q1/bin/../lib/gcc/arm-none-eabi/4.8.3/../../../../arm-none-eabi/lib/armv6-m\libc_s.a(lib_a-strlen.o)
 .ARM.attributes
                0x00000704       0x2c c:/users/kosala.perera/appdata/local/arduino15/packages/arduino/tools/arm-none-eabi-gcc/4.8.3-2014q1/bin/../lib/gcc/arm-none-eabi/4.8.3/../../../../arm-none-eabi/lib/armv6-m\libc_s.a(lib_a-findfp.o)
 .ARM.attributes
                0x00000730       0x2c c:/users/kosala.perera/appdata/local/arduino15/packages/arduino/tools/arm-none-eabi-gcc/4.8.3-2014q1/bin/../lib/gcc/arm-none-eabi/4.8.3/../../../../arm-none-eabi/lib/armv6-m\libc_s.a(lib_a-reent.o)
 .ARM.attributes
                0x0000075c       0x2c c:/users/kosala.perera/appdata/local/arduino15/packages/arduino/tools/arm-none-eabi-gcc/4.8.3-2014q1/bin/../lib/gcc/arm-none-eabi/4.8.3/../../../../arm-none-eabi/lib/armv6-m\libnosys.a(sbrk.o)
 .ARM.attributes
                0x00000788       0x2c c:/users/kosala.perera/appdata/local/arduino15/packages/arduino/tools/arm-none-eabi-gcc/4.8.3-2014q1/bin/../lib/gcc/arm-none-eabi/4.8.3/armv6-m/crtend.o
 .ARM.attributes
                0x000007b4       0x1e c:/users/kosala.perera/appdata/local/arduino15/packages/arduino/tools/arm-none-eabi-gcc/4.8.3-2014q1/bin/../lib/gcc/arm-none-eabi/4.8.3/armv6-m/crtn.o

.comment        0x00000000       0x70
 .comment       0x00000000       0x70 C:\Users\Kosala.Perera\AppData\Local\Temp\VMBuilds\LCD_JDI_LCD_LPM013M126C\adafruit_adafruit_metro_m0\Debug\LCD_JDI_LCD_LPM013M126C.cpp.o
                                 0x71 (size before relaxing)
 .comment       0x00000000       0x71 C:\Users\Kosala.Perera\AppData\Local\Temp\VMBuilds\LCD_JDI_LCD_LPM013M126C\adafruit_adafruit_metro_m0\Debug\Adafruit_GFX\Adafruit_GFX.cpp.o
 .comment       0x00000000       0x71 C:\Users\Kosala.Perera\AppData\Local\Temp\VMBuilds\LCD_JDI_LCD_LPM013M126C\adafruit_adafruit_metro_m0\Debug\LCD_JDI_176\LCD_JDI_176.cpp.o
 .comment       0x00000000       0x71 C:\Users\Kosala.Perera\AppData\Local\Temp\VMBuilds\LCD_JDI_LCD_LPM013M126C\adafruit_adafruit_metro_m0\Debug\SPI\SPI.cpp.o
 .comment       0x00000000       0x71 C:\Users\Kosala.Perera\AppData\Local\Temp\VMBuilds\LCD_JDI_LCD_LPM013M126C\adafruit_adafruit_metro_m0\Debug\variant\variant.cpp.o
 .comment       0x00000000       0x71 C:\Users\Kosala.Perera\AppData\Local\Temp\VMBuilds\LCD_JDI_LCD_LPM013M126C\adafruit_adafruit_metro_m0\Debug/core.a(cortex_handlers.c.o)
 .comment       0x00000000       0x71 C:\Users\Kosala.Perera\AppData\Local\Temp\VMBuilds\LCD_JDI_LCD_LPM013M126C\adafruit_adafruit_metro_m0\Debug/core.a(delay.c.o)
 .comment       0x00000000       0x71 C:\Users\Kosala.Perera\AppData\Local\Temp\VMBuilds\LCD_JDI_LCD_LPM013M126C\adafruit_adafruit_metro_m0\Debug/core.a(hooks.c.o)
 .comment       0x00000000       0x71 C:\Users\Kosala.Perera\AppData\Local\Temp\VMBuilds\LCD_JDI_LCD_LPM013M126C\adafruit_adafruit_metro_m0\Debug/core.a(startup.c.o)
 .comment       0x00000000       0x71 C:\Users\Kosala.Perera\AppData\Local\Temp\VMBuilds\LCD_JDI_LCD_LPM013M126C\adafruit_adafruit_metro_m0\Debug/core.a(wiring.c.o)
 .comment       0x00000000       0x71 C:\Users\Kosala.Perera\AppData\Local\Temp\VMBuilds\LCD_JDI_LCD_LPM013M126C\adafruit_adafruit_metro_m0\Debug/core.a(wiring_analog.c.o)
 .comment       0x00000000       0x71 C:\Users\Kosala.Perera\AppData\Local\Temp\VMBuilds\LCD_JDI_LCD_LPM013M126C\adafruit_adafruit_metro_m0\Debug/core.a(wiring_digital.c.o)
 .comment       0x00000000       0x71 C:\Users\Kosala.Perera\AppData\Local\Temp\VMBuilds\LCD_JDI_LCD_LPM013M126C\adafruit_adafruit_metro_m0\Debug/core.a(wiring_private.c.o)
 .comment       0x00000000       0x71 C:\Users\Kosala.Perera\AppData\Local\Temp\VMBuilds\LCD_JDI_LCD_LPM013M126C\adafruit_adafruit_metro_m0\Debug/core.a(abi.cpp.o)
 .comment       0x00000000       0x71 C:\Users\Kosala.Perera\AppData\Local\Temp\VMBuilds\LCD_JDI_LCD_LPM013M126C\adafruit_adafruit_metro_m0\Debug/core.a(main.cpp.o)
 .comment       0x00000000       0x71 C:\Users\Kosala.Perera\AppData\Local\Temp\VMBuilds\LCD_JDI_LCD_LPM013M126C\adafruit_adafruit_metro_m0\Debug/core.a(Print.cpp.o)
 .comment       0x00000000       0x71 C:\Users\Kosala.Perera\AppData\Local\Temp\VMBuilds\LCD_JDI_LCD_LPM013M126C\adafruit_adafruit_metro_m0\Debug/core.a(Reset.cpp.o)
 .comment       0x00000000       0x71 C:\Users\Kosala.Perera\AppData\Local\Temp\VMBuilds\LCD_JDI_LCD_LPM013M126C\adafruit_adafruit_metro_m0\Debug/core.a(SERCOM.cpp.o)
 .comment       0x00000000       0x71 C:\Users\Kosala.Perera\AppData\Local\Temp\VMBuilds\LCD_JDI_LCD_LPM013M126C\adafruit_adafruit_metro_m0\Debug/core.a(Uart.cpp.o)
 .comment       0x00000000       0x71 C:\Users\Kosala.Perera\AppData\Local\Temp\VMBuilds\LCD_JDI_LCD_LPM013M126C\adafruit_adafruit_metro_m0\Debug/core.a(USBCore.cpp.o)
 .comment       0x00000000       0x71 C:\Users\Kosala.Perera\AppData\Local\Temp\VMBuilds\LCD_JDI_LCD_LPM013M126C\adafruit_adafruit_metro_m0\Debug/core.a(new.cpp.o)
 .comment       0x00000000       0x71 C:\Users\Kosala.Perera\AppData\Local\Temp\VMBuilds\LCD_JDI_LCD_LPM013M126C\adafruit_adafruit_metro_m0\Debug/core.a(RingBuffer.cpp.o)
 .comment       0x00000000       0x71 C:\Users\Kosala.Perera\AppData\Local\Temp\VMBuilds\LCD_JDI_LCD_LPM013M126C\adafruit_adafruit_metro_m0\Debug/core.a(CDC.cpp.o)
 .comment       0x00000000       0x71 C:\Users\Kosala.Perera\AppData\Local\Temp\VMBuilds\LCD_JDI_LCD_LPM013M126C\adafruit_adafruit_metro_m0\Debug/core.a(PluggableUSB.cpp.o)
 .comment       0x00000000       0x71 C:\Users\Kosala.Perera\AppData\Local\Temp\VMBuilds\LCD_JDI_LCD_LPM013M126C\adafruit_adafruit_metro_m0\Debug/core.a(SAMD21_USBDevice.cpp.o)

.debug_info     0x00000000    0x4b143
 .debug_info    0x00000000     0x2922 C:\Users\Kosala.Perera\AppData\Local\Temp\VMBuilds\LCD_JDI_LCD_LPM013M126C\adafruit_adafruit_metro_m0\Debug\LCD_JDI_LCD_LPM013M126C.cpp.o
 .debug_info    0x00002922     0x6eac C:\Users\Kosala.Perera\AppData\Local\Temp\VMBuilds\LCD_JDI_LCD_LPM013M126C\adafruit_adafruit_metro_m0\Debug\Adafruit_GFX\Adafruit_GFX.cpp.o
 .debug_info    0x000097ce     0x4f52 C:\Users\Kosala.Perera\AppData\Local\Temp\VMBuilds\LCD_JDI_LCD_LPM013M126C\adafruit_adafruit_metro_m0\Debug\LCD_JDI_176\LCD_JDI_176.cpp.o
 .debug_info    0x0000e720     0x5e40 C:\Users\Kosala.Perera\AppData\Local\Temp\VMBuilds\LCD_JDI_LCD_LPM013M126C\adafruit_adafruit_metro_m0\Debug\SPI\SPI.cpp.o
 .debug_info    0x00014560     0x54fb C:\Users\Kosala.Perera\AppData\Local\Temp\VMBuilds\LCD_JDI_LCD_LPM013M126C\adafruit_adafruit_metro_m0\Debug\variant\variant.cpp.o
 .debug_info    0x00019a5b      0x55b C:\Users\Kosala.Perera\AppData\Local\Temp\VMBuilds\LCD_JDI_LCD_LPM013M126C\adafruit_adafruit_metro_m0\Debug/core.a(cortex_handlers.c.o)
 .debug_info    0x00019fb6      0x3d6 C:\Users\Kosala.Perera\AppData\Local\Temp\VMBuilds\LCD_JDI_LCD_LPM013M126C\adafruit_adafruit_metro_m0\Debug/core.a(delay.c.o)
 .debug_info    0x0001a38c       0x60 C:\Users\Kosala.Perera\AppData\Local\Temp\VMBuilds\LCD_JDI_LCD_LPM013M126C\adafruit_adafruit_metro_m0\Debug/core.a(hooks.c.o)
 .debug_info    0x0001a3ec     0x2973 C:\Users\Kosala.Perera\AppData\Local\Temp\VMBuilds\LCD_JDI_LCD_LPM013M126C\adafruit_adafruit_metro_m0\Debug/core.a(startup.c.o)
 .debug_info    0x0001cd5f     0x1e50 C:\Users\Kosala.Perera\AppData\Local\Temp\VMBuilds\LCD_JDI_LCD_LPM013M126C\adafruit_adafruit_metro_m0\Debug/core.a(wiring.c.o)
 .debug_info    0x0001ebaf     0x443b C:\Users\Kosala.Perera\AppData\Local\Temp\VMBuilds\LCD_JDI_LCD_LPM013M126C\adafruit_adafruit_metro_m0\Debug/core.a(wiring_analog.c.o)
 .debug_info    0x00022fea      0xc14 C:\Users\Kosala.Perera\AppData\Local\Temp\VMBuilds\LCD_JDI_LCD_LPM013M126C\adafruit_adafruit_metro_m0\Debug/core.a(wiring_digital.c.o)
 .debug_info    0x00023bfe      0xbfd C:\Users\Kosala.Perera\AppData\Local\Temp\VMBuilds\LCD_JDI_LCD_LPM013M126C\adafruit_adafruit_metro_m0\Debug/core.a(wiring_private.c.o)
 .debug_info    0x000247fb       0xa4 C:\Users\Kosala.Perera\AppData\Local\Temp\VMBuilds\LCD_JDI_LCD_LPM013M126C\adafruit_adafruit_metro_m0\Debug/core.a(abi.cpp.o)
 .debug_info    0x0002489f     0x276a C:\Users\Kosala.Perera\AppData\Local\Temp\VMBuilds\LCD_JDI_LCD_LPM013M126C\adafruit_adafruit_metro_m0\Debug/core.a(main.cpp.o)
 .debug_info    0x00027009     0x4561 C:\Users\Kosala.Perera\AppData\Local\Temp\VMBuilds\LCD_JDI_LCD_LPM013M126C\adafruit_adafruit_metro_m0\Debug/core.a(Print.cpp.o)
 .debug_info    0x0002b56a     0x265e C:\Users\Kosala.Perera\AppData\Local\Temp\VMBuilds\LCD_JDI_LCD_LPM013M126C\adafruit_adafruit_metro_m0\Debug/core.a(Reset.cpp.o)
 .debug_info    0x0002dbc8     0x584b C:\Users\Kosala.Perera\AppData\Local\Temp\VMBuilds\LCD_JDI_LCD_LPM013M126C\adafruit_adafruit_metro_m0\Debug/core.a(SERCOM.cpp.o)
 .debug_info    0x00033413     0x68a4 C:\Users\Kosala.Perera\AppData\Local\Temp\VMBuilds\LCD_JDI_LCD_LPM013M126C\adafruit_adafruit_metro_m0\Debug/core.a(Uart.cpp.o)
 .debug_info    0x00039cb7     0x7c44 C:\Users\Kosala.Perera\AppData\Local\Temp\VMBuilds\LCD_JDI_LCD_LPM013M126C\adafruit_adafruit_metro_m0\Debug/core.a(USBCore.cpp.o)