Archive member included because of file (symbol)

C:\Users\Kosala.Perera\AppData\Local\Temp\VMBuilds\LCD_JDI_example\adafruit_adafruit_metro_m0\Debug/core.a(cortex_handlers.c.o)
                              (Reset_Handler)
C:\Users\Kosala.Perera\AppData\Local\Temp\VMBuilds\LCD_JDI_example\adafruit_adafruit_metro_m0\Debug/core.a(delay.c.o)
                              C:\Users\Kosala.Perera\AppData\Local\Temp\VMBuilds\LCD_JDI_example\adafruit_adafruit_metro_m0\Debug\Ticker\Ticker.cpp.o (millis)
C:\Users\Kosala.Perera\AppData\Local\Temp\VMBuilds\LCD_JDI_example\adafruit_adafruit_metro_m0\Debug/core.a(hooks.c.o)
                              C:\Users\Kosala.Perera\AppData\Local\Temp\VMBuilds\LCD_JDI_example\adafruit_adafruit_metro_m0\Debug/core.a(delay.c.o) (yield)
C:\Users\Kosala.Perera\AppData\Local\Temp\VMBuilds\LCD_JDI_example\adafruit_adafruit_metro_m0\Debug/core.a(startup.c.o)
                              C:\Users\Kosala.Perera\AppData\Local\Temp\VMBuilds\LCD_JDI_example\adafruit_adafruit_metro_m0\Debug/core.a(cortex_handlers.c.o) (SystemInit)
C:\Users\Kosala.Perera\AppData\Local\Temp\VMBuilds\LCD_JDI_example\adafruit_adafruit_metro_m0\Debug/core.a(wiring.c.o)
                              C:\Users\Kosala.Perera\AppData\Local\Temp\VMBuilds\LCD_JDI_example\adafruit_adafruit_metro_m0\Debug/core.a(startup.c.o) (SystemCoreClock)
C:\Users\Kosala.Perera\AppData\Local\Temp\VMBuilds\LCD_JDI_example\adafruit_adafruit_metro_m0\Debug/core.a(wiring_analog.c.o)
                              C:\Users\Kosala.Perera\AppData\Local\Temp\VMBuilds\LCD_JDI_example\adafruit_adafruit_metro_m0\Debug/core.a(wiring.c.o) (analogReference)
C:\Users\Kosala.Perera\AppData\Local\Temp\VMBuilds\LCD_JDI_example\adafruit_adafruit_metro_m0\Debug/core.a(wiring_digital.c.o)
                              C:\Users\Kosala.Perera\AppData\Local\Temp\VMBuilds\LCD_JDI_example\adafruit_adafruit_metro_m0\Debug\Adafruit_GFX\Adafruit_SPITFT.cpp.o (pinMode)
C:\Users\Kosala.Perera\AppData\Local\Temp\VMBuilds\LCD_JDI_example\adafruit_adafruit_metro_m0\Debug/core.a(wiring_private.c.o)
                              C:\Users\Kosala.Perera\AppData\Local\Temp\VMBuilds\LCD_JDI_example\adafruit_adafruit_metro_m0\Debug\SPI\SPI.cpp.o (pinPeripheral)
C:\Users\Kosala.Perera\AppData\Local\Temp\VMBuilds\LCD_JDI_example\adafruit_adafruit_metro_m0\Debug/core.a(abi.cpp.o)
                              C:\Users\Kosala.Perera\AppData\Local\Temp\VMBuilds\LCD_JDI_example\adafruit_adafruit_metro_m0\Debug\Adafruit_GFX\Adafruit_GFX.cpp.o (__cxa_pure_virtual)
C:\Users\Kosala.Perera\AppData\Local\Temp\VMBuilds\LCD_JDI_example\adafruit_adafruit_metro_m0\Debug/core.a(main.cpp.o)
                              c:/users/kosala.perera/appdata/local/arduino15/packages/arduino/tools/arm-none-eabi-gcc/4.8.3-2014q1/bin/../lib/gcc/arm-none-eabi/4.8.3/../../../../arm-none-eabi/lib/armv6-m/crt0.o (main)
C:\Users\Kosala.Perera\AppData\Local\Temp\VMBuilds\LCD_JDI_example\adafruit_adafruit_metro_m0\Debug/core.a(Print.cpp.o)
                              C:\Users\Kosala.Perera\AppData\Local\Temp\VMBuilds\LCD_JDI_example\adafruit_adafruit_metro_m0\Debug\Adafruit_GFX\Adafruit_GFX.cpp.o (Print::write(unsigned char const*, unsigned int))
C:\Users\Kosala.Perera\AppData\Local\Temp\VMBuilds\LCD_JDI_example\adafruit_adafruit_metro_m0\Debug/core.a(Reset.cpp.o)
                              C:\Users\Kosala.Perera\AppData\Local\Temp\VMBuilds\LCD_JDI_example\adafruit_adafruit_metro_m0\Debug/core.a(delay.c.o) (tickReset)
C:\Users\Kosala.Perera\AppData\Local\Temp\VMBuilds\LCD_JDI_example\adafruit_adafruit_metro_m0\Debug/core.a(SERCOM.cpp.o)
                              C:\Users\Kosala.Perera\AppData\Local\Temp\VMBuilds\LCD_JDI_example\adafruit_adafruit_metro_m0\Debug\variant\variant.cpp.o (SERCOM::SERCOM(Sercom*))
C:\Users\Kosala.Perera\AppData\Local\Temp\VMBuilds\LCD_JDI_example\adafruit_adafruit_metro_m0\Debug/core.a(Uart.cpp.o)
                              C:\Users\Kosala.Perera\AppData\Local\Temp\VMBuilds\LCD_JDI_example\adafruit_adafruit_metro_m0\Debug\variant\variant.cpp.o (Uart::Uart(SERCOM*, unsigned char, unsigned char, SercomRXPad, SercomUartTXPad))
C:\Users\Kosala.Perera\AppData\Local\Temp\VMBuilds\LCD_JDI_example\adafruit_adafruit_metro_m0\Debug/core.a(USBCore.cpp.o)
                              C:\Users\Kosala.Perera\AppData\Local\Temp\VMBuilds\LCD_JDI_example\adafruit_adafruit_metro_m0\Debug/core.a(main.cpp.o) (USBDeviceClass::init())
C:\Users\Kosala.Perera\AppData\Local\Temp\VMBuilds\LCD_JDI_example\adafruit_adafruit_metro_m0\Debug/core.a(new.cpp.o)
                              C:\Users\Kosala.Perera\AppData\Local\Temp\VMBuilds\LCD_JDI_example\adafruit_adafruit_metro_m0\Debug/core.a(USBCore.cpp.o) (operator new(unsigned int))
C:\Users\Kosala.Perera\AppData\Local\Temp\VMBuilds\LCD_JDI_example\adafruit_adafruit_metro_m0\Debug/core.a(RingBuffer.cpp.o)
[...]
Memory Configuration

Name             Origin             Length             Attributes
FLASH            0x00002000         0x0003e000         xr
RAM              0x20000000         0x00008000         xrw
*default*        0x00000000         0xffffffff

Linker script and memory map

LOAD c:/users/kosala.perera/appdata/local/arduino15/packages/arduino/tools/arm-none-eabi-gcc/4.8.3-2014q1/bin/../lib/gcc/arm-none-eabi/4.8.3/armv6-m/crti.o
LOAD c:/users/kosala.perera/appdata/local/arduino15/packages/arduino/tools/arm-none-eabi-gcc/4.8.3-2014q1/bin/../lib/gcc/arm-none-eabi/4.8.3/armv6-m/crtbegin.o
LOAD c:/users/kosala.perera/appdata/local/arduino15/packages/arduino/tools/arm-none-eabi-gcc/4.8.3-2014q1/bin/../lib/gcc/arm-none-eabi/4.8.3/../../../../arm-none-eabi/lib/armv6-m/crt0.o
LOAD C:\Users\Kosala.Perera\AppData\Local\Temp\VMBuilds\LCD_JDI_example\adafruit_adafruit_metro_m0\Debug\LCD_JDI_example.cpp.o
LOAD C:\Users\Kosala.Perera\AppData\Local\Temp\VMBuilds\LCD_JDI_example\adafruit_adafruit_metro_m0\Debug\Adafruit_GFX\glcdfont.c.o
LOAD C:\Users\Kosala.Perera\AppData\Local\Temp\VMBuilds\LCD_JDI_example\adafruit_adafruit_metro_m0\Debug\Adafruit_GFX\Adafruit_GFX.cpp.o
LOAD C:\Users\Kosala.Perera\AppData\Local\Temp\VMBuilds\LCD_JDI_example\adafruit_adafruit_metro_m0\Debug\Adafruit_GFX\Adafruit_SPITFT.cpp.o
LOAD C:\Users\Kosala.Perera\AppData\Local\Temp\VMBuilds\LCD_JDI_example\adafruit_adafruit_metro_m0\Debug\LCD_JDI\LCD_JDI.cpp.o
LOAD C:\Users\Kosala.Perera\AppData\Local\Temp\VMBuilds\LCD_JDI_example\adafruit_adafruit_metro_m0\Debug\SPI\SPI.cpp.o
LOAD C:\Users\Kosala.Perera\AppData\Local\Temp\VMBuilds\LCD_JDI_example\adafruit_adafruit_metro_m0\Debug\Ticker\Ticker.cpp.o
LOAD C:\Users\Kosala.Perera\AppData\Local\Temp\VMBuilds\LCD_JDI_example\adafruit_adafruit_metro_m0\Debug\variant\variant.cpp.o
START GROUP
LOAD C:\Users\Kosala.Perera\AppData\Local\arduino15\packages\arduino\tools\CMSIS\4.5.0/CMSIS/Lib/GCC/\libarm_cortexM0l_math.a
LOAD c:/users/kosala.perera/appdata/local/arduino15/packages/arduino/tools/arm-none-eabi-gcc/4.8.3-2014q1/bin/../lib/gcc/arm-none-eabi/4.8.3/../../../../arm-none-eabi/lib/armv6-m\libm.a
LOAD C:\Users\Kosala.Perera\AppData\Local\Temp\VMBuilds\LCD_JDI_example\adafruit_adafruit_metro_m0\Debug/core.a
END GROUP
START GROUP
LOAD c:/users/kosala.perera/appdata/local/arduino15/packages/arduino/tools/arm-none-eabi-gcc/4.8.3-2014q1/bin/../lib/gcc/arm-none-eabi/4.8.3/armv6-m\libgcc.a
LOAD c:/users/kosala.perera/appdata/local/arduino15/packages/arduino/tools/arm-none-eabi-gcc/4.8.3-2014q1/bin/../lib/gcc/arm-none-eabi/4.8.3/../../../../arm-none-eabi/lib/armv6-m\libc_s.a
END GROUP
START GROUP
LOAD c:/users/kosala.perera/appdata/local/arduino15/packages/arduino/tools/arm-none-eabi-gcc/4.8.3-2014q1/bin/../lib/gcc/arm-none-eabi/4.8.3/armv6-m\libgcc.a
LOAD c:/users/kosala.perera/appdata/local/arduino15/packages/arduino/tools/arm-none-eabi-gcc/4.8.3-2014q1/bin/../lib/gcc/arm-none-eabi/4.8.3/../../../../arm-none-eabi/lib/armv6-m\libc_s.a
LOAD c:/users/kosala.perera/appdata/local/arduino15/packages/arduino/tools/arm-none-eabi-gcc/4.8.3-2014q1/bin/../lib/gcc/arm-none-eabi/4.8.3/../../../../arm-none-eabi/lib/armv6-m\libnosys.a
END GROUP
START GROUP
LOAD c:/users/kosala.perera/appdata/local/arduino15/packages/arduino/tools/arm-none-eabi-gcc/4.8.3-2014q1/bin/../lib/gcc/arm-none-eabi/4.8.3/armv6-m\libgcc.a
LOAD c:/users/kosala.perera/appdata/local/arduino15/packages/arduino/tools/arm-none-eabi-gcc/4.8.3-2014q1/bin/../lib/gcc/arm-none-eabi/4.8.3/../../../../arm-none-eabi/lib/armv6-m\libc_s.a
LOAD c:/users/kosala.perera/appdata/local/arduino15/packages/arduino/tools/arm-none-eabi-gcc/4.8.3-2014q1/bin/../lib/gcc/arm-none-eabi/4.8.3/../../../../arm-none-eabi/lib/armv6-m\libnosys.a
END GROUP
LOAD c:/users/kosala.perera/appdata/local/arduino15/packages/arduino/tools/arm-none-eabi-gcc/4.8.3-2014q1/bin/../lib/gcc/arm-none-eabi/4.8.3/armv6-m/crtend.o
LOAD c:/users/kosala.perera/appdata/local/arduino15/packages/arduino/tools/arm-none-eabi-gcc/4.8.3-2014q1/bin/../lib/gcc/arm-none-eabi/4.8.3/armv6-m/crtn.o

.text           0x00002000     0x3e44
                0x00002000                __text_start__ = .
 *(.isr_vector)
 .isr_vector    0x00002000       0xb4 C:\Users\Kosala.Perera\AppData\Local\Temp\VMBuilds\LCD_JDI_example\adafruit_adafruit_metro_m0\Debug/core.a(cortex_handlers.c.o)
                0x00002000                exception_table
 *(.text*)
 .text          0x000020b4       0x60 c:/users/kosala.perera/appdata/local/arduino15/packages/arduino/tools/arm-none-eabi-gcc/4.8.3-2014q1/bin/../lib/gcc/arm-none-eabi/4.8.3/armv6-m/crtbegin.o
 .text._Z19pollingTimerHandlerv
                0x00002114       0x10 C:\Users\Kosala.Perera\AppData\Local\Temp\VMBuilds\LCD_JDI_example\adafruit_adafruit_metro_m0\Debug\LCD_JDI_example.cpp.o
                0x00002114                pollingTimerHandler()
 .text.setup    0x00002124       0x20 C:\Users\Kosala.Perera\AppData\Local\Temp\VMBuilds\LCD_JDI_example\adafruit_adafruit_metro_m0\Debug\LCD_JDI_example.cpp.o
                0x00002124                setup
 .text._Z8drawTextPcS_h
                0x00002144       0x6c C:\Users\Kosala.Perera\AppData\Local\Temp\VMBuilds\LCD_JDI_example\adafruit_adafruit_metro_m0\Debug\LCD_JDI_example.cpp.o
                0x00002144                drawText(char*, char*, unsigned char)
 .text.startup._GLOBAL__sub_I_display
                0x000021b0       0x58 C:\Users\Kosala.Perera\AppData\Local\Temp\VMBuilds\LCD_JDI_example\adafruit_adafruit_metro_m0\Debug\LCD_JDI_example.cpp.o
 .text._Z14drawEightColorv
                0x00002208       0x78 C:\Users\Kosala.Perera\AppData\Local\Temp\VMBuilds\LCD_JDI_example\adafruit_adafruit_metro_m0\Debug\LCD_JDI_example.cpp.o
                0x00002208                drawEightColor()
 .text._Z11drawRainManv
                0x00002280      0x17c C:\Users\Kosala.Perera\AppData\Local\Temp\VMBuilds\LCD_JDI_example\adafruit_adafruit_metro_m0\Debug\LCD_JDI_example.cpp.o
                0x00002280                drawRainMan()
 .text.loop     0x000023fc       0xa0 C:\Users\Kosala.Perera\AppData\Local\Temp\VMBuilds\LCD_JDI_example\adafruit_adafruit_metro_m0\Debug\LCD_JDI_example.cpp.o
                0x000023fc                loop
 .text._ZN12Adafruit_GFX9writeLineEsssst
                0x0000249c       0xd4 C:\Users\Kosala.Perera\AppData\Local\Temp\VMBuilds\LCD_JDI_example\adafruit_adafruit_metro_m0\Debug\Adafruit_GFX\Adafruit_GFX.cpp.o
                0x0000249c                Adafruit_GFX::writeLine(short, short, short, short, unsigned short)
 .text._ZN12Adafruit_GFX10startWriteEv
                0x00002570        0x2 C:\Users\Kosala.Perera\AppData\Local\Temp\VMBuilds\LCD_JDI_example\adafruit_adafruit_metro_m0\Debug\Adafruit_GFX\Adafruit_GFX.cpp.o
                0x00002570                Adafruit_GFX::startWrite()
 .text._ZN12Adafruit_GFX10writePixelEsst
                0x00002572        0xa C:\Users\Kosala.Perera\AppData\Local\Temp\VMBuilds\LCD_JDI_example\adafruit_adafruit_metro_m0\Debug\Adafruit_GFX\Adafruit_GFX.cpp.o
                0x00002572                Adafruit_GFX::writePixel(short, short, unsigned short)
 .text._ZN12Adafruit_GFX14writeFastVLineEssst
                0x0000257c       0x10 C:\Users\Kosala.Perera\AppData\Local\Temp\VMBuilds\LCD_JDI_example\adafruit_adafruit_metro_m0\Debug\Adafruit_GFX\Adafruit_GFX.cpp.o
                0x0000257c                Adafruit_GFX::writeFastVLine(short, short, short, unsigned short)
 .text._ZN12Adafruit_GFX14writeFastHLineEssst
                0x0000258c       0x10 C:\Users\Kosala.Perera\AppData\Local\Temp\VMBuilds\LCD_JDI_example\adafruit_adafruit_metro_m0\Debug\Adafruit_GFX\Adafruit_GFX.cpp.o
                0x0000258c                Adafruit_GFX::writeFastHLine(short, short, short, unsigned short)
 .text._ZN12Adafruit_GFX13writeFillRectEsssst
                0x0000259c       0x18 C:\Users\Kosala.Perera\AppData\Local\Temp\VMBuilds\LCD_JDI_example\adafruit_adafruit_metro_m0\Debug\Adafruit_GFX\Adafruit_GFX.cpp.o
                0x0000259c                Adafruit_GFX::writeFillRect(short, short, short, short, unsigned short)
 .text._ZN12Adafruit_GFX8endWriteEv
                0x000025b4        0x2 C:\Users\Kosala.Perera\AppData\Local\Temp\VMBuilds\LCD_JDI_example\adafruit_adafruit_metro_m0\Debug\Adafruit_GFX\Adafruit_GFX.cpp.o
                0x000025b4                Adafruit_GFX::endWrite()
 .text._ZN12Adafruit_GFX13drawFastVLineEssst
                0x000025b6       0x3e C:\Users\Kosala.Perera\AppData\Local\Temp\VMBuilds\LCD_JDI_example\adafruit_adafruit_metro_m0\Debug\Adafruit_GFX\Adafruit_GFX.cpp.o
                0x000025b6                Adafruit_GFX::drawFastVLine(short, short, short, unsigned short)
 .text._ZN12Adafruit_GFX13drawFastHLineEssst
                0x000025f4       0x3c C:\Users\Kosala.Perera\AppData\Local\Temp\VMBuilds\LCD_JDI_example\adafruit_adafruit_metro_m0\Debug\Adafruit_GFX\Adafruit_GFX.cpp.o
                0x000025f4                Adafruit_GFX::drawFastHLine(short, short, short, unsigned short)
 .text._ZN12Adafruit_GFX8fillRectEsssst
                0x00002630       0x4e C:\Users\Kosala.Perera\AppData\Local\Temp\VMBuilds\LCD_JDI_example\adafruit_adafruit_metro_m0\Debug\Adafruit_GFX\Adafruit_GFX.cpp.o
                0x00002630                Adafruit_GFX::fillRect(short, short, short, short, unsigned short)
 .text._ZN12Adafruit_GFX10fillScreenEt
                0x0000267e       0x1a C:\Users\Kosala.Perera\AppData\Local\Temp\VMBuilds\LCD_JDI_example\adafruit_adafruit_metro_m0\Debug\Adafruit_GFX\Adafruit_GFX.cpp.o
                0x0000267e                Adafruit_GFX::fillScreen(unsigned short)
 .text._ZN12Adafruit_GFX8drawLineEsssst
                0x00002698       0x84 C:\Users\Kosala.Perera\AppData\Local\Temp\VMBuilds\LCD_JDI_example\adafruit_adafruit_metro_m0\Debug\Adafruit_GFX\Adafruit_GFX.cpp.o
                0x00002698                Adafruit_GFX::drawLine(short, short, short, short, unsigned short)
 .text._ZN12Adafruit_GFX8drawRectEsssst
                0x0000271c       0x84 C:\Users\Kosala.Perera\AppData\Local\Temp\VMBuilds\LCD_JDI_example\adafruit_adafruit_metro_m0\Debug\Adafruit_GFX\Adafruit_GFX.cpp.o
                0x0000271c                Adafruit_GFX::drawRect(short, short, short, short, unsigned short)
 .text._ZN12Adafruit_GFX13invertDisplayEb
                0x000027a0        0x2 C:\Users\Kosala.Perera\AppData\Local\Temp\VMBuilds\LCD_JDI_example\adafruit_adafruit_metro_m0\Debug\Adafruit_GFX\Adafruit_GFX.cpp.o
                0x000027a0                Adafruit_GFX::invertDisplay(bool)
 .text._ZN12Adafruit_GFX11setRotationEh
                0x000027a2       0x1e C:\Users\Kosala.Perera\AppData\Local\Temp\VMBuilds\LCD_JDI_example\adafruit_adafruit_metro_m0\Debug\Adafruit_GFX\Adafruit_GFX.cpp.o
                0x000027a2                Adafruit_GFX::setRotation(unsigned char)
 .text._ZN12Adafruit_GFXC2Ess
                0x000027c0       0x30 C:\Users\Kosala.Perera\AppData\Local\Temp\VMBuilds\LCD_JDI_example\adafruit_adafruit_metro_m0\Debug\Adafruit_GFX\Adafruit_GFX.cpp.o
                0x000027c0                Adafruit_GFX::Adafruit_GFX(short, short)
                0x000027c0                Adafruit_GFX::Adafruit_GFX(short, short)
 .text._ZN12Adafruit_GFX16fillCircleHelperEssshst
                0x000027f0      0x14c C:\Users\Kosala.Perera\AppData\Local\Temp\VMBuilds\LCD_JDI_example\adafruit_adafruit_metro_m0\Debug\Adafruit_GFX\Adafruit_GFX.cpp.o
                0x000027f0                Adafruit_GFX::fillCircleHelper(short, short, short, unsigned char, short, unsigned short)
 .text._ZN12Adafruit_GFX10fillCircleEssst
                0x0000293c       0x58 C:\Users\Kosala.Perera\AppData\Local\Temp\VMBuilds\LCD_JDI_example\adafruit_adafruit_metro_m0\Debug\Adafruit_GFX\Adafruit_GFX.cpp.o
                0x0000293c                Adafruit_GFX::fillCircle(short, short, short, unsigned short)
 .text._ZN12Adafruit_GFX8drawCharEsshtth
                0x00002994      0x2a4 C:\Users\Kosala.Perera\AppData\Local\Temp\VMBuilds\LCD_JDI_example\adafruit_adafruit_metro_m0\Debug\Adafruit_GFX\Adafruit_GFX.cpp.o
                0x00002994                Adafruit_GFX::drawChar(short, short, unsigned char, unsigned short, unsigned short, unsigned char)
 .text._ZN12Adafruit_GFX5writeEh
                0x00002c38       0xf6 C:\Users\Kosala.Perera\AppData\Local\Temp\VMBuilds\LCD_JDI_example\adafruit_adafruit_metro_m0\Debug\Adafruit_GFX\Adafruit_GFX.cpp.o
                0x00002c38                Adafruit_GFX::write(unsigned char)
 .text._ZN12Adafruit_GFX9setCursorEss
                0x00002d2e        0x6 C:\Users\Kosala.Perera\AppData\Local\Temp\VMBuilds\LCD_JDI_example\adafruit_adafruit_metro_m0\Debug\Adafruit_GFX\Adafruit_GFX.cpp.o
                0x00002d2e                Adafruit_GFX::setCursor(short, short)
 .text._ZN12Adafruit_GFX11setTextSizeEh
                0x00002d34        0xa C:\Users\Kosala.Perera\AppData\Local\Temp\VMBuilds\LCD_JDI_example\adafruit_adafruit_metro_m0\Debug\Adafruit_GFX\Adafruit_GFX.cpp.o
                0x00002d34                Adafruit_GFX::setTextSize(unsigned char)
 .text._ZN12Adafruit_GFX12setTextColorEt
                0x00002d3e        0x6 C:\Users\Kosala.Perera\AppData\Local\Temp\VMBuilds\LCD_JDI_example\adafruit_adafruit_metro_m0\Debug\Adafruit_GFX\Adafruit_GFX.cpp.o
                0x00002d3e                Adafruit_GFX::setTextColor(unsigned short)
 .text._ZN7LCD_JDI9drawPixelEsst
                0x00002d44       0x4c C:\Users\Kosala.Perera\AppData\Local\Temp\VMBuilds\LCD_JDI_example\adafruit_adafruit_metro_m0\Debug\LCD_JDI\LCD_JDI.cpp.o
                0x00002d44                LCD_JDI::drawPixel(short, short, unsigned short)
 .text._ZN7LCD_JDIC2Ehtt
                0x00002d90       0x20 C:\Users\Kosala.Perera\AppData\Local\Temp\VMBuilds\LCD_JDI_example\adafruit_adafruit_metro_m0\Debug\LCD_JDI\LCD_JDI.cpp.o
                0x00002d90                LCD_JDI::LCD_JDI(unsigned char, unsigned short, unsigned short)
                0x00002d90                LCD_JDI::LCD_JDI(unsigned char, unsigned short, unsigned short)
 .text._ZN7LCD_JDI16command_SetStateEv
                0x00002db0       0x3c C:\Users\Kosala.Perera\AppData\Local\Temp\VMBuilds\LCD_JDI_example\adafruit_adafruit_metro_m0\Debug\LCD_JDI\LCD_JDI.cpp.o
                0x00002db0                LCD_JDI::command_SetState()
 .text._ZN7LCD_JDI7pollingEv
                0x00002dec       0x22 C:\Users\Kosala.Perera\AppData\Local\Temp\VMBuilds\LCD_JDI_example\adafruit_adafruit_metro_m0\Debug\LCD_JDI\LCD_JDI.cpp.o
                0x00002dec                LCD_JDI::polling()
 *fill*         0x00002e0e        0x2 
 .text._ZN7LCD_JDI12clearDisplayEv
                0x00002e10       0x48 C:\Users\Kosala.Perera\AppData\Local\Temp\VMBuilds\LCD_JDI_example\adafruit_adafruit_metro_m0\Debug\LCD_JDI\LCD_JDI.cpp.o
                0x00002e10                LCD_JDI::clearDisplay()
 .text._ZN7LCD_JDI15sendLineCommandEPci
                0x00002e58       0x98 C:\Users\Kosala.Perera\AppData\Local\Temp\VMBuilds\LCD_JDI_example\adafruit_adafruit_metro_m0\Debug\LCD_JDI\LCD_JDI.cpp.o
                0x00002e58                LCD_JDI::sendLineCommand(char*, int)
 .text._ZN7LCD_JDI7refreshEv
                0x00002ef0       0x62 C:\Users\Kosala.Perera\AppData\Local\Temp\VMBuilds\LCD_JDI_example\adafruit_adafruit_metro_m0\Debug\LCD_JDI\LCD_JDI.cpp.o
                0x00002ef0                LCD_JDI::refresh()
 *fill*         0x00002f52        0x2 
 .text._ZN7LCD_JDI4modeEc
                0x00002f54       0x6c C:\Users\Kosala.Perera\AppData\Local\Temp\VMBuilds\LCD_JDI_example\adafruit_adafruit_metro_m0\Debug\LCD_JDI\LCD_JDI.cpp.o
                0x00002f54                LCD_JDI::mode(char)
 .text._ZN7LCD_JDI5beginEv
                0x00002fc0       0x74 C:\Users\Kosala.Perera\AppData\Local\Temp\VMBuilds\LCD_JDI_example\adafruit_adafruit_metro_m0\Debug\LCD_JDI\LCD_JDI.cpp.o
                0x00002fc0                LCD_JDI::begin()
 .text._ZN8SPIClass4initEv
                0x00003034       0x12 C:\Users\Kosala.Perera\AppData\Local\Temp\VMBuilds\LCD_JDI_example\adafruit_adafruit_metro_m0\Debug\SPI\SPI.cpp.o
                0x00003034                SPIClass::init()
 .text._ZN8SPIClass6configE11SPISettings
                0x00003046       0x36 C:\Users\Kosala.Perera\AppData\Local\Temp\VMBuilds\LCD_JDI_example\adafruit_adafruit_metro_m0\Debug\SPI\SPI.cpp.o
                0x00003046                SPIClass::config(SPISettings)
 .text._ZN8SPIClass5beginEv
                0x0000307c       0x50 C:\Users\Kosala.Perera\AppData\Local\Temp\VMBuilds\LCD_JDI_example\adafruit_adafruit_metro_m0\Debug\SPI\SPI.cpp.o
                0x0000307c                SPIClass::begin()
 .text._ZN8SPIClass8transferEh
                0x000030cc        0xa C:\Users\Kosala.Perera\AppData\Local\Temp\VMBuilds\LCD_JDI_example\adafruit_adafruit_metro_m0\Debug\SPI\SPI.cpp.o
                0x000030cc                SPIClass::transfer(unsigned char)
 *fill*         0x000030d6        0x2 
 .text.startup._GLOBAL__sub_I__ZN8SPIClassC2EP6SERCOMhhh14SercomSpiTXPad11SercomRXPad
                0x000030d8       0x58 C:\Users\Kosala.Perera\AppData\Local\Temp\VMBuilds\LCD_JDI_example\adafruit_adafruit_metro_m0\Debug\SPI\SPI.cpp.o
 .text._ZN6TickerC2EPFvvEmt12resolution_t
                0x00003130       0x22 C:\Users\Kosala.Perera\AppData\Local\Temp\VMBuilds\LCD_JDI_example\adafruit_adafruit_metro_m0\Debug\Ticker\Ticker.cpp.o
                0x00003130                Ticker::Ticker(void (*)(), unsigned long, unsigned short, resolution_t)
                0x00003130                Ticker::Ticker(void (*)(), unsigned long, unsigned short, resolution_t)
 .text._ZN6TickerD2Ev
                0x00003152        0x2 C:\Users\Kosala.Perera\AppData\Local\Temp\VMBuilds\LCD_JDI_example\adafruit_adafruit_metro_m0\Debug\Ticker\Ticker.cpp.o
                0x00003152                Ticker::~Ticker()
                0x00003152                Ticker::~Ticker()
 .text._ZN6Ticker5startEv
                0x00003154       0x28 C:\Users\Kosala.Perera\AppData\Local\Temp\VMBuilds\LCD_JDI_example\adafruit_adafruit_metro_m0\Debug\Ticker\Ticker.cpp.o
                0x00003154                Ticker::start()
 .text._ZN6Ticker4tickEv
                0x0000317c       0x52 C:\Users\Kosala.Perera\AppData\Local\Temp\VMBuilds\LCD_JDI_example\adafruit_adafruit_metro_m0\Debug\Ticker\Ticker.cpp.o
                0x0000317c                Ticker::tick()
 .text._ZN6Ticker6updateEv
                0x000031ce       0x12 C:\Users\Kosala.Perera\AppData\Local\Temp\VMBuilds\LCD_JDI_example\adafruit_adafruit_metro_m0\Debug\Ticker\Ticker.cpp.o
                0x000031ce                Ticker::update()
 .text.SERCOM0_Handler
                0x000031e0       0x10 C:\Users\Kosala.Perera\AppData\Local\Temp\VMBuilds\LCD_JDI_example\adafruit_adafruit_metro_m0\Debug\variant\variant.cpp.o
                0x000031e0                SERCOM0_Handler
 .text.startup._GLOBAL__sub_I_g_APinDescription
                0x000031f0       0x7c C:\Users\Kosala.Perera\AppData\Local\Temp\VMBuilds\LCD_JDI_example\adafruit_adafruit_metro_m0\Debug\variant\variant.cpp.o
 .text.Dummy_Handler
                0x0000326c        0x2 C:\Users\Kosala.Perera\AppData\Local\Temp\VMBuilds\LCD_JDI_example\adafruit_adafruit_metro_m0\Debug/core.a(cortex_handlers.c.o)
                0x0000326c                DMAC_Handler
                0x0000326c                HardFault_Handler
                0x0000326c                AC_Handler
                0x0000326c                PendSV_Handler
                0x0000326c                NMI_Handler
                0x0000326c                TC7_Handler
                0x0000326c                SERCOM1_Handler
                0x0000326c                ADC_Handler
                0x0000326c                TCC1_Handler
                0x0000326c                SERCOM2_Handler
                0x0000326c                TCC0_Handler
                0x0000326c                RTC_Handler
                0x0000326c                EIC_Handler
                0x0000326c                TC6_Handler
                0x0000326c                WDT_Handler
                0x0000326c                TC4_Handler
                0x0000326c                TC3_Handler
                0x0000326c                Dummy_Handler
                0x0000326c                PM_Handler
                0x0000326c                SERCOM5_Handler
                0x0000326c                SVC_Handler
                0x0000326c                TCC2_Handler
                0x0000326c                EVSYS_Handler
                0x0000326c                SERCOM3_Handler
                0x0000326c                SERCOM4_Handler
                0x0000326c                I2S_Handler
                0x0000326c                NVMCTRL_Handler
                0x0000326c                DAC_Handler
                0x0000326c                PTC_Handler
                0x0000326c                SYSCTRL_Handler
 *fill*         0x0000326e        0x2 
 .text.USB_Handler
                0x00003270       0x14 C:\Users\Kosala.Perera\AppData\Local\Temp\VMBuilds\LCD_JDI_example\adafruit_adafruit_metro_m0\Debug/core.a(cortex_handlers.c.o)
                0x00003270                USB_Handler
 .text.Reset_Handler
                0x00003284       0x54 C:\Users\Kosala.Perera\AppData\Local\Temp\VMBuilds\LCD_JDI_example\adafruit_adafruit_metro_m0\Debug/core.a(cortex_handlers.c.o)
                0x00003284                Reset_Handler
 .text.SysTick_Handler
                0x000032d8       0x10 C:\Users\Kosala.Perera\AppData\Local\Temp\VMBuilds\LCD_JDI_example\adafruit_adafruit_metro_m0\Debug/core.a(cortex_handlers.c.o)
                0x000032d8                SysTick_Handler
 .text.USB_SetHandler
                0x000032e8        0xc C:\Users\Kosala.Perera\AppData\Local\Temp\VMBuilds\LCD_JDI_example\adafruit_adafruit_metro_m0\Debug/core.a(cortex_handlers.c.o)
                0x000032e8                USB_SetHandler
 .text.millis   0x000032f4        0xc C:\Users\Kosala.Perera\AppData\Local\Temp\VMBuilds\LCD_JDI_example\adafruit_adafruit_metro_m0\Debug/core.a(delay.c.o)
                0x000032f4                millis
 .text.micros   0x00003300       0x64 C:\Users\Kosala.Perera\AppData\Local\Temp\VMBuilds\LCD_JDI_example\adafruit_adafruit_metro_m0\Debug/core.a(delay.c.o)
                0x00003300                micros
 .text.delay    0x00003364       0x20 C:\Users\Kosala.Perera\AppData\Local\Temp\VMBuilds\LCD_JDI_example\adafruit_adafruit_metro_m0\Debug/core.a(delay.c.o)
                0x00003364                delay
 .text.SysTick_DefaultHandler
                0x00003384       0x14 C:\Users\Kosala.Perera\AppData\Local\Temp\VMBuilds\LCD_JDI_example\adafruit_adafruit_metro_m0\Debug/core.a(delay.c.o)
                0x00003384                SysTick_DefaultHandler
 .text.__empty  0x00003398        0x2 C:\Users\Kosala.Perera\AppData\Local\Temp\VMBuilds\LCD_JDI_example\adafruit_adafruit_metro_m0\Debug/core.a(hooks.c.o)
                0x00003398                yield
 .text.__false  0x0000339a        0x4 C:\Users\Kosala.Perera\AppData\Local\Temp\VMBuilds\LCD_JDI_example\adafruit_adafruit_metro_m0\Debug/core.a(hooks.c.o)
                0x0000339a                sysTickHook
 *fill*         0x0000339e        0x2 
 .text.SystemInit
                0x000033a0      0x168 C:\Users\Kosala.Perera\AppData\Local\Temp\VMBuilds\LCD_JDI_example\adafruit_adafruit_metro_m0\Debug/core.a(startup.c.o)
                0x000033a0                SystemInit
 .text.init     0x00003508       0xf0 C:\Users\Kosala.Perera\AppData\Local\Temp\VMBuilds\LCD_JDI_example\adafruit_adafruit_metro_m0\Debug/core.a(wiring.c.o)
                0x00003508                init
 .text.analogReference
                0x000035f8       0x5c C:\Users\Kosala.Perera\AppData\Local\Temp\VMBuilds\LCD_JDI_example\adafruit_adafruit_metro_m0\Debug/core.a(wiring_analog.c.o)
                0x000035f8                analogReference
 .text.pinMode  0x00003654       0xb4 C:\Users\Kosala.Perera\AppData\Local\Temp\VMBuilds\LCD_JDI_example\adafruit_adafruit_metro_m0\Debug/core.a(wiring_digital.c.o)
                0x00003654                pinMode
 .text.digitalWrite
                0x00003708       0x60 C:\Users\Kosala.Perera\AppData\Local\Temp\VMBuilds\LCD_JDI_example\adafruit_adafruit_metro_m0\Debug/core.a(wiring_digital.c.o)
                0x00003708                digitalWrite
 .text.pinPeripheral
                0x00003768       0xc4 C:\Users\Kosala.Perera\AppData\Local\Temp\VMBuilds\LCD_JDI_example\adafruit_adafruit_metro_m0\Debug/core.a(wiring_private.c.o)
                0x00003768                pinPeripheral
 .text.__cxa_pure_virtual
                0x0000382c        0x2 C:\Users\Kosala.Perera\AppData\Local\Temp\VMBuilds\LCD_JDI_example\adafruit_adafruit_metro_m0\Debug/core.a(abi.cpp.o)
                0x0000382c                __cxa_pure_virtual
 .text._Z11initVariantv
                0x0000382e        0x2 C:\Users\Kosala.Perera\AppData\Local\Temp\VMBuilds\LCD_JDI_example\adafruit_adafruit_metro_m0\Debug/core.a(main.cpp.o)
                0x0000382e                initVariant()
 .text.startup.main
                0x00003830       0x40 C:\Users\Kosala.Perera\AppData\Local\Temp\VMBuilds\LCD_JDI_example\adafruit_adafruit_metro_m0\Debug/core.a(main.cpp.o)
                0x00003830                main
 .text._ZN5Print5writeEPKhj
                0x00003870       0x28 C:\Users\Kosala.Perera\AppData\Local\Temp\VMBuilds\LCD_JDI_example\adafruit_adafruit_metro_m0\Debug/core.a(Print.cpp.o)
                0x00003870                Print::write(unsigned char const*, unsigned int)
 .text._ZN5Print5writeEPKc
                0x00003898       0x1c C:\Users\Kosala.Perera\AppData\Local\Temp\VMBuilds\LCD_JDI_example\adafruit_adafruit_metro_m0\Debug/core.a(Print.cpp.o)
                0x00003898                Print::write(char const*)
 .text._ZN5Print5printEPKc
                0x000038b4        0x8 C:\Users\Kosala.Perera\AppData\Local\Temp\VMBuilds\LCD_JDI_example\adafruit_adafruit_metro_m0\Debug/core.a(Print.cpp.o)
                0x000038b4                Print::print(char const*)
 .text.initiateReset
                0x000038bc        0xc C:\Users\Kosala.Perera\AppData\Local\Temp\VMBuilds\LCD_JDI_example\adafruit_adafruit_metro_m0\Debug/core.a(Reset.cpp.o)
                0x000038bc                initiateReset
 .text.cancelReset
                0x000038c8       0x10 C:\Users\Kosala.Perera\AppData\Local\Temp\VMBuilds\LCD_JDI_example\adafruit_adafruit_metro_m0\Debug/core.a(Reset.cpp.o)
                0x000038c8                cancelReset
 .text.tickReset
                0x000038d8       0x74 C:\Users\Kosala.Perera\AppData\Local\Temp\VMBuilds\LCD_JDI_example\adafruit_adafruit_metro_m0\Debug/core.a(Reset.cpp.o)
                0x000038d8                tickReset
 .text._ZN6SERCOMC2EP6Sercom
                0x0000394c        0x4 C:\Users\Kosala.Perera\AppData\Local\Temp\VMBuilds\LCD_JDI_example\adafruit_adafruit_metro_m0\Debug/core.a(SERCOM.cpp.o)
                0x0000394c                SERCOM::SERCOM(Sercom*)
                0x0000394c                SERCOM::SERCOM(Sercom*)
 .text._ZN6SERCOM9initFrameE18SercomUartCharSize15SercomDataOrder16SercomParityMode19SercomNumberStopBit
                0x00003950       0x38 C:\Users\Kosala.Perera\AppData\Local\Temp\VMBuilds\LCD_JDI_example\adafruit_adafruit_metro_m0\Debug/core.a(SERCOM.cpp.o)
                0x00003950                SERCOM::initFrame(SercomUartCharSize, SercomDataOrder, SercomParityMode, SercomNumberStopBit)
 .text._ZN6SERCOM8initPadsE15SercomUartTXPad11SercomRXPad
                0x00003988       0x26 C:\Users\Kosala.Perera\AppData\Local\Temp\VMBuilds\LCD_JDI_example\adafruit_adafruit_metro_m0\Debug/core.a(SERCOM.cpp.o)
                0x00003988                SERCOM::initPads(SercomUartTXPad, SercomRXPad)
 .text._ZN6SERCOM9resetUARTEv
                0x000039ae       0x1c C:\Users\Kosala.Perera\AppData\Local\Temp\VMBuilds\LCD_JDI_example\adafruit_adafruit_metro_m0\Debug/core.a(SERCOM.cpp.o)
                0x000039ae                SERCOM::resetUART()
 .text._ZN6SERCOM10enableUARTEv
                0x000039ca       0x14 C:\Users\Kosala.Perera\AppData\Local\Temp\VMBuilds\LCD_JDI_example\adafruit_adafruit_metro_m0\Debug/core.a(SERCOM.cpp.o)
                0x000039ca                SERCOM::enableUART()
 .text._ZN6SERCOM9flushUARTEv
                0x000039de       0x10 C:\Users\Kosala.Perera\AppData\Local\Temp\VMBuilds\LCD_JDI_example\adafruit_adafruit_metro_m0\Debug/core.a(SERCOM.cpp.o)
                0x000039de                SERCOM::flushUART()
 .text._ZN6SERCOM15clearStatusUARTEv
                0x000039ee        0x8 C:\Users\Kosala.Perera\AppData\Local\Temp\VMBuilds\LCD_JDI_example\adafruit_adafruit_metro_m0\Debug/core.a(SERCOM.cpp.o)
                0x000039ee                SERCOM::clearStatusUART()
 .text._ZN6SERCOM17availableDataUARTEv
                0x000039f6        0xa C:\Users\Kosala.Perera\AppData\Local\Temp\VMBuilds\LCD_JDI_example\adafruit_adafruit_metro_m0\Debug/core.a(SERCOM.cpp.o)
                0x000039f6                SERCOM::availableDataUART()
 .text._ZN6SERCOM11isUARTErrorEv
                0x00003a00        0x8 C:\Users\Kosala.Perera\AppData\Local\Temp\VMBuilds\LCD_JDI_example\adafruit_adafruit_metro_m0\Debug/core.a(SERCOM.cpp.o)
                0x00003a00                SERCOM::isUARTError()
 .text._ZN6SERCOM20acknowledgeUARTErrorEv
                0x00003a08        0xe C:\Users\Kosala.Perera\AppData\Local\Temp\VMBuilds\LCD_JDI_example\adafruit_adafruit_metro_m0\Debug/core.a(SERCOM.cpp.o)
                0x00003a08                SERCOM::acknowledgeUARTError()
 .text._ZN6SERCOM12readDataUARTEv
                0x00003a16        0x8 C:\Users\Kosala.Perera\AppData\Local\Temp\VMBuilds\LCD_JDI_example\adafruit_adafruit_metro_m0\Debug/core.a(SERCOM.cpp.o)
                0x00003a16                SERCOM::readDataUART()
 .text._ZN6SERCOM13writeDataUARTEh
                0x00003a1e        0xe C:\Users\Kosala.Perera\AppData\Local\Temp\VMBuilds\LCD_JDI_example\adafruit_adafruit_metro_m0\Debug/core.a(SERCOM.cpp.o)
                0x00003a1e                SERCOM::writeDataUART(unsigned char)
 .text._ZN6SERCOM12initSPIClockE18SercomSpiClockModem
                0x00003a2c       0x30 C:\Users\Kosala.Perera\AppData\Local\Temp\VMBuilds\LCD_JDI_example\adafruit_adafruit_metro_m0\Debug/core.a(SERCOM.cpp.o)
                0x00003a2c                SERCOM::initSPIClock(SercomSpiClockMode, unsigned long)
 .text._ZN6SERCOM8resetSPIEv
                0x00003a5c       0x1c C:\Users\Kosala.Perera\AppData\Local\Temp\VMBuilds\LCD_JDI_example\adafruit_adafruit_metro_m0\Debug/core.a(SERCOM.cpp.o)
                0x00003a5c                SERCOM::resetSPI()
 .text._ZN6SERCOM9enableSPIEv
                0x00003a78       0x14 C:\Users\Kosala.Perera\AppData\Local\Temp\VMBuilds\LCD_JDI_example\adafruit_adafruit_metro_m0\Debug/core.a(SERCOM.cpp.o)
                0x00003a78                SERCOM::enableSPI()
 .text._ZN6SERCOM10disableSPIEv
                0x00003a8c       0x12 C:\Users\Kosala.Perera\AppData\Local\Temp\VMBuilds\LCD_JDI_example\adafruit_adafruit_metro_m0\Debug/core.a(SERCOM.cpp.o)
                0x00003a8c                SERCOM::disableSPI()
 .text._ZN6SERCOM15transferDataSPIEh
                0x00003a9e       0x1a C:\Users\Kosala.Perera\AppData\Local\Temp\VMBuilds\LCD_JDI_example\adafruit_adafruit_metro_m0\Debug/core.a(SERCOM.cpp.o)
                0x00003a9e                SERCOM::transferDataSPI(unsigned char)
 .text._ZN6SERCOM13initClockNVICEv
                0x00003ab8       0xb4 C:\Users\Kosala.Perera\AppData\Local\Temp\VMBuilds\LCD_JDI_example\adafruit_adafruit_metro_m0\Debug/core.a(SERCOM.cpp.o)
                0x00003ab8                SERCOM::initClockNVIC()
 .text._ZN6SERCOM8initUARTE14SercomUartMode20SercomUartSampleRatem
                0x00003b6c       0x6c C:\Users\Kosala.Perera\AppData\Local\Temp\VMBuilds\LCD_JDI_example\adafruit_adafruit_metro_m0\Debug/core.a(SERCOM.cpp.o)
                0x00003b6c                SERCOM::initUART(SercomUartMode, SercomUartSampleRate, unsigned long)
 .text._ZN6SERCOM7initSPIE14SercomSpiTXPad11SercomRXPad17SercomSpiCharSize15SercomDataOrder
                0x00003bd8       0x50 C:\Users\Kosala.Perera\AppData\Local\Temp\VMBuilds\LCD_JDI_example\adafruit_adafruit_metro_m0\Debug/core.a(SERCOM.cpp.o)
                0x00003bd8                SERCOM::initSPI(SercomSpiTXPad, SercomRXPad, SercomSpiCharSize, SercomDataOrder)
 .text._ZN4UartcvbEv
                0x00003c28        0x4 C:\Users\Kosala.Perera\AppData\Local\Temp\VMBuilds\LCD_JDI_example\adafruit_adafruit_metro_m0\Debug/core.a(Uart.cpp.o)
                0x00003c28                Uart::operator bool()
 .text._ZN4Uart5beginEm
                0x00003c2c       0x10 C:\Users\Kosala.Perera\AppData\Local\Temp\VMBuilds\LCD_JDI_example\adafruit_adafruit_metro_m0\Debug/core.a(Uart.cpp.o)
                0x00003c2c                Uart::begin(unsigned long)
 .text._ZN4Uart3endEv
                0x00003c3c       0x14 C:\Users\Kosala.Perera\AppData\Local\Temp\VMBuilds\LCD_JDI_example\adafruit_adafruit_metro_m0\Debug/core.a(Uart.cpp.o)
                0x00003c3c                Uart::end()
 .text._ZN4Uart5flushEv
                0x00003c50        0xa C:\Users\Kosala.Perera\AppData\Local\Temp\VMBuilds\LCD_JDI_example\adafruit_adafruit_metro_m0\Debug/core.a(Uart.cpp.o)
                0x00003c50                Uart::flush()
 .text._ZN4Uart9availableEv
                0x00003c5a        0xa C:\Users\Kosala.Perera\AppData\Local\Temp\VMBuilds\LCD_JDI_example\adafruit_adafruit_metro_m0\Debug/core.a(Uart.cpp.o)
                0x00003c5a                Uart::available()
 .text._ZN4Uart4peekEv
                0x00003c64        0xa C:\Users\Kosala.Perera\AppData\Local\Temp\VMBuilds\LCD_JDI_example\adafruit_adafruit_metro_m0\Debug/core.a(Uart.cpp.o)
                0x00003c64                Uart::peek()
 .text._ZN4Uart4readEv
                0x00003c6e        0xa C:\Users\Kosala.Perera\AppData\Local\Temp\VMBuilds\LCD_JDI_example\adafruit_adafruit_metro_m0\Debug/core.a(Uart.cpp.o)
                0x00003c6e                Uart::read()
 .text._ZN4Uart5writeEh
                0x00003c78        0xc C:\Users\Kosala.Perera\AppData\Local\Temp\VMBuilds\LCD_JDI_example\adafruit_adafruit_metro_m0\Debug/core.a(Uart.cpp.o)
                0x00003c78                Uart::write(unsigned char)
 .text._ZN4UartC2EP6SERCOMhh11SercomRXPad15SercomUartTXPad
                0x00003c84       0x48 C:\Users\Kosala.Perera\AppData\Local\Temp\VMBuilds\LCD_JDI_example\adafruit_adafruit_metro_m0\Debug/core.a(Uart.cpp.o)
                0x00003c84                Uart::Uart(SERCOM*, unsigned char, unsigned char, SercomRXPad, SercomUartTXPad)
                0x00003c84                Uart::Uart(SERCOM*, unsigned char, unsigned char, SercomRXPad, SercomUartTXPad)
 .text._ZN4Uart10IrqHandlerEv
                0x00003ccc       0x36 C:\Users\Kosala.Perera\AppData\Local\Temp\VMBuilds\LCD_JDI_example\adafruit_adafruit_metro_m0\Debug/core.a(Uart.cpp.o)
                0x00003ccc                Uart::IrqHandler()
 .text._ZN4Uart16extractNbStopBitEt
                0x00003d02        0xe C:\Users\Kosala.Perera\AppData\Local\Temp\VMBuilds\LCD_JDI_example\adafruit_adafruit_metro_m0\Debug/core.a(Uart.cpp.o)
                0x00003d02                Uart::extractNbStopBit(unsigned short)
 .text._ZN4Uart15extractCharSizeEt
                0x00003d10       0x2c C:\Users\Kosala.Perera\AppData\Local\Temp\VMBuilds\LCD_JDI_example\adafruit_adafruit_metro_m0\Debug/core.a(Uart.cpp.o)
                0x00003d10                Uart::extractCharSize(unsigned short)
 .text._ZN4Uart13extractParityEt
                0x00003d3c       0x18 C:\Users\Kosala.Perera\AppData\Local\Temp\VMBuilds\LCD_JDI_example\adafruit_adafruit_metro_m0\Debug/core.a(Uart.cpp.o)
                0x00003d3c                Uart::extractParity(unsigned short)
 .text._ZN4Uart5beginEmt
                0x00003d54       0x88 C:\Users\Kosala.Perera\AppData\Local\Temp\VMBuilds\LCD_JDI_example\adafruit_adafruit_metro_m0\Debug/core.a(Uart.cpp.o)
                0x00003d54                Uart::begin(unsigned long, unsigned short)
 .text._ZN26DoubleBufferedEPOutHandler4initEv
                0x00003ddc        0x2 C:\Users\Kosala.Perera\AppData\Local\Temp\VMBuilds\LCD_JDI_example\adafruit_adafruit_metro_m0\Debug/core.a(USBCore.cpp.o)
                0x00003ddc                DoubleBufferedEPOutHandler::init()
 *fill*         0x00003dde        0x2 
 .text._ZN14USBDeviceClass6initEPEmm.part.4
                0x00003de0       0xc8 C:\Users\Kosala.Perera\AppData\Local\Temp\VMBuilds\LCD_JDI_example\adafruit_adafruit_metro_m0\Debug/core.a(USBCore.cpp.o)
 .text._ZN7__GuardC2Ev
                0x00003ea8        0xe C:\Users\Kosala.Perera\AppData\Local\Temp\VMBuilds\LCD_JDI_example\adafruit_adafruit_metro_m0\Debug/core.a(USBCore.cpp.o)
                0x00003ea8                __Guard::__Guard()
                0x00003ea8                __Guard::__Guard()
 .text._ZN7__GuardD2Ev
                0x00003eb6        0xe C:\Users\Kosala.Perera\AppData\Local\Temp\VMBuilds\LCD_JDI_example\adafruit_adafruit_metro_m0\Debug/core.a(USBCore.cpp.o)
                0x00003eb6                __Guard::~__Guard()
                0x00003eb6                __Guard::~__Guard()
 .text._ZNK26DoubleBufferedEPOutHandler9availableEv
                0x00003ec4       0x5e C:\Users\Kosala.Perera\AppData\Local\Temp\VMBuilds\LCD_JDI_example\adafruit_adafruit_metro_m0\Debug/core.a(USBCore.cpp.o)
                0x00003ec4                DoubleBufferedEPOutHandler::available() const
 *fill*         0x00003f22        0x2 
 .text._ZN26DoubleBufferedEPOutHandler7releaseEv
                0x00003f24       0x58 C:\Users\Kosala.Perera\AppData\Local\Temp\VMBuilds\LCD_JDI_example\adafruit_adafruit_metro_m0\Debug/core.a(USBCore.cpp.o)
                0x00003f24                DoubleBufferedEPOutHandler::release()
 .text._ZN26DoubleBufferedEPOutHandler4recvEPvm
                0x00003f7c      0x11c C:\Users\Kosala.Perera\AppData\Local\Temp\VMBuilds\LCD_JDI_example\adafruit_adafruit_metro_m0\Debug/core.a(USBCore.cpp.o)
                0x00003f7c                DoubleBufferedEPOutHandler::recv(void*, unsigned long)
 .text._ZN26DoubleBufferedEPOutHandler14handleEndpointEv
                0x00004098       0xc4 C:\Users\Kosala.Perera\AppData\Local\Temp\VMBuilds\LCD_JDI_example\adafruit_adafruit_metro_m0\Debug/core.a(USBCore.cpp.o)
                0x00004098                DoubleBufferedEPOutHandler::handleEndpoint()
 .text._ZN14USBDeviceClass14SendInterfacesEPm
                0x0000415c       0x2c C:\Users\Kosala.Perera\AppData\Local\Temp\VMBuilds\LCD_JDI_example\adafruit_adafruit_metro_m0\Debug/core.a(USBCore.cpp.o)
                0x0000415c                USBDeviceClass::SendInterfaces(unsigned long*)
 .text._ZN14USBDeviceClass14handleEndpointEh
                0x00004188       0x40 C:\Users\Kosala.Perera\AppData\Local\Temp\VMBuilds\LCD_JDI_example\adafruit_adafruit_metro_m0\Debug/core.a(USBCore.cpp.o)
                0x00004188                USBDeviceClass::handleEndpoint(unsigned char)
 .text._ZN14USBDeviceClass4initEv
                0x000041c8       0xf0 C:\Users\Kosala.Perera\AppData\Local\Temp\VMBuilds\LCD_JDI_example\adafruit_adafruit_metro_m0\Debug/core.a(USBCore.cpp.o)
                0x000041c8                USBDeviceClass::init()
 .text._ZN14USBDeviceClass6attachEv
                0x000042b8       0x34 C:\Users\Kosala.Perera\AppData\Local\Temp\VMBuilds\LCD_JDI_example\adafruit_adafruit_metro_m0\Debug/core.a(USBCore.cpp.o)
                0x000042b8                USBDeviceClass::attach()
 .text._ZN14USBDeviceClass10setAddressEm
                0x000042ec       0x48 C:\Users\Kosala.Perera\AppData\Local\Temp\VMBuilds\LCD_JDI_example\adafruit_adafruit_metro_m0\Debug/core.a(USBCore.cpp.o)
                0x000042ec                USBDeviceClass::setAddress(unsigned long)
 .text._ZN14USBDeviceClass25handleClassInterfaceSetupER8USBSetup
                0x00004334       0x40 C:\Users\Kosala.Perera\AppData\Local\Temp\VMBuilds\LCD_JDI_example\adafruit_adafruit_metro_m0\Debug/core.a(USBCore.cpp.o)
                0x00004334                USBDeviceClass::handleClassInterfaceSetup(USBSetup&)
 .text._ZN14USBDeviceClass6initEPEmm
                0x00004374      0x100 C:\Users\Kosala.Perera\AppData\Local\Temp\VMBuilds\LCD_JDI_example\adafruit_adafruit_metro_m0\Debug/core.a(USBCore.cpp.o)
                0x00004374                USBDeviceClass::initEP(unsigned long, unsigned long)
 .text._ZN14USBDeviceClass13initEndpointsEv
                0x00004474       0x24 C:\Users\Kosala.Perera\AppData\Local\Temp\VMBuilds\LCD_JDI_example\adafruit_adafruit_metro_m0\Debug/core.a(USBCore.cpp.o)
                0x00004474                USBDeviceClass::initEndpoints()
 .text._ZN14USBDeviceClass9availableEm
                0x00004498       0x2c C:\Users\Kosala.Perera\AppData\Local\Temp\VMBuilds\LCD_JDI_example\adafruit_adafruit_metro_m0\Debug/core.a(USBCore.cpp.o)
                0x00004498                USBDeviceClass::available(unsigned long)
 .text._ZN14USBDeviceClass5flushEm
                0x000044c4       0x2c C:\Users\Kosala.Perera\AppData\Local\Temp\VMBuilds\LCD_JDI_example\adafruit_adafruit_metro_m0\Debug/core.a(USBCore.cpp.o)
                0x000044c4                USBDeviceClass::flush(unsigned long)
 .text._ZN14USBDeviceClass14armRecvCtrlOUTEm
                0x000044f0       0x60 C:\Users\Kosala.Perera\AppData\Local\Temp\VMBuilds\LCD_JDI_example\adafruit_adafruit_metro_m0\Debug/core.a(USBCore.cpp.o)
                0x000044f0                USBDeviceClass::armRecvCtrlOUT(unsigned long)
 .text._ZN14USBDeviceClass11recvControlEPvm
                0x00004550       0x3c C:\Users\Kosala.Perera\AppData\Local\Temp\VMBuilds\LCD_JDI_example\adafruit_adafruit_metro_m0\Debug/core.a(USBCore.cpp.o)
                0x00004550                USBDeviceClass::recvControl(void*, unsigned long)
 .text._ZN14USBDeviceClass7armRecvEm
                0x0000458c       0x3c C:\Users\Kosala.Perera\AppData\Local\Temp\VMBuilds\LCD_JDI_example\adafruit_adafruit_metro_m0\Debug/core.a(USBCore.cpp.o)
                0x0000458c                USBDeviceClass::armRecv(unsigned long)
 .text._ZN14USBDeviceClass4recvEmPvm
                0x000045c8       0xd8 C:\Users\Kosala.Perera\AppData\Local\Temp\VMBuilds\LCD_JDI_example\adafruit_adafruit_metro_m0\Debug/core.a(USBCore.cpp.o)
                0x000045c8                USBDeviceClass::recv(unsigned long, void*, unsigned long)
 .text._ZN14USBDeviceClass4recvEm
                0x000046a0       0x1c C:\Users\Kosala.Perera\AppData\Local\Temp\VMBuilds\LCD_JDI_example\adafruit_adafruit_metro_m0\Debug/core.a(USBCore.cpp.o)
                0x000046a0                USBDeviceClass::recv(unsigned long)
 .text._ZN14USBDeviceClass4sendEmPKvm
                0x000046bc      0x124 C:\Users\Kosala.Perera\AppData\Local\Temp\VMBuilds\LCD_JDI_example\adafruit_adafruit_metro_m0\Debug/core.a(USBCore.cpp.o)
                0x000046bc                USBDeviceClass::send(unsigned long, void const*, unsigned long)
 .text._ZN14USBDeviceClass7armSendEmPKvm
                0x000047e0       0x48 C:\Users\Kosala.Perera\AppData\Local\Temp\VMBuilds\LCD_JDI_example\adafruit_adafruit_metro_m0\Debug/core.a(USBCore.cpp.o)
                0x000047e0                USBDeviceClass::armSend(unsigned long, void const*, unsigned long)
 .text._ZN14USBDeviceClass11sendControlEPKvm
                0x00004828       0x58 C:\Users\Kosala.Perera\AppData\Local\Temp\VMBuilds\LCD_JDI_example\adafruit_adafruit_metro_m0\Debug/core.a(USBCore.cpp.o)
                0x00004828                USBDeviceClass::sendControl(void const*, unsigned long)
 .text._ZN14USBDeviceClass20sendStringDescriptorEPKhh
                0x00004880       0x68 C:\Users\Kosala.Perera\AppData\Local\Temp\VMBuilds\LCD_JDI_example\adafruit_adafruit_metro_m0\Debug/core.a(USBCore.cpp.o)
                0x00004880                USBDeviceClass::sendStringDescriptor(unsigned char const*, unsigned char)
 .text._ZN14USBDeviceClass12packMessagesEb.part.6
                0x000048e8       0x20 C:\Users\Kosala.Perera\AppData\Local\Temp\VMBuilds\LCD_JDI_example\adafruit_adafruit_metro_m0\Debug/core.a(USBCore.cpp.o)
 .text._ZN14USBDeviceClass17sendConfigurationEm
                0x00004908       0x90 C:\Users\Kosala.Perera\AppData\Local\Temp\VMBuilds\LCD_JDI_example\adafruit_adafruit_metro_m0\Debug/core.a(USBCore.cpp.o)
                0x00004908                USBDeviceClass::sendConfiguration(unsigned long)
 .text._ZN14USBDeviceClass14sendDescriptorER8USBSetup
                0x00004998       0xb4 C:\Users\Kosala.Perera\AppData\Local\Temp\VMBuilds\LCD_JDI_example\adafruit_adafruit_metro_m0\Debug/core.a(USBCore.cpp.o)
                0x00004998                USBDeviceClass::sendDescriptor(USBSetup&)
 .text._ZN14USBDeviceClass19handleStandardSetupER8USBSetup
                0x00004a4c      0x118 C:\Users\Kosala.Perera\AppData\Local\Temp\VMBuilds\LCD_JDI_example\adafruit_adafruit_metro_m0\Debug/core.a(USBCore.cpp.o)
                0x00004a4c                USBDeviceClass::handleStandardSetup(USBSetup&)
 .text._ZN14USBDeviceClass10ISRHandlerEv
                0x00004b64      0x150 C:\Users\Kosala.Perera\AppData\Local\Temp\VMBuilds\LCD_JDI_example\adafruit_adafruit_metro_m0\Debug/core.a(USBCore.cpp.o)
                0x00004b64                USBDeviceClass::ISRHandler()
 .text.UDD_Handler
                0x00004cb4       0x10 C:\Users\Kosala.Perera\AppData\Local\Temp\VMBuilds\LCD_JDI_example\adafruit_adafruit_metro_m0\Debug/core.a(USBCore.cpp.o)
                0x00004cb4                UDD_Handler
 .text.startup._GLOBAL__sub_I_usbd
                0x00004cc4       0x10 C:\Users\Kosala.Perera\AppData\Local\Temp\VMBuilds\LCD_JDI_example\adafruit_adafruit_metro_m0\Debug/core.a(USBCore.cpp.o)
 .text._Znwj    0x00004cd4        0x8 C:\Users\Kosala.Perera\AppData\Local\Temp\VMBuilds\LCD_JDI_example\adafruit_adafruit_metro_m0\Debug/core.a(new.cpp.o)
                0x00004cd4                operator new(unsigned int)
 .text._ZN10RingBufferC2Ev
                0x00004cdc       0x1a C:\Users\Kosala.Perera\AppData\Local\Temp\VMBuilds\LCD_JDI_example\adafruit_adafruit_metro_m0\Debug/core.a(RingBuffer.cpp.o)
                0x00004cdc                RingBuffer::RingBuffer()
                0x00004cdc                RingBuffer::RingBuffer()
 .text._ZN10RingBuffer10store_charEh
                0x00004cf6       0x24 C:\Users\Kosala.Perera\AppData\Local\Temp\VMBuilds\LCD_JDI_example\adafruit_adafruit_metro_m0\Debug/core.a(RingBuffer.cpp.o)
                0x00004cf6                RingBuffer::store_char(unsigned char)
 .text._ZN10RingBuffer5clearEv
                0x00004d1a        0xe C:\Users\Kosala.Perera\AppData\Local\Temp\VMBuilds\LCD_JDI_example\adafruit_adafruit_metro_m0\Debug/core.a(RingBuffer.cpp.o)
                0x00004d1a                RingBuffer::clear()
 .text._ZN10RingBuffer9read_charEv
                0x00004d28       0x28 C:\Users\Kosala.Perera\AppData\Local\Temp\VMBuilds\LCD_JDI_example\adafruit_adafruit_metro_m0\Debug/core.a(RingBuffer.cpp.o)
                0x00004d28                RingBuffer::read_char()
 .text._ZN10RingBuffer9availableEv
                0x00004d50       0x12 C:\Users\Kosala.Perera\AppData\Local\Temp\VMBuilds\LCD_JDI_example\adafruit_adafruit_metro_m0\Debug/core.a(RingBuffer.cpp.o)
                0x00004d50                RingBuffer::available()
 .text._ZN10RingBuffer4peekEv
                0x00004d62       0x1a C:\Users\Kosala.Perera\AppData\Local\Temp\VMBuilds\LCD_JDI_example\adafruit_adafruit_metro_m0\Debug/core.a(RingBuffer.cpp.o)
                0x00004d62                RingBuffer::peek()
 .text._ZN7Serial_17availableForWriteEv
                0x00004d7c        0x4 C:\Users\Kosala.Perera\AppData\Local\Temp\VMBuilds\LCD_JDI_example\adafruit_adafruit_metro_m0\Debug/core.a(CDC.cpp.o)
                0x00004d7c                Serial_::availableForWrite()
 .text._ZN7Serial_5writeEh
                0x00004d80       0x14 C:\Users\Kosala.Perera\AppData\Local\Temp\VMBuilds\LCD_JDI_example\adafruit_adafruit_metro_m0\Debug/core.a(CDC.cpp.o)
                0x00004d80                Serial_::write(unsigned char)
 .text._ZN7Serial_9availableEv
                0x00004d94        0xc C:\Users\Kosala.Perera\AppData\Local\Temp\VMBuilds\LCD_JDI_example\adafruit_adafruit_metro_m0\Debug/core.a(CDC.cpp.o)
                0x00004d94                Serial_::available()
 .text._ZN7Serial_5flushEv
                0x00004da0        0xc C:\Users\Kosala.Perera\AppData\Local\Temp\VMBuilds\LCD_JDI_example\adafruit_adafruit_metro_m0\Debug/core.a(CDC.cpp.o)
                0x00004da0                Serial_::flush()
 .text._ZN7Serial_5writeEPKhj
                0x00004dac       0x1c C:\Users\Kosala.Perera\AppData\Local\Temp\VMBuilds\LCD_JDI_example\adafruit_adafruit_metro_m0\Debug/core.a(CDC.cpp.o)
                0x00004dac                Serial_::write(unsigned char const*, unsigned int)
 .text._ZN7Serial_4peekEv
                0x00004dc8       0x1c C:\Users\Kosala.Perera\AppData\Local\Temp\VMBuilds\LCD_JDI_example\adafruit_adafruit_metro_m0\Debug/core.a(CDC.cpp.o)
                0x00004dc8                Serial_::peek()
 .text._ZN7Serial_4readEv
                0x00004de4       0x24 C:\Users\Kosala.Perera\AppData\Local\Temp\VMBuilds\LCD_JDI_example\adafruit_adafruit_metro_m0\Debug/core.a(CDC.cpp.o)
                0x00004de4                Serial_::read()
 .text._Z16CDC_GetInterfacePh
                0x00004e08       0x1c C:\Users\Kosala.Perera\AppData\Local\Temp\VMBuilds\LCD_JDI_example\adafruit_adafruit_metro_m0\Debug/core.a(CDC.cpp.o)
                0x00004e08                CDC_GetInterface(unsigned char*)
 .text._Z9CDC_SetupR8USBSetup
                0x00004e24       0x80 C:\Users\Kosala.Perera\AppData\Local\Temp\VMBuilds\LCD_JDI_example\adafruit_adafruit_metro_m0\Debug/core.a(CDC.cpp.o)
                0x00004e24                CDC_Setup(USBSetup&)
 .text.startup._GLOBAL__sub_I__Z17_CDC_GetInterfacev
                0x00004ea4       0x28 C:\Users\Kosala.Perera\AppData\Local\Temp\VMBuilds\LCD_JDI_example\adafruit_adafruit_metro_m0\Debug/core.a(CDC.cpp.o)
 .text._ZN13PluggableUSB_12getInterfaceEPh
                0x00004ecc       0x2a C:\Users\Kosala.Perera\AppData\Local\Temp\VMBuilds\LCD_JDI_example\adafruit_adafruit_metro_m0\Debug/core.a(PluggableUSB.cpp.o)
                0x00004ecc                PluggableUSB_::getInterface(unsigned char*)
 .text._ZN13PluggableUSB_13getDescriptorER8USBSetup
                0x00004ef6       0x20 C:\Users\Kosala.Perera\AppData\Local\Temp\VMBuilds\LCD_JDI_example\adafruit_adafruit_metro_m0\Debug/core.a(PluggableUSB.cpp.o)
                0x00004ef6                PluggableUSB_::getDescriptor(USBSetup&)
 .text._ZN13PluggableUSB_12getShortNameEPc
                0x00004f16       0x1e C:\Users\Kosala.Perera\AppData\Local\Temp\VMBuilds\LCD_JDI_example\adafruit_adafruit_metro_m0\Debug/core.a(PluggableUSB.cpp.o)
                0x00004f16                PluggableUSB_::getShortName(char*)
 .text._ZN13PluggableUSB_5setupER8USBSetup
                0x00004f34       0x24 C:\Users\Kosala.Perera\AppData\Local\Temp\VMBuilds\LCD_JDI_example\adafruit_adafruit_metro_m0\Debug/core.a(PluggableUSB.cpp.o)
                0x00004f34                PluggableUSB_::setup(USBSetup&)
 .text._Z12PluggableUSBv
                0x00004f58       0x24 C:\Users\Kosala.Perera\AppData\Local\Temp\VMBuilds\LCD_JDI_example\adafruit_adafruit_metro_m0\Debug/core.a(PluggableUSB.cpp.o)
                0x00004f58                PluggableUSB()
 .text._ZN20USBDevice_SAMD21G18x5resetEv
                0x00004f7c       0x32 C:\Users\Kosala.Perera\AppData\Local\Temp\VMBuilds\LCD_JDI_example\adafruit_adafruit_metro_m0\Debug/core.a(SAMD21_USBDevice.cpp.o)
                0x00004f7c                USBDevice_SAMD21G18x::reset()
 *fill*         0x00004fae        0x2 
 .text._ZN20USBDevice_SAMD21G18x9calibrateEv
                0x00004fb0       0x5c C:\Users\Kosala.Perera\AppData\Local\Temp\VMBuilds\LCD_JDI_example\adafruit_adafruit_metro_m0\Debug/core.a(SAMD21_USBDevice.cpp.o)
                0x00004fb0                USBDevice_SAMD21G18x::calibrate()
 .text          0x0000500c       0x14 c:/users/kosala.perera/appdata/local/arduino15/packages/arduino/tools/arm-none-eabi-gcc/4.8.3-2014q1/bin/../lib/gcc/arm-none-eabi/4.8.3/armv6-m\libgcc.a(_thumb1_case_uqi.o)
                0x0000500c                __gnu_thumb1_case_uqi
 .text          0x00005020       0x9c c:/users/kosala.perera/appdata/local/arduino15/packages/arduino/tools/arm-none-eabi-gcc/4.8.3-2014q1/bin/../lib/gcc/arm-none-eabi/4.8.3/armv6-m\libgcc.a(_udivsi3.o)
                0x00005020                __aeabi_uidiv
                0x00005020                __udivsi3
                0x000050a8                __aeabi_uidivmod
 .text          0x000050bc       0xc0 c:/users/kosala.perera/appdata/local/arduino15/packages/arduino/tools/arm-none-eabi-gcc/4.8.3-2014q1/bin/../lib/gcc/arm-none-eabi/4.8.3/armv6-m\libgcc.a(_divsi3.o)
                0x000050bc                __divsi3
                0x000050bc                __aeabi_idiv
                0x00005168                __aeabi_idivmod
 .text          0x0000517c        0x4 c:/users/kosala.perera/appdata/local/arduino15/packages/arduino/tools/arm-none-eabi-gcc/4.8.3-2014q1/bin/../lib/gcc/arm-none-eabi/4.8.3/armv6-m\libgcc.a(_dvmd_tls.o)
                0x0000517c                __aeabi_idiv0
                0x0000517c                __aeabi_ldiv0
 .text.__aeabi_atexit
                0x00005180        0xe c:/users/kosala.perera/appdata/local/arduino15/packages/arduino/tools/arm-none-eabi-gcc/4.8.3-2014q1/bin/../lib/gcc/arm-none-eabi/4.8.3/../../../../arm-none-eabi/lib/armv6-m\libc_s.a(lib_a-aeabi_atexit.o)
                0x00005180                __aeabi_atexit
 *fill*         0x0000518e        0x2 
 .text.__cxa_atexit
                0x00005190       0x20 c:/users/kosala.perera/appdata/local/arduino15/packages/arduino/tools/arm-none-eabi-gcc/4.8.3-2014q1/bin/../lib/gcc/arm-none-eabi/4.8.3/../../../../arm-none-eabi/lib/armv6-m\libc_s.a(lib_a-cxa_atexit.o)
                0x00005190                __cxa_atexit
 .text.__libc_init_array
                0x000051b0       0x4c c:/users/kosala.perera/appdata/local/arduino15/packages/arduino/tools/arm-none-eabi-gcc/4.8.3-2014q1/bin/../lib/gcc/arm-none-eabi/4.8.3/../../../../arm-none-eabi/lib/armv6-m\libc_s.a(lib_a-init.o)
                0x000051b0                __libc_init_array
 .text.malloc   0x000051fc       0x14 c:/users/kosala.perera/appdata/local/arduino15/packages/arduino/tools/arm-none-eabi-gcc/4.8.3-2014q1/bin/../lib/gcc/arm-none-eabi/4.8.3/../../../../arm-none-eabi/lib/armv6-m\libc_s.a(lib_a-malloc.o)
                0x000051fc                malloc
 .text.memcpy   0x00005210       0x12 c:/users/kosala.perera/appdata/local/arduino15/packages/arduino/tools/arm-none-eabi-gcc/4.8.3-2014q1/bin/../lib/gcc/arm-none-eabi/4.8.3/../../../../arm-none-eabi/lib/armv6-m\libc_s.a(lib_a-memcpy-stub.o)
                0x00005210                memcpy
 .text.memset   0x00005222       0x10 c:/users/kosala.perera/appdata/local/arduino15/packages/arduino/tools/arm-none-eabi-gcc/4.8.3-2014q1/bin/../lib/gcc/arm-none-eabi/4.8.3/../../../../arm-none-eabi/lib/armv6-m\libc_s.a(lib_a-memset.o)
                0x00005222                memset
 *fill*         0x00005232        0x2 
 .text._malloc_r
                0x00005234       0xa8 c:/users/kosala.perera/appdata/local/arduino15/packages/arduino/tools/arm-none-eabi-gcc/4.8.3-2014q1/bin/../lib/gcc/arm-none-eabi/4.8.3/../../../../arm-none-eabi/lib/armv6-m\libc_s.a(lib_a-nano-mallocr.o)
                0x00005234                _malloc_r
 .text._sbrk_r  0x000052dc       0x24 c:/users/kosala.perera/appdata/local/arduino15/packages/arduino/tools/arm-none-eabi-gcc/4.8.3-2014q1/bin/../lib/gcc/arm-none-eabi/4.8.3/../../../../arm-none-eabi/lib/armv6-m\libc_s.a(lib_a-sbrkr.o)
                0x000052dc                _sbrk_r
 .text.strlen   0x00005300        0xe c:/users/kosala.perera/appdata/local/arduino15/packages/arduino/tools/arm-none-eabi-gcc/4.8.3-2014q1/bin/../lib/gcc/arm-none-eabi/4.8.3/../../../../arm-none-eabi/lib/armv6-m\libc_s.a(lib_a-strlen.o)
                0x00005300                strlen
 *fill*         0x0000530e        0x2 
 .text._sbrk    0x00005310       0x34 c:/users/kosala.perera/appdata/local/arduino15/packages/arduino/tools/arm-none-eabi-gcc/4.8.3-2014q1/bin/../lib/gcc/arm-none-eabi/4.8.3/../../../../arm-none-eabi/lib/armv6-m\libnosys.a(sbrk.o)
                0x00005310                _sbrk
 *(.init)
 .init          0x00005344        0x4 c:/users/kosala.perera/appdata/local/arduino15/packages/arduino/tools/arm-none-eabi-gcc/4.8.3-2014q1/bin/../lib/gcc/arm-none-eabi/4.8.3/armv6-m/crti.o
                0x00005344                _init
 .init          0x00005348        0x8 c:/users/kosala.perera/appdata/local/arduino15/packages/arduino/tools/arm-none-eabi-gcc/4.8.3-2014q1/bin/../lib/gcc/arm-none-eabi/4.8.3/armv6-m/crtn.o
 *(.fini)
 .fini          0x00005350        0x4 c:/users/kosala.perera/appdata/local/arduino15/packages/arduino/tools/arm-none-eabi-gcc/4.8.3-2014q1/bin/../lib/gcc/arm-none-eabi/4.8.3/armv6-m/crti.o
                0x00005350                _fini
 .fini          0x00005354        0x8 c:/users/kosala.perera/appdata/local/arduino15/packages/arduino/tools/arm-none-eabi-gcc/4.8.3-2014q1/bin/../lib/gcc/arm-none-eabi/4.8.3/armv6-m/crtn.o
 *crtbegin.o(.ctors)
 *crtbegin?.o(.ctors)
 *(EXCLUDE_FILE(*crtend.o *crtend?.o) .ctors)
 *(SORT(.ctors.*))
 *(.ctors)
 *crtbegin.o(.dtors)
 *crtbegin?.o(.dtors)
 *(EXCLUDE_FILE(*crtend.o *crtend?.o) .dtors)
 *(SORT(.dtors.*))
 *(.dtors)
 *(.rodata*)
 .rodata.str1.1
                0x0000535c       0x25 C:\Users\Kosala.Perera\AppData\Local\Temp\VMBuilds\LCD_JDI_example\adafruit_adafruit_metro_m0\Debug\LCD_JDI_example.cpp.o
 .rodata._ZL5color
                0x00005381        0x8 C:\Users\Kosala.Perera\AppData\Local\Temp\VMBuilds\LCD_JDI_example\adafruit_adafruit_metro_m0\Debug\LCD_JDI_example.cpp.o
 *fill*         0x00005389        0x7 
 .rodata._ZTV12Adafruit_GFX
                0x00005390       0x50 C:\Users\Kosala.Perera\AppData\Local\Temp\VMBuilds\LCD_JDI_example\adafruit_adafruit_metro_m0\Debug\Adafruit_GFX\Adafruit_GFX.cpp.o
                0x00005390                vtable for Adafruit_GFX
 .rodata._ZL4font
                0x000053e0      0x500 C:\Users\Kosala.Perera\AppData\Local\Temp\VMBuilds\LCD_JDI_example\adafruit_adafruit_metro_m0\Debug\Adafruit_GFX\Adafruit_GFX.cpp.o
 .rodata._ZTV7LCD_JDI
                0x000058e0       0x50 C:\Users\Kosala.Perera\AppData\Local\Temp\VMBuilds\LCD_JDI_example\adafruit_adafruit_metro_m0\Debug\LCD_JDI\LCD_JDI.cpp.o
                0x000058e0                vtable for LCD_JDI
 .rodata.g_APinDescription
                0x00005930      0x408 C:\Users\Kosala.Perera\AppData\Local\Temp\VMBuilds\LCD_JDI_example\adafruit_adafruit_metro_m0\Debug\variant\variant.cpp.o
                0x00005930                g_APinDescription
 .rodata._ZTV4Uart
                0x00005d38       0x30 C:\Users\Kosala.Perera\AppData\Local\Temp\VMBuilds\LCD_JDI_example\adafruit_adafruit_metro_m0\Debug/core.a(Uart.cpp.o)
                0x00005d38                vtable for Uart
 .rodata._ZTV26DoubleBufferedEPOutHandler
                0x00005d68       0x18 C:\Users\Kosala.Perera\AppData\Local\Temp\VMBuilds\LCD_JDI_example\adafruit_adafruit_metro_m0\Debug/core.a(USBCore.cpp.o)
                0x00005d68                vtable for DoubleBufferedEPOutHandler
 .rodata._ZL19STRING_MANUFACTURER
                0x00005d80        0x9 C:\Users\Kosala.Perera\AppData\Local\Temp\VMBuilds\LCD_JDI_example\adafruit_adafruit_metro_m0\Debug/core.a(USBCore.cpp.o)
 *fill*         0x00005d89        0x1 
 .rodata._ZL15STRING_LANGUAGE
                0x00005d8a        0x4 C:\Users\Kosala.Perera\AppData\Local\Temp\VMBuilds\LCD_JDI_example\adafruit_adafruit_metro_m0\Debug/core.a(USBCore.cpp.o)
 .rodata._ZL21USB_DeviceDescriptorB
                0x00005d8e       0x12 C:\Users\Kosala.Perera\AppData\Local\Temp\VMBuilds\LCD_JDI_example\adafruit_adafruit_metro_m0\Debug/core.a(USBCore.cpp.o)
 .rodata._ZL14STRING_PRODUCT
                0x00005da0       0x11 C:\Users\Kosala.Perera\AppData\Local\Temp\VMBuilds\LCD_JDI_example\adafruit_adafruit_metro_m0\Debug/core.a(USBCore.cpp.o)
 *fill*         0x00005db1        0x7 
 .rodata._ZTV7Serial_
                0x00005db8       0x28 C:\Users\Kosala.Perera\AppData\Local\Temp\VMBuilds\LCD_JDI_example\adafruit_adafruit_metro_m0\Debug/core.a(CDC.cpp.o)
                0x00005db8                vtable for Serial_
 .rodata.str1.1
                0x00000000       0x25 c:/users/kosala.perera/appdata/local/arduino15/packages/arduino/tools/arm-none-eabi-gcc/4.8.3-2014q1/bin/../lib/gcc/arm-none-eabi/4.8.3/../../../../arm-none-eabi/lib/armv6-m\libc_s.a(lib_a-impure.o)
                                  0x2 (size before relaxing)
 .rodata.__sf_fake_stdin
                0x00005de0       0x20 c:/users/kosala.perera/appdata/local/arduino15/packages/arduino/tools/arm-none-eabi-gcc/4.8.3-2014q1/bin/../lib/gcc/arm-none-eabi/4.8.3/../../../../arm-none-eabi/lib/armv6-m\libc_s.a(lib_a-findfp.o)
                0x00005de0                __sf_fake_stdin
 .rodata.__sf_fake_stdout
                0x00005e00       0x20 c:/users/kosala.perera/appdata/local/arduino15/packages/arduino/tools/arm-none-eabi-gcc/4.8.3-2014q1/bin/../lib/gcc/arm-none-eabi/4.8.3/../../../../arm-none-eabi/lib/armv6-m\libc_s.a(lib_a-findfp.o)
                0x00005e00                __sf_fake_stdout
 .rodata.__sf_fake_stderr
                0x00005e20       0x20 c:/users/kosala.perera/appdata/local/arduino15/packages/arduino/tools/arm-none-eabi-gcc/4.8.3-2014q1/bin/../lib/gcc/arm-none-eabi/4.8.3/../../../../arm-none-eabi/lib/armv6-m\libc_s.a(lib_a-findfp.o)
                0x00005e20                __sf_fake_stderr
 *(.eh_frame*)
 .eh_frame      0x00005e40        0x0 c:/users/kosala.perera/appdata/local/arduino15/packages/arduino/tools/arm-none-eabi-gcc/4.8.3-2014q1/bin/../lib/gcc/arm-none-eabi/4.8.3/armv6-m/crtbegin.o
 .eh_frame      0x00005e40        0x4 c:/users/kosala.perera/appdata/local/arduino15/packages/arduino/tools/arm-none-eabi-gcc/4.8.3-2014q1/bin/../lib/gcc/arm-none-eabi/4.8.3/armv6-m/crtend.o

.glue_7         0x00005e44        0x0
 .glue_7        0x00000000        0x0 linker stubs

.glue_7t        0x00005e44        0x0
 .glue_7t       0x00000000        0x0 linker stubs

.vfp11_veneer   0x00005e44        0x0
 .vfp11_veneer  0x00000000        0x0 linker stubs

.v4_bx          0x00005e44        0x0
 .v4_bx         0x00000000        0x0 linker stubs

.iplt           0x00005e44        0x0
 .iplt          0x00000000        0x0 c:/users/kosala.perera/appdata/local/arduino15/packages/arduino/tools/arm-none-eabi-gcc/4.8.3-2014q1/bin/../lib/gcc/arm-none-eabi/4.8.3/armv6-m/crtbegin.o

.rel.dyn        0x00005e44        0x0
 .rel.iplt      0x00000000        0x0 c:/users/kosala.perera/appdata/local/arduino15/packages/arduino/tools/arm-none-eabi-gcc/4.8.3-2014q1/bin/../lib/gcc/arm-none-eabi/4.8.3/armv6-m/crtbegin.o

.ARM.extab
 *(.ARM.extab* .gnu.linkonce.armextab.*)
                0x00005e44                __exidx_start = .

.ARM.exidx
 *(.ARM.exidx* .gnu.linkonce.armexidx.*)
                0x00005e44                __exidx_end = .
                0x00005e44                __etext = .

.data           0x20000000      0x110 load address 0x00005e44
                0x20000000                __data_start__ = .
 *(vtable)
 *(.data*)
 .data          0x20000000        0x4 c:/users/kosala.perera/appdata/local/arduino15/packages/arduino/tools/arm-none-eabi-gcc/4.8.3-2014q1/bin/../lib/gcc/arm-none-eabi/4.8.3/armv6-m/crtbegin.o
                0x20000000                __dso_handle
 .data.offset   0x20000004        0x1 C:\Users\Kosala.Perera\AppData\Local\Temp\VMBuilds\LCD_JDI_example\adafruit_adafruit_metro_m0\Debug\LCD_JDI_example.cpp.o
                0x20000004                offset
 .data.divide   0x20000005        0x1 C:\Users\Kosala.Perera\AppData\Local\Temp\VMBuilds\LCD_JDI_example\adafruit_adafruit_metro_m0\Debug\LCD_JDI_example.cpp.o
                0x20000005                divide
 *fill*         0x20000006        0x2 
 .data.SystemCoreClock
                0x20000008        0x4 C:\Users\Kosala.Perera\AppData\Local\Temp\VMBuilds\LCD_JDI_example\adafruit_adafruit_metro_m0\Debug/core.a(wiring.c.o)
                0x20000008                SystemCoreClock
 .data._ZL5ticks
                0x2000000c        0x4 C:\Users\Kosala.Perera\AppData\Local\Temp\VMBuilds\LCD_JDI_example\adafruit_adafruit_metro_m0\Debug/core.a(Reset.cpp.o)
 .data.EndPoints
                0x20000010       0x28 C:\Users\Kosala.Perera\AppData\Local\Temp\VMBuilds\LCD_JDI_example\adafruit_adafruit_metro_m0\Debug/core.a(USBCore.cpp.o)
                0x20000010                EndPoints
 .data._ZL12_usbLineInfo
                0x20000038        0x8 C:\Users\Kosala.Perera\AppData\Local\Temp\VMBuilds\LCD_JDI_example\adafruit_adafruit_metro_m0\Debug/core.a(CDC.cpp.o)
 .data._ZL10breakValue
                0x20000040        0x4 C:\Users\Kosala.Perera\AppData\Local\Temp\VMBuilds\LCD_JDI_example\adafruit_adafruit_metro_m0\Debug/core.a(CDC.cpp.o)
 .data._ZL13_cdcInterface
                0x20000044       0x42 C:\Users\Kosala.Perera\AppData\Local\Temp\VMBuilds\LCD_JDI_example\adafruit_adafruit_metro_m0\Debug/core.a(CDC.cpp.o)
 *fill*         0x20000086        0x2 
 .data._serialPeek
                0x20000088        0x4 C:\Users\Kosala.Perera\AppData\Local\Temp\VMBuilds\LCD_JDI_example\adafruit_adafruit_metro_m0\Debug/core.a(CDC.cpp.o)
                0x20000088                _serialPeek
 .data.impure_data
                0x2000008c       0x60 c:/users/kosala.perera/appdata/local/arduino15/packages/arduino/tools/arm-none-eabi-gcc/4.8.3-2014q1/bin/../lib/gcc/arm-none-eabi/4.8.3/../../../../arm-none-eabi/lib/armv6-m\libc_s.a(lib_a-impure.o)
 .data._impure_ptr
                0x200000ec        0x4 c:/users/kosala.perera/appdata/local/arduino15/packages/arduino/tools/arm-none-eabi-gcc/4.8.3-2014q1/bin/../lib/gcc/arm-none-eabi/4.8.3/../../../../arm-none-eabi/lib/armv6-m\libc_s.a(lib_a-impure.o)
                0x200000ec                _impure_ptr
                0x200000f0                . = ALIGN (0x4)
                0x200000f0                PROVIDE (__preinit_array_start, .)
 *(.preinit_array)
                0x200000f0                PROVIDE (__preinit_array_end, .)
                0x200000f0                . = ALIGN (0x4)
                0x200000f0                PROVIDE (__init_array_start, .)
 *(SORT(.init_array.*))
 *(.init_array)
 .init_array    0x200000f0        0x4 c:/users/kosala.perera/appdata/local/arduino15/packages/arduino/tools/arm-none-eabi-gcc/4.8.3-2014q1/bin/../lib/gcc/arm-none-eabi/4.8.3/armv6-m/crtbegin.o
 .init_array    0x200000f4        0x4 C:\Users\Kosala.Perera\AppData\Local\Temp\VMBuilds\LCD_JDI_example\adafruit_adafruit_metro_m0\Debug\LCD_JDI_example.cpp.o
 .init_array    0x200000f8        0x4 C:\Users\Kosala.Perera\AppData\Local\Temp\VMBuilds\LCD_JDI_example\adafruit_adafruit_metro_m0\Debug\SPI\SPI.cpp.o
 .init_array    0x200000fc        0x4 C:\Users\Kosala.Perera\AppData\Local\Temp\VMBuilds\LCD_JDI_example\adafruit_adafruit_metro_m0\Debug\variant\variant.cpp.o
 .init_array    0x20000100        0x4 C:\Users\Kosala.Perera\AppData\Local\Temp\VMBuilds\LCD_JDI_example\adafruit_adafruit_metro_m0\Debug/core.a(USBCore.cpp.o)
 .init_array    0x20000104        0x4 C:\Users\Kosala.Perera\AppData\Local\Temp\VMBuilds\LCD_JDI_example\adafruit_adafruit_metro_m0\Debug/core.a(CDC.cpp.o)
                0x20000108                PROVIDE (__init_array_end, .)
                0x20000108                . = ALIGN (0x4)
                0x20000108                PROVIDE (__fini_array_start, .)
 *(SORT(.fini_array.*))
 *(.fini_array)
 .fini_array    0x20000108        0x4 c:/users/kosala.perera/appdata/local/arduino15/packages/arduino/tools/arm-none-eabi-gcc/4.8.3-2014q1/bin/../lib/gcc/arm-none-eabi/4.8.3/armv6-m/crtbegin.o
                0x2000010c                PROVIDE (__fini_array_end, .)
 *(.jcr*)
 .jcr           0x2000010c        0x0 c:/users/kosala.perera/appdata/local/arduino15/packages/arduino/tools/arm-none-eabi-gcc/4.8.3-2014q1/bin/../lib/gcc/arm-none-eabi/4.8.3/armv6-m/crtbegin.o
 .jcr           0x2000010c        0x4 c:/users/kosala.perera/appdata/local/arduino15/packages/arduino/tools/arm-none-eabi-gcc/4.8.3-2014q1/bin/../lib/gcc/arm-none-eabi/4.8.3/armv6-m/crtend.o
                0x20000110                . = ALIGN (0x10)
                0x20000110                __data_end__ = .

.igot.plt       0x20000110        0x0 load address 0x00005f54
 .igot.plt      0x00000000        0x0 c:/users/kosala.perera/appdata/local/arduino15/packages/arduino/tools/arm-none-eabi-gcc/4.8.3-2014q1/bin/../lib/gcc/arm-none-eabi/4.8.3/armv6-m/crtbegin.o

.bss            0x20000110     0x6600 load address 0x00005f54
                0x20000110                . = ALIGN (0x4)
                0x20000110                __bss_start__ = .
 *(.bss*)
 .bss           0x20000110       0x1c c:/users/kosala.perera/appdata/local/arduino15/packages/arduino/tools/arm-none-eabi-gcc/4.8.3-2014q1/bin/../lib/gcc/arm-none-eabi/4.8.3/armv6-m/crtbegin.o
 .bss.block     0x2000012c        0x1 C:\Users\Kosala.Perera\AppData\Local\Temp\VMBuilds\LCD_JDI_example\adafruit_adafruit_metro_m0\Debug\LCD_JDI_example.cpp.o
                0x2000012c                block
 *fill*         0x2000012d        0x3 
 .bss.timer_poll
                0x20000130       0x20 C:\Users\Kosala.Perera\AppData\Local\Temp\VMBuilds\LCD_JDI_example\adafruit_adafruit_metro_m0\Debug\LCD_JDI_example.cpp.o
                0x20000130                timer_poll
 .bss.display   0x20000150     0x5eb8 C:\Users\Kosala.Perera\AppData\Local\Temp\VMBuilds\LCD_JDI_example\adafruit_adafruit_metro_m0\Debug\LCD_JDI_example.cpp.o
                0x20000150                display
 .bss.move      0x20006008        0x1 C:\Users\Kosala.Perera\AppData\Local\Temp\VMBuilds\LCD_JDI_example\adafruit_adafruit_metro_m0\Debug\LCD_JDI_example.cpp.o
                0x20006008                move
 .bss.counter   0x20006009        0x1 C:\Users\Kosala.Perera\AppData\Local\Temp\VMBuilds\LCD_JDI_example\adafruit_adafruit_metro_m0\Debug\LCD_JDI_example.cpp.o
                0x20006009                counter
 *fill*         0x2000600a        0x2 
 .bss._ZL20DEFAULT_SPI_SETTINGS
                0x2000600c        0x8 C:\Users\Kosala.Perera\AppData\Local\Temp\VMBuilds\LCD_JDI_example\adafruit_adafruit_metro_m0\Debug\SPI\SPI.cpp.o
 .bss.SPI       0x20006014       0x10 C:\Users\Kosala.Perera\AppData\Local\Temp\VMBuilds\LCD_JDI_example\adafruit_adafruit_metro_m0\Debug\SPI\SPI.cpp.o
                0x20006014                SPI
 .bss.SPI1      0x20006024       0x10 C:\Users\Kosala.Perera\AppData\Local\Temp\VMBuilds\LCD_JDI_example\adafruit_adafruit_metro_m0\Debug\SPI\SPI.cpp.o
                0x20006024                SPI1
 .bss.Serial1   0x20006034       0xc4 C:\Users\Kosala.Perera\AppData\Local\Temp\VMBuilds\LCD_JDI_example\adafruit_adafruit_metro_m0\Debug\variant\variant.cpp.o
                0x20006034                Serial1
 .bss.sercom3   0x200060f8        0x4 C:\Users\Kosala.Perera\AppData\Local\Temp\VMBuilds\LCD_JDI_example\adafruit_adafruit_metro_m0\Debug\variant\variant.cpp.o
                0x200060f8                sercom3
 .bss.sercom0   0x200060fc        0x4 C:\Users\Kosala.Perera\AppData\Local\Temp\VMBuilds\LCD_JDI_example\adafruit_adafruit_metro_m0\Debug\variant\variant.cpp.o
                0x200060fc                sercom0
 .bss.sercom1   0x20006100        0x4 C:\Users\Kosala.Perera\AppData\Local\Temp\VMBuilds\LCD_JDI_example\adafruit_adafruit_metro_m0\Debug\variant\variant.cpp.o
                0x20006100                sercom1
 .bss.sercom2   0x20006104        0x4 C:\Users\Kosala.Perera\AppData\Local\Temp\VMBuilds\LCD_JDI_example\adafruit_adafruit_metro_m0\Debug\variant\variant.cpp.o
                0x20006104                sercom2
 .bss.sercom4   0x20006108        0x4 C:\Users\Kosala.Perera\AppData\Local\Temp\VMBuilds\LCD_JDI_example\adafruit_adafruit_metro_m0\Debug\variant\variant.cpp.o
                0x20006108                sercom4
 .bss.sercom5   0x2000610c        0x4 C:\Users\Kosala.Perera\AppData\Local\Temp\VMBuilds\LCD_JDI_example\adafruit_adafruit_metro_m0\Debug\variant\variant.cpp.o
                0x2000610c                sercom5
 .bss.usb_isr   0x20006110        0x4 C:\Users\Kosala.Perera\AppData\Local\Temp\VMBuilds\LCD_JDI_example\adafruit_adafruit_metro_m0\Debug/core.a(cortex_handlers.c.o)
 .bss._ulTickCount
                0x20006114        0x4 C:\Users\Kosala.Perera\AppData\Local\Temp\VMBuilds\LCD_JDI_example\adafruit_adafruit_metro_m0\Debug/core.a(delay.c.o)
 .bss._ZL14isEndpointHalt
                0x20006118        0x1 C:\Users\Kosala.Perera\AppData\Local\Temp\VMBuilds\LCD_JDI_example\adafruit_adafruit_metro_m0\Debug/core.a(USBCore.cpp.o)
 .bss._pack_buffer
                0x20006119      0x100 C:\Users\Kosala.Perera\AppData\Local\Temp\VMBuilds\LCD_JDI_example\adafruit_adafruit_metro_m0\Debug/core.a(USBCore.cpp.o)
                0x20006119                _pack_buffer
 *fill*         0x20006219        0x1 
 .bss._pack_size
                0x2000621a        0x2 C:\Users\Kosala.Perera\AppData\Local\Temp\VMBuilds\LCD_JDI_example\adafruit_adafruit_metro_m0\Debug/core.a(USBCore.cpp.o)
                0x2000621a                _pack_size
 .bss._ZL20LastTransmitTimedOut
                0x2000621c        0x7 C:\Users\Kosala.Perera\AppData\Local\Temp\VMBuilds\LCD_JDI_example\adafruit_adafruit_metro_m0\Debug/core.a(USBCore.cpp.o)
 *fill*         0x20006223        0x1 
 .bss._ZL22udd_ep_in_cache_buffer
                0x20006224      0x1c0 C:\Users\Kosala.Perera\AppData\Local\Temp\VMBuilds\LCD_JDI_example\adafruit_adafruit_metro_m0\Debug/core.a(USBCore.cpp.o)
 .bss._ZL10txLEDPulse
                0x200063e4        0x1 C:\Users\Kosala.Perera\AppData\Local\Temp\VMBuilds\LCD_JDI_example\adafruit_adafruit_metro_m0\Debug/core.a(USBCore.cpp.o)
 *fill*         0x200063e5        0x3 
 .bss._ZL23udd_ep_out_cache_buffer
                0x200063e8      0x1c0 C:\Users\Kosala.Perera\AppData\Local\Temp\VMBuilds\LCD_JDI_example\adafruit_adafruit_metro_m0\Debug/core.a(USBCore.cpp.o)
 .bss._ZL10epHandlers
                0x200065a8       0x1c C:\Users\Kosala.Perera\AppData\Local\Temp\VMBuilds\LCD_JDI_example\adafruit_adafruit_metro_m0\Debug/core.a(USBCore.cpp.o)
 .bss._pack_message
                0x200065c4        0x1 C:\Users\Kosala.Perera\AppData\Local\Temp\VMBuilds\LCD_JDI_example\adafruit_adafruit_metro_m0\Debug/core.a(USBCore.cpp.o)
                0x200065c4                _pack_message
 .bss._ZL21isRemoteWakeUpEnabled
                0x200065c5        0x1 C:\Users\Kosala.Perera\AppData\Local\Temp\VMBuilds\LCD_JDI_example\adafruit_adafruit_metro_m0\Debug/core.a(USBCore.cpp.o)
 .bss._dry_run  0x200065c6        0x1 C:\Users\Kosala.Perera\AppData\Local\Temp\VMBuilds\LCD_JDI_example\adafruit_adafruit_metro_m0\Debug/core.a(USBCore.cpp.o)
                0x200065c6                _dry_run
 .bss.USBDevice
                0x200065c7        0x1 C:\Users\Kosala.Perera\AppData\Local\Temp\VMBuilds\LCD_JDI_example\adafruit_adafruit_metro_m0\Debug/core.a(USBCore.cpp.o)
                0x200065c7                USBDevice
 .bss._usbSetInterface
                0x200065c8        0x4 C:\Users\Kosala.Perera\AppData\Local\Temp\VMBuilds\LCD_JDI_example\adafruit_adafruit_metro_m0\Debug/core.a(USBCore.cpp.o)
                0x200065c8                _usbSetInterface
 .bss._ZL10rxLEDPulse
                0x200065cc        0x1 C:\Users\Kosala.Perera\AppData\Local\Temp\VMBuilds\LCD_JDI_example\adafruit_adafruit_metro_m0\Debug/core.a(USBCore.cpp.o)
 *fill*         0x200065cd        0x3 
 .bss.usbd      0x200065d0      0x104 C:\Users\Kosala.Perera\AppData\Local\Temp\VMBuilds\LCD_JDI_example\adafruit_adafruit_metro_m0\Debug/core.a(USBCore.cpp.o)
                0x200065d0                usbd
 .bss._usbConfiguration
                0x200066d4        0x4 C:\Users\Kosala.Perera\AppData\Local\Temp\VMBuilds\LCD_JDI_example\adafruit_adafruit_metro_m0\Debug/core.a(USBCore.cpp.o)
                0x200066d4                _usbConfiguration
 .bss.Serial    0x200066d8       0x1c C:\Users\Kosala.Perera\AppData\Local\Temp\VMBuilds\LCD_JDI_example\adafruit_adafruit_metro_m0\Debug/core.a(CDC.cpp.o)
                0x200066d8                Serial
 .bss._ZZ12PluggableUSBvE3obj
                0x200066f4        0x8 C:\Users\Kosala.Perera\AppData\Local\Temp\VMBuilds\LCD_JDI_example\adafruit_adafruit_metro_m0\Debug/core.a(PluggableUSB.cpp.o)
 .bss._ZGVZ12PluggableUSBvE3obj
                0x200066fc        0x4 C:\Users\Kosala.Perera\AppData\Local\Temp\VMBuilds\LCD_JDI_example\adafruit_adafruit_metro_m0\Debug/core.a(PluggableUSB.cpp.o)
 .bss.__malloc_sbrk_start
                0x20006700        0x4 c:/users/kosala.perera/appdata/local/arduino15/packages/arduino/tools/arm-none-eabi-gcc/4.8.3-2014q1/bin/../lib/gcc/arm-none-eabi/4.8.3/../../../../arm-none-eabi/lib/armv6-m\libc_s.a(lib_a-nano-mallocr.o)
                0x20006700                __malloc_sbrk_start
 .bss.__malloc_free_list
                0x20006704        0x4 c:/users/kosala.perera/appdata/local/arduino15/packages/arduino/tools/arm-none-eabi-gcc/4.8.3-2014q1/bin/../lib/gcc/arm-none-eabi/4.8.3/../../../../arm-none-eabi/lib/armv6-m\libc_s.a(lib_a-nano-mallocr.o)
                0x20006704                __malloc_free_list
 .bss.heap_end.4243
                0x20006708        0x4 c:/users/kosala.perera/appdata/local/arduino15/packages/arduino/tools/arm-none-eabi-gcc/4.8.3-2014q1/bin/../lib/gcc/arm-none-eabi/4.8.3/../../../../arm-none-eabi/lib/armv6-m\libnosys.a(sbrk.o)
 *(COMMON)
 COMMON         0x2000670c        0x4 c:/users/kosala.perera/appdata/local/arduino15/packages/arduino/tools/arm-none-eabi-gcc/4.8.3-2014q1/bin/../lib/gcc/arm-none-eabi/4.8.3/../../../../arm-none-eabi/lib/armv6-m\libc_s.a(lib_a-reent.o)
                0x2000670c                errno
                0x20006710                . = ALIGN (0x4)
                0x20006710                __bss_end__ = .

.heap           0x20006710        0x0
                0x20006710                __end__ = .
                0x20006710                PROVIDE (end, .)
 *(.heap*)
                0x20006710                __HeapLimit = .

.stack_dummy    0x20006710        0x0
 *(.stack*)
                0x20008000                __StackTop = (ORIGIN (RAM) + 0x8000)
                0x20008000                __StackLimit = (__StackTop - SIZEOF (.stack_dummy))
                0x20008000                PROVIDE (__stack, __StackTop)
                0x20007fff                __ram_end__ = ((ORIGIN (RAM) + 0x8000) - 0x1)
                0x00000001                ASSERT ((__StackLimit >= __HeapLimit), region RAM overflowed with stack)
OUTPUT(C:\Users\Kosala.Perera\AppData\Local\Temp\VMBuilds\LCD_JDI_example\adafruit_adafruit_metro_m0\Debug/LCD_JDI_example.ino.elf elf32-littlearm)

.ARM.attributes
                0x00000000       0x28
 .ARM.attributes
                0x00000000       0x1e c:/users/kosala.perera/appdata/local/arduino15/packages/arduino/tools/arm-none-eabi-gcc/4.8.3-2014q1/bin/../lib/gcc/arm-none-eabi/4.8.3/armv6-m/crti.o
 .ARM.attributes
                0x0000001e       0x2c c:/users/kosala.perera/appdata/local/arduino15/packages/arduino/tools/arm-none-eabi-gcc/4.8.3-2014q1/bin/../lib/gcc/arm-none-eabi/4.8.3/armv6-m/crtbegin.o
 .ARM.attributes
                0x0000004a       0x32 C:\Users\Kosala.Perera\AppData\Local\Temp\VMBuilds\LCD_JDI_example\adafruit_adafruit_metro_m0\Debug\LCD_JDI_example.cpp.o
 .ARM.attributes
                0x0000007c       0x32 C:\Users\Kosala.Perera\AppData\Local\Temp\VMBuilds\LCD_JDI_example\adafruit_adafruit_metro_m0\Debug\Adafruit_GFX\Adafruit_GFX.cpp.o
 .ARM.attributes
                0x000000ae       0x32 C:\Users\Kosala.Perera\AppData\Local\Temp\VMBuilds\LCD_JDI_example\adafruit_adafruit_metro_m0\Debug\LCD_JDI\LCD_JDI.cpp.o
 .ARM.attributes
                0x000000e0       0x32 C:\Users\Kosala.Perera\AppData\Local\Temp\VMBuilds\LCD_JDI_example\adafruit_adafruit_metro_m0\Debug\SPI\SPI.cpp.o
 .ARM.attributes
                0x00000112       0x32 C:\Users\Kosala.Perera\AppData\Local\Temp\VMBuilds\LCD_JDI_example\adafruit_adafruit_metro_m0\Debug\Ticker\Ticker.cpp.o
 .ARM.attributes
                0x00000144       0x32 C:\Users\Kosala.Perera\AppData\Local\Temp\VMBuilds\LCD_JDI_example\adafruit_adafruit_metro_m0\Debug\variant\variant.cpp.o
 .ARM.attributes
                0x00000176       0x32 C:\Users\Kosala.Perera\AppData\Local\Temp\VMBuilds\LCD_JDI_example\adafruit_adafruit_metro_m0\Debug/core.a(cortex_handlers.c.o)
 .ARM.attributes
                0x000001a8       0x32 C:\Users\Kosala.Perera\AppData\Local\Temp\VMBuilds\LCD_JDI_example\adafruit_adafruit_metro_m0\Debug/core.a(delay.c.o)
 .ARM.attributes
                0x000001da       0x32 C:\Users\Kosala.Perera\AppData\Local\Temp\VMBuilds\LCD_JDI_example\adafruit_adafruit_metro_m0\Debug/core.a(hooks.c.o)
 .ARM.attributes
                0x0000020c       0x32 C:\Users\Kosala.Perera\AppData\Local\Temp\VMBuilds\LCD_JDI_example\adafruit_adafruit_metro_m0\Debug/core.a(startup.c.o)
 .ARM.attributes
                0x0000023e       0x32 C:\Users\Kosala.Perera\AppData\Local\Temp\VMBuilds\LCD_JDI_example\adafruit_adafruit_metro_m0\Debug/core.a(wiring.c.o)
 .ARM.attributes
                0x00000270       0x32 C:\Users\Kosala.Perera\AppData\Local\Temp\VMBuilds\LCD_JDI_example\adafruit_adafruit_metro_m0\Debug/core.a(wiring_analog.c.o)
 .ARM.attributes
                0x000002a2       0x32 C:\Users\Kosala.Perera\AppData\Local\Temp\VMBuilds\LCD_JDI_example\adafruit_adafruit_metro_m0\Debug/core.a(wiring_digital.c.o)
 .ARM.attributes
                0x000002d4       0x32 C:\Users\Kosala.Perera\AppData\Local\Temp\VMBuilds\LCD_JDI_example\adafruit_adafruit_metro_m0\Debug/core.a(wiring_private.c.o)
 .ARM.attributes
                0x00000306       0x32 C:\Users\Kosala.Perera\AppData\Local\Temp\VMBuilds\LCD_JDI_example\adafruit_adafruit_metro_m0\Debug/core.a(abi.cpp.o)
 .ARM.attributes
                0x00000338       0x32 C:\Users\Kosala.Perera\AppData\Local\Temp\VMBuilds\LCD_JDI_example\adafruit_adafruit_metro_m0\Debug/core.a(main.cpp.o)
 .ARM.attributes
                0x0000036a       0x32 C:\Users\Kosala.Perera\AppData\Local\Temp\VMBuilds\LCD_JDI_example\adafruit_adafruit_metro_m0\Debug/core.a(Print.cpp.o)
 .ARM.attributes
                0x0000039c       0x32 C:\Users\Kosala.Perera\AppData\Local\Temp\VMBuilds\LCD_JDI_example\adafruit_adafruit_metro_m0\Debug/core.a(Reset.cpp.o)
 .ARM.attributes
                0x000003ce       0x32 C:\Users\Kosala.Perera\AppData\Local\Temp\VMBuilds\LCD_JDI_example\adafruit_adafruit_metro_m0\Debug/core.a(SERCOM.cpp.o)
 .ARM.attributes
                0x00000400       0x32 C:\Users\Kosala.Perera\AppData\Local\Temp\VMBuilds\LCD_JDI_example\adafruit_adafruit_metro_m0\Debug/core.a(Uart.cpp.o)
 .ARM.attributes
                0x00000432       0x32 C:\Users\Kosala.Perera\AppData\Local\Temp\VMBuilds\LCD_JDI_example\adafruit_adafruit_metro_m0\Debug/core.a(USBCore.cpp.o)
 .ARM.attributes
                0x00000464       0x32 C:\Users\Kosala.Perera\AppData\Local\Temp\VMBuilds\LCD_JDI_example\adafruit_adafruit_metro_m0\Debug/core.a(new.cpp.o)
 .ARM.attributes
                0x00000496       0x32 C:\Users\Kosala.Perera\AppData\Local\Temp\VMBuilds\LCD_JDI_example\adafruit_adafruit_metro_m0\Debug/core.a(RingBuffer.cpp.o)
 .ARM.attributes
                0x000004c8       0x32 C:\Users\Kosala.Perera\AppData\Local\Temp\VMBuilds\LCD_JDI_example\adafruit_adafruit_metro_m0\Debug/core.a(CDC.cpp.o)
 .ARM.attributes
                0x000004fa       0x32 C:\Users\Kosala.Perera\AppData\Local\Temp\VMBuilds\LCD_JDI_example\adafruit_adafruit_metro_m0\Debug/core.a(PluggableUSB.cpp.o)
 .ARM.attributes
                0x0000052c       0x32 C:\Users\Kosala.Perera\AppData\Local\Temp\VMBuilds\LCD_JDI_example\adafruit_adafruit_metro_m0\Debug/core.a(SAMD21_USBDevice.cpp.o)
 .ARM.attributes
                0x0000055e       0x1e c:/users/kosala.perera/appdata/local/arduino15/packages/arduino/tools/arm-none-eabi-gcc/4.8.3-2014q1/bin/../lib/gcc/arm-none-eabi/4.8.3/armv6-m\libgcc.a(_thumb1_case_uqi.o)
 .ARM.attributes
                0x0000057c       0x1e c:/users/kosala.perera/appdata/local/arduino15/packages/arduino/tools/arm-none-eabi-gcc/4.8.3-2014q1/bin/../lib/gcc/arm-none-eabi/4.8.3/armv6-m\libgcc.a(_udivsi3.o)
 .ARM.attributes
                0x0000059a       0x1e c:/users/kosala.perera/appdata/local/arduino15/packages/arduino/tools/arm-none-eabi-gcc/4.8.3-2014q1/bin/../lib/gcc/arm-none-eabi/4.8.3/armv6-m\libgcc.a(_divsi3.o)
 .ARM.attributes
                0x000005b8       0x1e c:/users/kosala.perera/appdata/local/arduino15/packages/arduino/tools/arm-none-eabi-gcc/4.8.3-2014q1/bin/../lib/gcc/arm-none-eabi/4.8.3/armv6-m\libgcc.a(_dvmd_tls.o)
 .ARM.attributes
                0x000005d6       0x2c c:/users/kosala.perera/appdata/local/arduino15/packages/arduino/tools/arm-none-eabi-gcc/4.8.3-2014q1/bin/../lib/gcc/arm-none-eabi/4.8.3/../../../../arm-none-eabi/lib/armv6-m\libc_s.a(lib_a-aeabi_atexit.o)
 .ARM.attributes
                0x00000602       0x2c c:/users/kosala.perera/appdata/local/arduino15/packages/arduino/tools/arm-none-eabi-gcc/4.8.3-2014q1/bin/../lib/gcc/arm-none-eabi/4.8.3/../../../../arm-none-eabi/lib/armv6-m\libc_s.a(lib_a-cxa_atexit.o)
 .ARM.attributes
                0x0000062e       0x2c c:/users/kosala.perera/appdata/local/arduino15/packages/arduino/tools/arm-none-eabi-gcc/4.8.3-2014q1/bin/../lib/gcc/arm-none-eabi/4.8.3/../../../../arm-none-eabi/lib/armv6-m\libc_s.a(lib_a-impure.o)
 .ARM.attributes
                0x0000065a       0x2c c:/users/kosala.perera/appdata/local/arduino15/packages/arduino/tools/arm-none-eabi-gcc/4.8.3-2014q1/bin/../lib/gcc/arm-none-eabi/4.8.3/../../../../arm-none-eabi/lib/armv6-m\libc_s.a(lib_a-init.o)
 .ARM.attributes
                0x00000686       0x2c c:/users/kosala.perera/appdata/local/arduino15/packages/arduino/tools/arm-none-eabi-gcc/4.8.3-2014q1/bin/../lib/gcc/arm-none-eabi/4.8.3/../../../../arm-none-eabi/lib/armv6-m\libc_s.a(lib_a-malloc.o)
 .ARM.attributes
                0x000006b2       0x2c c:/users/kosala.perera/appdata/local/arduino15/packages/arduino/tools/arm-none-eabi-gcc/4.8.3-2014q1/bin/../lib/gcc/arm-none-eabi/4.8.3/../../../../arm-none-eabi/lib/armv6-m\libc_s.a(lib_a-memcpy-stub.o)
 .ARM.attributes
                0x000006de       0x2c c:/users/kosala.perera/appdata/local/arduino15/packages/arduino/tools/arm-none-eabi-gcc/4.8.3-2014q1/bin/../lib/gcc/arm-none-eabi/4.8.3/../../../../arm-none-eabi/lib/armv6-m\libc_s.a(lib_a-memset.o)
 .ARM.attributes
                0x0000070a       0x2c c:/users/kosala.perera/appdata/local/arduino15/packages/arduino/tools/arm-none-eabi-gcc/4.8.3-2014q1/bin/../lib/gcc/arm-none-eabi/4.8.3/../../../../arm-none-eabi/lib/armv6-m\libc_s.a(lib_a-nano-mallocr.o)
 .ARM.attributes
                0x00000736       0x2c c:/users/kosala.perera/appdata/local/arduino15/packages/arduino/tools/arm-none-eabi-gcc/4.8.3-2014q1/bin/../lib/gcc/arm-none-eabi/4.8.3/../../../../arm-none-eabi/lib/armv6-m\libc_s.a(lib_a-sbrkr.o)
 .ARM.attributes
                0x00000762       0x2c c:/users/kosala.perera/appdata/local/arduino15/packages/arduino/tools/arm-none-eabi-gcc/4.8.3-2014q1/bin/../lib/gcc/arm-none-eabi/4.8.3/../../../../arm-none-eabi/lib/armv6-m\libc_s.a(lib_a-strlen.o)
 .ARM.attributes
                0x0000078e       0x2c c:/users/kosala.perera/appdata/local/arduino15/packages/arduino/tools/arm-none-eabi-gcc/4.8.3-2014q1/bin/../lib/gcc/arm-none-eabi/4.8.3/../../../../arm-none-eabi/lib/armv6-m\libc_s.a(lib_a-findfp.o)
 .ARM.attributes
                0x000007ba       0x2c c:/users/kosala.perera/appdata/local/arduino15/packages/arduino/tools/arm-none-eabi-gcc/4.8.3-2014q1/bin/../lib/gcc/arm-none-eabi/4.8.3/../../../../arm-none-eabi/lib/armv6-m\libc_s.a(lib_a-reent.o)
 .ARM.attributes
                0x000007e6       0x2c c:/users/kosala.perera/appdata/local/arduino15/packages/arduino/tools/arm-none-eabi-gcc/4.8.3-2014q1/bin/../lib/gcc/arm-none-eabi/4.8.3/../../../../arm-none-eabi/lib/armv6-m\libnosys.a(sbrk.o)
 .ARM.attributes
                0x00000812       0x2c c:/users/kosala.perera/appdata/local/arduino15/packages/arduino/tools/arm-none-eabi-gcc/4.8.3-2014q1/bin/../lib/gcc/arm-none-eabi/4.8.3/armv6-m/crtend.o
 .ARM.attributes
                0x0000083e       0x1e c:/users/kosala.perera/appdata/local/arduino15/packages/arduino/tools/arm-none-eabi-gcc/4.8.3-2014q1/bin/../lib/gcc/arm-none-eabi/4.8.3/armv6-m/crtn.o

.comment        0x00000000       0x70
 .comment       0x00000000       0x70 C:\Users\Kosala.Perera\AppData\Local\Temp\VMBuilds\LCD_JDI_example\adafruit_adafruit_metro_m0\Debug\LCD_JDI_example.cpp.o
                                 0x71 (size before relaxing)
 .comment       0x00000000       0x71 C:\Users\Kosala.Perera\AppData\Local\Temp\VMBuilds\LCD_JDI_example\adafruit_adafruit_metro_m0\Debug\Adafruit_GFX\Adafruit_GFX.cpp.o
 .comment       0x00000000       0x71 C:\Users\Kosala.Perera\AppData\Local\Temp\VMBuilds\LCD_JDI_example\adafruit_adafruit_metro_m0\Debug\LCD_JDI\LCD_JDI.cpp.o
 .comment       0x00000000       0x71 C:\Users\Kosala.Perera\AppData\Local\Temp\VMBuilds\LCD_JDI_example\adafruit_adafruit_metro_m0\Debug\SPI\SPI.cpp.o
 .comment       0x00000000       0x71 C:\Users\Kosala.Perera\AppData\Local\Temp\VMBuilds\LCD_JDI_example\adafruit_adafruit_metro_m0\Debug\Ticker\Ticker.cpp.o
 .comment       0x00000000       0x71 C:\Users\Kosala.Perera\AppData\Local\Temp\VMBuilds\LCD_JDI_example\adafruit_adafruit_metro_m0\Debug\variant\variant.cpp.o
 .comment       0x00000000       0x71 C:\Users\Kosala.Perera\AppData\Local\Temp\VMBuilds\LCD_JDI_example\adafruit_adafruit_metro_m0\Debug/core.a(cortex_handlers.c.o)
 .comment       0x00000000       0x71 C:\Users\Kosala.Perera\AppData\Local\Temp\VMBuilds\LCD_JDI_example\adafruit_adafruit_metro_m0\Debug/core.a(delay.c.o)
 .comment       0x00000000       0x71 C:\Users\Kosala.Perera\AppData\Local\Temp\VMBuilds\LCD_JDI_example\adafruit_adafruit_metro_m0\Debug/core.a(hooks.c.o)
 .comment       0x00000000       0x71 C:\Users\Kosala.Perera\AppData\Local\Temp\VMBuilds\LCD_JDI_example\adafruit_adafruit_metro_m0\Debug/core.a(startup.c.o)
 .comment       0x00000000       0x71 C:\Users\Kosala.Perera\AppData\Local\Temp\VMBuilds\LCD_JDI_example\adafruit_adafruit_metro_m0\Debug/core.a(wiring.c.o)
 .comment       0x00000000       0x71 C:\Users\Kosala.Perera\AppData\Local\Temp\VMBuilds\LCD_JDI_example\adafruit_adafruit_metro_m0\Debug/core.a(wiring_analog.c.o)
 .comment       0x00000000       0x71 C:\Users\Kosala.Perera\AppData\Local\Temp\VMBuilds\LCD_JDI_example\adafruit_adafruit_metro_m0\Debug/core.a(wiring_digital.c.o)
 .comment       0x00000000       0x71 C:\Users\Kosala.Perera\AppData\Local\Temp\VMBuilds\LCD_JDI_example\adafruit_adafruit_metro_m0\Debug/core.a(wiring_private.c.o)
 .comment       0x00000000       0x71 C:\Users\Kosala.Perera\AppData\Local\Temp\VMBuilds\LCD_JDI_example\adafruit_adafruit_metro_m0\Debug/core.a(abi.cpp.o)
 .comment       0x00000000       0x71 C:\Users\Kosala.Perera\AppData\Local\Temp\VMBuilds\LCD_JDI_example\adafruit_adafruit_metro_m0\Debug/core.a(main.cpp.o)
 .comment       0x00000000       0x71 C:\Users\Kosala.Perera\AppData\Local\Temp\VMBuilds\LCD_JDI_example\adafruit_adafruit_metro_m0\Debug/core.a(Print.cpp.o)
 .comment       0x00000000       0x71 C:\Users\Kosala.Perera\AppData\Local\Temp\VMBuilds\LCD_JDI_example\adafruit_adafruit_metro_m0\Debug/core.a(Reset.cpp.o)
 .comment       0x00000000       0x71 C:\Users\Kosala.Perera\AppData\Local\Temp\VMBuilds\LCD_JDI_example\adafruit_adafruit_metro_m0\Debug/core.a(SERCOM.cpp.o)
 .comment       0x00000000       0x71 C:\Users\Kosala.Perera\AppData\Local\Temp\VMBuilds\LCD_JDI_example\adafruit_adafruit_metro_m0\Debug/core.a(Uart.cpp.o)
 .comment       0x00000000       0x71 C:\Users\Kosala.Perera\AppData\Local\Temp\VMBuilds\LCD_JDI_example\adafruit_adafruit_metro_m0\Debug/core.a(USBCore.cpp.o)
 .comment       0x00000000       0x71 C:\Users\Kosala.Perera\AppData\Local\Temp\VMBuilds\LCD_JDI_example\adafruit_adafruit_metro_m0\Debug/core.a(new.cpp.o)
 .comment       0x00000000       0x71 C:\Users\Kosala.Perera\AppData\Local\Temp\VMBuilds\LCD_JDI_example\adafruit_adafruit_metro_m0\Debug/core.a(RingBuffer.cpp.o)
 .comment       0x00000000       0x71 C:\Users\Kosala.Perera\AppData\Local\Temp\VMBuilds\LCD_JDI_example\adafruit_adafruit_metro_m0\Debug/core.a(CDC.cpp.o)
 .comment       0x00000000       0x71 C:\Users\Kosala.Perera\AppData\Local\Temp\VMBuilds\LCD_JDI_example\adafruit_adafruit_metro_m0\Debug/core.a(PluggableUSB.cpp.o)
 .comment       0x00000000       0x71 C:\Users\Kosala.Perera\AppData\Local\Temp\VMBuilds\LCD_JDI_example\adafruit_adafruit_metro_m0\Debug/core.a(SAMD21_USBDevice.cpp.o)

.debug_info     0x00000000    0x4db2a
 .debug_info    0x00000000     0x2cc6 C:\Users\Kosala.Perera\AppData\Local\Temp\VMBuilds\LCD_JDI_example\adafruit_adafruit_metro_m0\Debug\LCD_JDI_example.cpp.o
 .debug_info    0x00002cc6     0x6eac C:\Users\Kosala.Perera\AppData\Local\Temp\VMBuilds\LCD_JDI_example\adafruit_adafruit_metro_m0\Debug\Adafruit_GFX\Adafruit_GFX.cpp.o
 .debug_info    0x00009b72     0x507b C:\Users\Kosala.Perera\AppData\Local\Temp\VMBuilds\LCD_JDI_example\adafruit_adafruit_metro_m0\Debug\LCD_JDI\LCD_JDI.cpp.o